#
# There is insufficient memory for the Java Runtime Environment to continue.
# Native memory allocation (malloc) failed to allocate 1461696 bytes. Error detail: Chunk::new
# Possible reasons:
#   The system is out of physical RAM or swap space
#   This process is running with CompressedOops enabled, and the Java Heap may be blocking the growth of the native heap
# Possible solutions:
#   Reduce memory load on the system
#   Increase physical memory or swap space
#   Check if swap backing store is full
#   Decrease Java heap size (-Xmx/-Xms)
#   Decrease number of Java threads
#   Decrease Java thread stack sizes (-Xss)
#   Set larger code cache with -XX:ReservedCodeCacheSize=
#   JVM is running with Unscaled Compressed Oops mode in which the Java heap is
#     placed in the first 4GB address space. The Java Heap base address is the
#     maximum limit for the native heap growth. Please use -XX:HeapBaseMinAddress
#     to set the Java Heap base and to place the Java Heap above 4GB virtual address.
# This output file may be truncated or incomplete.
#
#  Out of Memory Error (arena.cpp:191), pid=15824, tid=7668
#
# JRE version: OpenJDK Runtime Environment Temurin-17.0.15+6 (17.0.15+6) (build 17.0.15+6)
# Java VM: OpenJDK 64-Bit Server VM Temurin-17.0.15+6 (17.0.15+6, mixed mode, sharing, tiered, compressed oops, compressed class ptrs, g1 gc, windows-amd64)
# No core dump will be written. Minidumps are not enabled by default on client versions of Windows
#

---------------  S U M M A R Y ------------

Command Line: org.jetbrains.kotlin.cli.jvm.K2JVMCompiler @D:\src\flutter\packages\flutter_tools\gradle\build\20260820_123196431390674653.compiler.options

Host: 12th Gen Intel(R) Core(TM) i5-12500H, 16 cores, 7G,  Windows 11 , 64 bit Build 26100 (10.0.26100.9168)
Time: Thu Aug 20 23:06:47 2026 SE Asia Standard Time elapsed time: 21.608749 seconds (0d 0h 0m 21s)

---------------  T H R E A D  ---------------

Current thread (0x0000026e705eb690):  JavaThread "C2 CompilerThread0" daemon [_thread_in_native, id=7668, stack(0x00000084fc800000,0x00000084fc900000)]


Current CompileTask:
C2:  21608 12679       4       org.jetbrains.kotlin.resolve.calls.util.CallUtilKt::getResolvedCall (30 bytes)

Stack: [0x00000084fc800000,0x00000084fc900000]
Native frames: (J=compiled Java code, j=interpreted, Vv=VM code, C=native code)
V  [jvm.dll+0x682fc9]
V  [jvm.dll+0x839878]
V  [jvm.dll+0x83b323]
V  [jvm.dll+0x83b993]
V  [jvm.dll+0x24725f]
V  [jvm.dll+0xacea4]
V  [jvm.dll+0xad53c]
V  [jvm.dll+0x365c6e]
V  [jvm.dll+0x32fe58]
V  [jvm.dll+0x32f2da]
V  [jvm.dll+0x21824f]
V  [jvm.dll+0x21768f]
V  [jvm.dll+0x1a31b0]
V  [jvm.dll+0x227a9c]
V  [jvm.dll+0x225bfb]
V  [jvm.dll+0x7ef018]
V  [jvm.dll+0x7e94dc]
V  [jvm.dll+0x681ea7]
C  [ucrtbase.dll+0x2cd30]
C  [KERNEL32.DLL+0x2ccb7]
C  [ntdll.dll+0xaad6c]


---------------  P R O C E S S  ---------------

Threads class SMR info:
_java_thread_list=0x0000026e712e23b0, length=16, elements={
0x0000026e5239bb40, 0x0000026e705c97d0, 0x0000026e705cb1a0, 0x0000026e705e84c0,
0x0000026e705e8e80, 0x0000026e705e9840, 0x0000026e705ea9a0, 0x0000026e705eb690,
0x0000026e705f1df0, 0x0000026e705f4650, 0x0000026e712c88f0, 0x0000026e712d17d0,
0x0000026e712d42a0, 0x0000026e71356330, 0x0000026e7135aed0, 0x0000026e712d5290
}

Java Threads: ( => current thread )
  0x0000026e5239bb40 JavaThread "main" [_thread_in_Java, id=30964, stack(0x00000084fbb00000,0x00000084fbc00000)]
  0x0000026e705c97d0 JavaThread "Reference Handler" daemon [_thread_blocked, id=4884, stack(0x00000084fc200000,0x00000084fc300000)]
  0x0000026e705cb1a0 JavaThread "Finalizer" daemon [_thread_blocked, id=34592, stack(0x00000084fc300000,0x00000084fc400000)]
  0x0000026e705e84c0 JavaThread "Signal Dispatcher" daemon [_thread_blocked, id=4832, stack(0x00000084fc400000,0x00000084fc500000)]
  0x0000026e705e8e80 JavaThread "Attach Listener" daemon [_thread_blocked, id=26236, stack(0x00000084fc500000,0x00000084fc600000)]
  0x0000026e705e9840 JavaThread "Service Thread" daemon [_thread_blocked, id=10408, stack(0x00000084fc600000,0x00000084fc700000)]
  0x0000026e705ea9a0 JavaThread "Monitor Deflation Thread" daemon [_thread_blocked, id=32316, stack(0x00000084fc700000,0x00000084fc800000)]
=>0x0000026e705eb690 JavaThread "C2 CompilerThread0" daemon [_thread_in_native, id=7668, stack(0x00000084fc800000,0x00000084fc900000)]
  0x0000026e705f1df0 JavaThread "C1 CompilerThread0" daemon [_thread_in_vm, id=19184, stack(0x00000084fc900000,0x00000084fca00000)]
  0x0000026e705f4650 JavaThread "Sweeper thread" daemon [_thread_blocked, id=15684, stack(0x00000084fca00000,0x00000084fcb00000)]
  0x0000026e712c88f0 JavaThread "C1 CompilerThread1" daemon [_thread_blocked, id=24568, stack(0x00000084fcb00000,0x00000084fcc00000)]
  0x0000026e712d17d0 JavaThread "C1 CompilerThread2" daemon [_thread_blocked, id=11368, stack(0x00000084fcc00000,0x00000084fcd00000)]
  0x0000026e712d42a0 JavaThread "C1 CompilerThread3" daemon [_thread_blocked, id=32256, stack(0x00000084fcd00000,0x00000084fce00000)]
  0x0000026e71356330 JavaThread "Notification Thread" daemon [_thread_blocked, id=8932, stack(0x00000084fce00000,0x00000084fcf00000)]
  0x0000026e7135aed0 JavaThread "Common-Cleaner" daemon [_thread_blocked, id=13996, stack(0x00000084fd000000,0x00000084fd100000)]
  0x0000026e712d5290 JavaThread "C2 CompilerThread1" daemon [_thread_in_native, id=28108, stack(0x00000084fd100000,0x00000084fd200000)]

Other Threads:
  0x0000026e705c3bf0 VMThread "VM Thread" [stack: 0x00000084fc100000,0x00000084fc200000] [id=30472]
  0x0000026e71356810 WatcherThread [stack: 0x00000084fcf00000,0x00000084fd000000] [id=10632]
  0x0000026e523f9080 GCTaskThread "GC Thread#0" [stack: 0x00000084fbc00000,0x00000084fbd00000] [id=31540]
  0x0000026e719152d0 GCTaskThread "GC Thread#1" [stack: 0x00000084fd200000,0x00000084fd300000] [id=31472]
  0x0000026e7191ffd0 GCTaskThread "GC Thread#2" [stack: 0x00000084fd300000,0x00000084fd400000] [id=9160]
  0x0000026e71920290 GCTaskThread "GC Thread#3" [stack: 0x00000084fd400000,0x00000084fd500000] [id=27332]
  0x0000026e71920550 GCTaskThread "GC Thread#4" [stack: 0x00000084fd500000,0x00000084fd600000] [id=22516]
  0x0000026e71924830 GCTaskThread "GC Thread#5" [stack: 0x00000084fd600000,0x00000084fd700000] [id=248]
  0x0000026e7197c010 GCTaskThread "GC Thread#6" [stack: 0x00000084fd700000,0x00000084fd800000] [id=30036]
  0x0000026e7197bd50 GCTaskThread "GC Thread#7" [stack: 0x00000084fd800000,0x00000084fd900000] [id=26240]
  0x0000026e7197acd0 GCTaskThread "GC Thread#8" [stack: 0x00000084fd900000,0x00000084fda00000] [id=32456]
  0x0000026e7197b510 GCTaskThread "GC Thread#9" [stack: 0x00000084fda00000,0x00000084fdb00000] [id=23260]
  0x0000026e7197af90 GCTaskThread "GC Thread#10" [stack: 0x00000084fe300000,0x00000084fe400000] [id=33360]
  0x0000026e764ea940 GCTaskThread "GC Thread#11" [stack: 0x00000084fe600000,0x00000084fe700000] [id=9476]
  0x0000026e764eaec0 GCTaskThread "GC Thread#12" [stack: 0x00000084fe700000,0x00000084fe800000] [id=4228]
  0x0000026e5240c2b0 ConcurrentGCThread "G1 Main Marker" [stack: 0x00000084fbd00000,0x00000084fbe00000] [id=22096]
  0x0000026e5240e380 ConcurrentGCThread "G1 Conc#0" [stack: 0x00000084fbe00000,0x00000084fbf00000] [id=30536]
  0x0000026e764eb9c0 ConcurrentGCThread "G1 Conc#1" [stack: 0x00000084fe400000,0x00000084fe500000] [id=8400]
  0x0000026e764eb180 ConcurrentGCThread "G1 Conc#2" [stack: 0x00000084fe500000,0x00000084fe600000] [id=17904]
  0x0000026e5244e2c0 ConcurrentGCThread "G1 Refine#0" [stack: 0x00000084fbf00000,0x00000084fc000000] [id=6332]
  0x0000026e7617b680 ConcurrentGCThread "G1 Refine#1" [stack: 0x00000084fdb00000,0x00000084fdc00000] [id=31848]
  0x0000026e76b8a590 ConcurrentGCThread "G1 Refine#2" [stack: 0x00000084fdc00000,0x00000084fdd00000] [id=27384]
  0x0000026e765c6330 ConcurrentGCThread "G1 Refine#3" [stack: 0x00000084fdd00000,0x00000084fde00000] [id=29796]
  0x0000026e76179f30 ConcurrentGCThread "G1 Refine#4" [stack: 0x00000084fde00000,0x00000084fdf00000] [id=1456]
  0x0000026e7617a220 ConcurrentGCThread "G1 Refine#5" [stack: 0x00000084fdf00000,0x00000084fe000000] [id=34112]
  0x0000026e76179080 ConcurrentGCThread "G1 Refine#6" [stack: 0x00000084fe000000,0x00000084fe100000] [id=32100]
  0x0000026e76179660 ConcurrentGCThread "G1 Refine#7" [stack: 0x00000084fe100000,0x00000084fe200000] [id=33108]
  0x0000026e7617a510 ConcurrentGCThread "G1 Refine#8" [stack: 0x00000084fe200000,0x00000084fe300000] [id=16200]
  0x0000026e5244ea90 ConcurrentGCThread "G1 Service" [stack: 0x00000084fc000000,0x00000084fc100000] [id=34604]

Threads with active compile tasks:
C2 CompilerThread0    21637 12679       4       org.jetbrains.kotlin.resolve.calls.util.CallUtilKt::getResolvedCall (30 bytes)
C2 CompilerThread1    21637 13007       4       org.jetbrains.kotlin.cfg.pseudocode.PseudocodeImpl::addInstruction (182 bytes)

VM state: not at safepoint (normal execution)

VM Mutex/Monitor currently owned by a thread: None

Heap address: 0x0000000084800000, size: 1976 MB, Compressed Oops mode: 32-bit

CDS archive(s) mapped at: [0x0000026e00000000-0x0000026e00bb0000-0x0000026e00bb0000), size 12255232, SharedBaseAddress: 0x0000026e00000000, ArchiveRelocationMode: 1.
Compressed class space mapped at: 0x0000026e01000000-0x0000026e41000000, reserved size: 1073741824
Narrow klass base: 0x0000026e00000000, Narrow klass shift: 0, Narrow klass range: 0x100000000

GC Precious Log:
 CPUs: 16 total, 16 available
 Memory: 7896M
 Large Page Support: Disabled
 NUMA Support: Disabled
 Compressed Oops: Enabled (32-bit)
 Heap Region Size: 1M
 Heap Min Capacity: 8M
 Heap Initial Capacity: 124M
 Heap Max Capacity: 1976M
 Pre-touch: Disabled
 Parallel Workers: 13
 Concurrent Workers: 3
 Concurrent Refinement Workers: 13
 Periodic GC: Disabled

Heap:
 garbage-first heap   total 148480K, used 98090K [0x0000000084800000, 0x0000000100000000)
  region size 1024K, 13 young (13312K), 2 survivors (2048K)
 Metaspace       used 57418K, committed 57856K, reserved 1114112K
  class space    used 6380K, committed 6592K, reserved 1048576K

Heap Regions: E=young(eden), S=young(survivor), O=old, HS=humongous(starts), HC=humongous(continues), CS=collection set, F=free, OA=open archive, CA=closed archive, TAMS=top-at-mark-start (previous, next)
|   0|0x0000000084800000, 0x0000000084900000, 0x0000000084900000|100%|HS|  |TAMS 0x0000000084900000, 0x0000000084800000| Complete 
|   1|0x0000000084900000, 0x0000000084a00000, 0x0000000084a00000|100%|HC|  |TAMS 0x0000000084a00000, 0x0000000084900000| Complete 
|   2|0x0000000084a00000, 0x0000000084b00000, 0x0000000084b00000|100%|HC|  |TAMS 0x0000000084b00000, 0x0000000084a00000| Complete 
|   3|0x0000000084b00000, 0x0000000084c00000, 0x0000000084c00000|100%| O|  |TAMS 0x0000000084c00000, 0x0000000084b00000| Untracked 
|   4|0x0000000084c00000, 0x0000000084d00000, 0x0000000084d00000|100%| O|  |TAMS 0x0000000084d00000, 0x0000000084c00000| Untracked 
|   5|0x0000000084d00000, 0x0000000084e00000, 0x0000000084e00000|100%| O|  |TAMS 0x0000000084e00000, 0x0000000084d00000| Untracked 
|   6|0x0000000084e00000, 0x0000000084f00000, 0x0000000084f00000|100%| O|  |TAMS 0x0000000084f00000, 0x0000000084e00000| Untracked 
|   7|0x0000000084f00000, 0x0000000085000000, 0x0000000085000000|100%| O|  |TAMS 0x0000000085000000, 0x0000000084f00000| Untracked 
|   8|0x0000000085000000, 0x0000000085100000, 0x0000000085100000|100%| O|  |TAMS 0x0000000085100000, 0x0000000085000000| Untracked 
|   9|0x0000000085100000, 0x0000000085200000, 0x0000000085200000|100%| O|  |TAMS 0x0000000085200000, 0x0000000085100000| Untracked 
|  10|0x0000000085200000, 0x0000000085300000, 0x0000000085300000|100%| O|  |TAMS 0x0000000085300000, 0x0000000085200000| Untracked 
|  11|0x0000000085300000, 0x0000000085400000, 0x0000000085400000|100%| O|  |TAMS 0x0000000085400000, 0x0000000085300000| Untracked 
|  12|0x0000000085400000, 0x0000000085500000, 0x0000000085500000|100%| O|  |TAMS 0x0000000085500000, 0x0000000085400000| Untracked 
|  13|0x0000000085500000, 0x0000000085600000, 0x0000000085600000|100%|HS|  |TAMS 0x0000000085600000, 0x0000000085500000| Complete 
|  14|0x0000000085600000, 0x0000000085700000, 0x0000000085700000|100%| O|  |TAMS 0x0000000085700000, 0x0000000085600000| Untracked 
|  15|0x0000000085700000, 0x0000000085800000, 0x0000000085800000|100%| O|  |TAMS 0x0000000085800000, 0x0000000085700000| Untracked 
|  16|0x0000000085800000, 0x0000000085900000, 0x0000000085900000|100%| O|  |TAMS 0x0000000085900000, 0x0000000085800000| Untracked 
|  17|0x0000000085900000, 0x0000000085900000, 0x0000000085a00000|  0%| F|  |TAMS 0x0000000085900000, 0x0000000085900000| Untracked 
|  18|0x0000000085a00000, 0x0000000085b00000, 0x0000000085b00000|100%| O|  |TAMS 0x0000000085b00000, 0x0000000085a00000| Untracked 
|  19|0x0000000085b00000, 0x0000000085c00000, 0x0000000085c00000|100%| O|  |TAMS 0x0000000085c00000, 0x0000000085b00000| Untracked 
|  20|0x0000000085c00000, 0x0000000085d00000, 0x0000000085d00000|100%| O|  |TAMS 0x0000000085d00000, 0x0000000085c00000| Untracked 
|  21|0x0000000085d00000, 0x0000000085e00000, 0x0000000085e00000|100%| O|  |TAMS 0x0000000085e00000, 0x0000000085d00000| Untracked 
|  22|0x0000000085e00000, 0x0000000085f00000, 0x0000000085f00000|100%| O|  |TAMS 0x0000000085f00000, 0x0000000085e00000| Untracked 
|  23|0x0000000085f00000, 0x0000000086000000, 0x0000000086000000|100%| O|  |TAMS 0x0000000086000000, 0x0000000085f00000| Untracked 
|  24|0x0000000086000000, 0x0000000086100000, 0x0000000086100000|100%| O|  |TAMS 0x0000000086100000, 0x0000000086000000| Untracked 
|  25|0x0000000086100000, 0x0000000086200000, 0x0000000086200000|100%| O|  |TAMS 0x0000000086200000, 0x0000000086100000| Complete 
|  26|0x0000000086200000, 0x0000000086300000, 0x0000000086300000|100%| O|  |TAMS 0x0000000086300000, 0x0000000086200000| Untracked 
|  27|0x0000000086300000, 0x0000000086400000, 0x0000000086400000|100%|HS|  |TAMS 0x0000000086400000, 0x0000000086300000| Complete 
|  28|0x0000000086400000, 0x0000000086500000, 0x0000000086500000|100%|HC|  |TAMS 0x0000000086500000, 0x0000000086400000| Complete 
|  29|0x0000000086500000, 0x0000000086600000, 0x0000000086600000|100%|HC|  |TAMS 0x0000000086600000, 0x0000000086500000| Complete 
|  30|0x0000000086600000, 0x0000000086700000, 0x0000000086700000|100%|HC|  |TAMS 0x0000000086700000, 0x0000000086600000| Complete 
|  31|0x0000000086700000, 0x0000000086800000, 0x0000000086800000|100%|HC|  |TAMS 0x0000000086800000, 0x0000000086700000| Complete 
|  32|0x0000000086800000, 0x0000000086900000, 0x0000000086900000|100%|HC|  |TAMS 0x0000000086900000, 0x0000000086800000| Complete 
|  33|0x0000000086900000, 0x0000000086a00000, 0x0000000086a00000|100%|HS|  |TAMS 0x0000000086a00000, 0x0000000086900000| Complete 
|  34|0x0000000086a00000, 0x0000000086b00000, 0x0000000086b00000|100%|HS|  |TAMS 0x0000000086b00000, 0x0000000086a00000| Complete 
|  35|0x0000000086b00000, 0x0000000086c00000, 0x0000000086c00000|100%|HC|  |TAMS 0x0000000086c00000, 0x0000000086b00000| Complete 
|  36|0x0000000086c00000, 0x0000000086d00000, 0x0000000086d00000|100%|HS|  |TAMS 0x0000000086d00000, 0x0000000086c00000| Complete 
|  37|0x0000000086d00000, 0x0000000086e00000, 0x0000000086e00000|100%| O|  |TAMS 0x0000000086e00000, 0x0000000086d00000| Untracked 
|  38|0x0000000086e00000, 0x0000000086f00000, 0x0000000086f00000|100%| O|  |TAMS 0x0000000086f00000, 0x0000000086e00000| Untracked 
|  39|0x0000000086f00000, 0x0000000087000000, 0x0000000087000000|100%| O|  |TAMS 0x0000000087000000, 0x0000000086f00000| Untracked 
|  40|0x0000000087000000, 0x0000000087100000, 0x0000000087100000|100%| O|  |TAMS 0x0000000087100000, 0x0000000087000000| Untracked 
|  41|0x0000000087100000, 0x0000000087200000, 0x0000000087200000|100%| O|  |TAMS 0x0000000087200000, 0x0000000087100000| Untracked 
|  42|0x0000000087200000, 0x0000000087300000, 0x0000000087300000|100%| O|  |TAMS 0x0000000087300000, 0x0000000087200000| Untracked 
|  43|0x0000000087300000, 0x0000000087400000, 0x0000000087400000|100%| O|  |TAMS 0x0000000087400000, 0x0000000087300000| Untracked 
|  44|0x0000000087400000, 0x0000000087500000, 0x0000000087500000|100%| O|  |TAMS 0x0000000087500000, 0x0000000087400000| Untracked 
|  45|0x0000000087500000, 0x0000000087600000, 0x0000000087600000|100%| O|  |TAMS 0x0000000087600000, 0x0000000087500000| Untracked 
|  46|0x0000000087600000, 0x0000000087700000, 0x0000000087700000|100%| O|  |TAMS 0x0000000087700000, 0x0000000087600000| Untracked 
|  47|0x0000000087700000, 0x0000000087800000, 0x0000000087800000|100%| O|  |TAMS 0x0000000087800000, 0x0000000087700000| Untracked 
|  48|0x0000000087800000, 0x0000000087900000, 0x0000000087900000|100%| O|  |TAMS 0x0000000087900000, 0x0000000087800000| Untracked 
|  49|0x0000000087900000, 0x0000000087a00000, 0x0000000087a00000|100%| O|  |TAMS 0x0000000087a00000, 0x0000000087900000| Untracked 
|  50|0x0000000087a00000, 0x0000000087b00000, 0x0000000087b00000|100%| O|  |TAMS 0x0000000087b00000, 0x0000000087a00000| Untracked 
|  51|0x0000000087b00000, 0x0000000087c00000, 0x0000000087c00000|100%| O|  |TAMS 0x0000000087c00000, 0x0000000087b00000| Untracked 
|  52|0x0000000087c00000, 0x0000000087d00000, 0x0000000087d00000|100%| O|  |TAMS 0x0000000087d00000, 0x0000000087c00000| Untracked 
|  53|0x0000000087d00000, 0x0000000087e00000, 0x0000000087e00000|100%| O|  |TAMS 0x0000000087e00000, 0x0000000087d00000| Untracked 
|  54|0x0000000087e00000, 0x0000000087f00000, 0x0000000087f00000|100%| O|  |TAMS 0x0000000087f00000, 0x0000000087e00000| Untracked 
|  55|0x0000000087f00000, 0x0000000088000000, 0x0000000088000000|100%| O|  |TAMS 0x0000000088000000, 0x0000000087f00000| Untracked 
|  56|0x0000000088000000, 0x0000000088100000, 0x0000000088100000|100%| O|  |TAMS 0x0000000088100000, 0x0000000088000000| Untracked 
|  57|0x0000000088100000, 0x0000000088200000, 0x0000000088200000|100%| O|  |TAMS 0x0000000088200000, 0x0000000088100000| Untracked 
|  58|0x0000000088200000, 0x0000000088300000, 0x0000000088300000|100%| O|  |TAMS 0x0000000088300000, 0x0000000088200000| Untracked 
|  59|0x0000000088300000, 0x0000000088400000, 0x0000000088400000|100%| O|  |TAMS 0x0000000088400000, 0x0000000088300000| Untracked 
|  60|0x0000000088400000, 0x0000000088500000, 0x0000000088500000|100%| O|  |TAMS 0x0000000088500000, 0x0000000088400000| Untracked 
|  61|0x0000000088500000, 0x0000000088600000, 0x0000000088600000|100%| O|  |TAMS 0x0000000088600000, 0x0000000088500000| Untracked 
|  62|0x0000000088600000, 0x0000000088700000, 0x0000000088700000|100%| O|  |TAMS 0x0000000088700000, 0x0000000088600000| Untracked 
|  63|0x0000000088700000, 0x0000000088800000, 0x0000000088800000|100%| O|  |TAMS 0x0000000088800000, 0x0000000088700000| Untracked 
|  64|0x0000000088800000, 0x0000000088900000, 0x0000000088900000|100%| O|  |TAMS 0x0000000088900000, 0x0000000088800000| Untracked 
|  65|0x0000000088900000, 0x0000000088a00000, 0x0000000088a00000|100%| O|  |TAMS 0x0000000088a00000, 0x0000000088900000| Untracked 
|  66|0x0000000088a00000, 0x0000000088b00000, 0x0000000088b00000|100%| O|  |TAMS 0x0000000088b00000, 0x0000000088a00000| Untracked 
|  67|0x0000000088b00000, 0x0000000088c00000, 0x0000000088c00000|100%| O|  |TAMS 0x0000000088c00000, 0x0000000088b00000| Untracked 
|  68|0x0000000088c00000, 0x0000000088d00000, 0x0000000088d00000|100%| O|  |TAMS 0x0000000088d00000, 0x0000000088c00000| Untracked 
|  69|0x0000000088d00000, 0x0000000088e00000, 0x0000000088e00000|100%| O|  |TAMS 0x0000000088e00000, 0x0000000088d00000| Untracked 
|  70|0x0000000088e00000, 0x0000000088f00000, 0x0000000088f00000|100%|HS|  |TAMS 0x0000000088f00000, 0x0000000088e00000| Complete 
|  71|0x0000000088f00000, 0x0000000089000000, 0x0000000089000000|100%|HC|  |TAMS 0x0000000089000000, 0x0000000088f00000| Complete 
|  72|0x0000000089000000, 0x0000000089100000, 0x0000000089100000|100%| O|  |TAMS 0x0000000089100000, 0x0000000089000000| Untracked 
|  73|0x0000000089100000, 0x0000000089200000, 0x0000000089200000|100%| O|  |TAMS 0x0000000089200000, 0x0000000089100000| Untracked 
|  74|0x0000000089200000, 0x0000000089300000, 0x0000000089300000|100%| O|  |TAMS 0x0000000089300000, 0x0000000089200000| Untracked 
|  75|0x0000000089300000, 0x0000000089400000, 0x0000000089400000|100%| O|  |TAMS 0x0000000089400000, 0x0000000089300000| Untracked 
|  76|0x0000000089400000, 0x0000000089500000, 0x0000000089500000|100%| O|  |TAMS 0x0000000089500000, 0x0000000089400000| Untracked 
|  77|0x0000000089500000, 0x0000000089600000, 0x0000000089600000|100%| O|  |TAMS 0x0000000089600000, 0x0000000089500000| Untracked 
|  78|0x0000000089600000, 0x0000000089700000, 0x0000000089700000|100%| O|  |TAMS 0x0000000089700000, 0x0000000089600000| Untracked 
|  79|0x0000000089700000, 0x0000000089800000, 0x0000000089800000|100%| O|  |TAMS 0x0000000089800000, 0x0000000089700000| Untracked 
|  80|0x0000000089800000, 0x0000000089900000, 0x0000000089900000|100%| O|  |TAMS 0x0000000089900000, 0x0000000089800000| Untracked 
|  81|0x0000000089900000, 0x0000000089a00000, 0x0000000089a00000|100%| O|  |TAMS 0x0000000089a00000, 0x0000000089900000| Untracked 
|  82|0x0000000089a00000, 0x0000000089b00000, 0x0000000089b00000|100%| O|  |TAMS 0x0000000089b00000, 0x0000000089a00000| Untracked 
|  83|0x0000000089b00000, 0x0000000089c00000, 0x0000000089c00000|100%| O|  |TAMS 0x0000000089c00000, 0x0000000089b00000| Untracked 
|  84|0x0000000089c00000, 0x0000000089d00000, 0x0000000089d00000|100%| O|  |TAMS 0x0000000089d00000, 0x0000000089c00000| Untracked 
|  85|0x0000000089d00000, 0x0000000089d00000, 0x0000000089e00000|  0%| F|  |TAMS 0x0000000089d00000, 0x0000000089d00000| Untracked 
|  86|0x0000000089e00000, 0x0000000089e00000, 0x0000000089f00000|  0%| F|  |TAMS 0x0000000089e00000, 0x0000000089e00000| Untracked 
|  87|0x0000000089f00000, 0x0000000089f00000, 0x000000008a000000|  0%| F|  |TAMS 0x0000000089f00000, 0x0000000089f00000| Untracked 
|  88|0x000000008a000000, 0x000000008a000000, 0x000000008a100000|  0%| F|  |TAMS 0x000000008a000000, 0x000000008a000000| Untracked 
|  89|0x000000008a100000, 0x000000008a100000, 0x000000008a200000|  0%| F|  |TAMS 0x000000008a100000, 0x000000008a100000| Untracked 
|  90|0x000000008a200000, 0x000000008a200000, 0x000000008a300000|  0%| F|  |TAMS 0x000000008a200000, 0x000000008a200000| Untracked 
|  91|0x000000008a300000, 0x000000008a300000, 0x000000008a400000|  0%| F|  |TAMS 0x000000008a300000, 0x000000008a300000| Untracked 
|  92|0x000000008a400000, 0x000000008a400000, 0x000000008a500000|  0%| F|  |TAMS 0x000000008a400000, 0x000000008a400000| Untracked 
|  93|0x000000008a500000, 0x000000008a500000, 0x000000008a600000|  0%| F|  |TAMS 0x000000008a500000, 0x000000008a500000| Untracked 
|  94|0x000000008a600000, 0x000000008a600000, 0x000000008a700000|  0%| F|  |TAMS 0x000000008a600000, 0x000000008a600000| Untracked 
|  95|0x000000008a700000, 0x000000008a700000, 0x000000008a800000|  0%| F|  |TAMS 0x000000008a700000, 0x000000008a700000| Untracked 
|  96|0x000000008a800000, 0x000000008a800000, 0x000000008a900000|  0%| F|  |TAMS 0x000000008a800000, 0x000000008a800000| Untracked 
|  97|0x000000008a900000, 0x000000008a900000, 0x000000008aa00000|  0%| F|  |TAMS 0x000000008a900000, 0x000000008a900000| Untracked 
|  98|0x000000008aa00000, 0x000000008aa00000, 0x000000008ab00000|  0%| F|  |TAMS 0x000000008aa00000, 0x000000008aa00000| Untracked 
|  99|0x000000008ab00000, 0x000000008ab00000, 0x000000008ac00000|  0%| F|  |TAMS 0x000000008ab00000, 0x000000008ab00000| Untracked 
| 100|0x000000008ac00000, 0x000000008ac00000, 0x000000008ad00000|  0%| F|  |TAMS 0x000000008ac00000, 0x000000008ac00000| Untracked 
| 101|0x000000008ad00000, 0x000000008ad00000, 0x000000008ae00000|  0%| F|  |TAMS 0x000000008ad00000, 0x000000008ad00000| Untracked 
| 102|0x000000008ae00000, 0x000000008ae00000, 0x000000008af00000|  0%| F|  |TAMS 0x000000008ae00000, 0x000000008ae00000| Untracked 
| 103|0x000000008af00000, 0x000000008af00000, 0x000000008b000000|  0%| F|  |TAMS 0x000000008af00000, 0x000000008af00000| Untracked 
| 104|0x000000008b000000, 0x000000008b000000, 0x000000008b100000|  0%| F|  |TAMS 0x000000008b000000, 0x000000008b000000| Untracked 
| 105|0x000000008b100000, 0x000000008b100000, 0x000000008b200000|  0%| F|  |TAMS 0x000000008b100000, 0x000000008b100000| Untracked 
| 106|0x000000008b200000, 0x000000008b200000, 0x000000008b300000|  0%| F|  |TAMS 0x000000008b200000, 0x000000008b200000| Untracked 
| 107|0x000000008b300000, 0x000000008b3ca800, 0x000000008b400000| 79%| S|CS|TAMS 0x000000008b300000, 0x000000008b300000| Complete 
| 108|0x000000008b400000, 0x000000008b500000, 0x000000008b500000|100%| S|CS|TAMS 0x000000008b400000, 0x000000008b400000| Complete 
| 109|0x000000008b500000, 0x000000008b500000, 0x000000008b600000|  0%| F|  |TAMS 0x000000008b500000, 0x000000008b500000| Untracked 
| 110|0x000000008b600000, 0x000000008b600000, 0x000000008b700000|  0%| F|  |TAMS 0x000000008b600000, 0x000000008b600000| Untracked 
| 111|0x000000008b700000, 0x000000008b700000, 0x000000008b800000|  0%| F|  |TAMS 0x000000008b700000, 0x000000008b700000| Untracked 
| 112|0x000000008b800000, 0x000000008b800000, 0x000000008b900000|  0%| F|  |TAMS 0x000000008b800000, 0x000000008b800000| Untracked 
| 113|0x000000008b900000, 0x000000008b900000, 0x000000008ba00000|  0%| F|  |TAMS 0x000000008b900000, 0x000000008b900000| Untracked 
| 114|0x000000008ba00000, 0x000000008ba00000, 0x000000008bb00000|  0%| F|  |TAMS 0x000000008ba00000, 0x000000008ba00000| Untracked 
| 115|0x000000008bb00000, 0x000000008bb00000, 0x000000008bc00000|  0%| F|  |TAMS 0x000000008bb00000, 0x000000008bb00000| Untracked 
| 116|0x000000008bc00000, 0x000000008bc00000, 0x000000008bd00000|  0%| F|  |TAMS 0x000000008bc00000, 0x000000008bc00000| Untracked 
| 117|0x000000008bd00000, 0x000000008bd00000, 0x000000008be00000|  0%| F|  |TAMS 0x000000008bd00000, 0x000000008bd00000| Untracked 
| 118|0x000000008be00000, 0x000000008be00000, 0x000000008bf00000|  0%| F|  |TAMS 0x000000008be00000, 0x000000008be00000| Untracked 
| 119|0x000000008bf00000, 0x000000008bf00000, 0x000000008c000000|  0%| F|  |TAMS 0x000000008bf00000, 0x000000008bf00000| Untracked 
| 120|0x000000008c000000, 0x000000008c000000, 0x000000008c100000|  0%| F|  |TAMS 0x000000008c000000, 0x000000008c000000| Untracked 
| 121|0x000000008c100000, 0x000000008c100000, 0x000000008c200000|  0%| F|  |TAMS 0x000000008c100000, 0x000000008c100000| Untracked 
| 122|0x000000008c200000, 0x000000008c200000, 0x000000008c300000|  0%| F|  |TAMS 0x000000008c200000, 0x000000008c200000| Untracked 
| 123|0x000000008c300000, 0x000000008c300000, 0x000000008c400000|  0%| F|  |TAMS 0x000000008c300000, 0x000000008c300000| Untracked 
| 124|0x000000008c400000, 0x000000008c400000, 0x000000008c500000|  0%| F|  |TAMS 0x000000008c400000, 0x000000008c400000| Untracked 
| 125|0x000000008c500000, 0x000000008c500000, 0x000000008c600000|  0%| F|  |TAMS 0x000000008c500000, 0x000000008c500000| Untracked 
| 126|0x000000008c600000, 0x000000008c600000, 0x000000008c700000|  0%| F|  |TAMS 0x000000008c600000, 0x000000008c600000| Untracked 
| 127|0x000000008c700000, 0x000000008c700000, 0x000000008c800000|  0%| F|  |TAMS 0x000000008c700000, 0x000000008c700000| Untracked 
| 128|0x000000008c800000, 0x000000008c800000, 0x000000008c900000|  0%| F|  |TAMS 0x000000008c800000, 0x000000008c800000| Untracked 
| 129|0x000000008c900000, 0x000000008c900000, 0x000000008ca00000|  0%| F|  |TAMS 0x000000008c900000, 0x000000008c900000| Untracked 
| 130|0x000000008ca00000, 0x000000008ca00000, 0x000000008cb00000|  0%| F|  |TAMS 0x000000008ca00000, 0x000000008ca00000| Untracked 
| 131|0x000000008cb00000, 0x000000008cb00000, 0x000000008cc00000|  0%| F|  |TAMS 0x000000008cb00000, 0x000000008cb00000| Untracked 
| 132|0x000000008cc00000, 0x000000008cc00000, 0x000000008cd00000|  0%| F|  |TAMS 0x000000008cc00000, 0x000000008cc00000| Untracked 
| 133|0x000000008cd00000, 0x000000008cd00000, 0x000000008ce00000|  0%| F|  |TAMS 0x000000008cd00000, 0x000000008cd00000| Untracked 
| 134|0x000000008ce00000, 0x000000008cf00000, 0x000000008cf00000|100%| E|  |TAMS 0x000000008ce00000, 0x000000008ce00000| Complete 
| 135|0x000000008cf00000, 0x000000008d000000, 0x000000008d000000|100%| E|CS|TAMS 0x000000008cf00000, 0x000000008cf00000| Complete 
| 136|0x000000008d000000, 0x000000008d100000, 0x000000008d100000|100%| E|CS|TAMS 0x000000008d000000, 0x000000008d000000| Complete 
| 137|0x000000008d100000, 0x000000008d200000, 0x000000008d200000|100%| E|CS|TAMS 0x000000008d100000, 0x000000008d100000| Complete 
| 138|0x000000008d200000, 0x000000008d300000, 0x000000008d300000|100%| E|CS|TAMS 0x000000008d200000, 0x000000008d200000| Complete 
| 139|0x000000008d300000, 0x000000008d400000, 0x000000008d400000|100%| E|CS|TAMS 0x000000008d300000, 0x000000008d300000| Complete 
| 140|0x000000008d400000, 0x000000008d500000, 0x000000008d500000|100%| E|CS|TAMS 0x000000008d400000, 0x000000008d400000| Complete 
| 141|0x000000008d500000, 0x000000008d600000, 0x000000008d600000|100%| E|CS|TAMS 0x000000008d500000, 0x000000008d500000| Complete 
| 142|0x000000008d600000, 0x000000008d700000, 0x000000008d700000|100%| E|CS|TAMS 0x000000008d600000, 0x000000008d600000| Complete 
| 143|0x000000008d700000, 0x000000008d800000, 0x000000008d800000|100%| E|CS|TAMS 0x000000008d700000, 0x000000008d700000| Complete 
| 144|0x000000008d800000, 0x000000008d900000, 0x000000008d900000|100%| E|CS|TAMS 0x000000008d800000, 0x000000008d800000| Complete 

Card table byte_map: [0x0000026e69b50000,0x0000026e69f30000] _byte_map_base: 0x0000026e6972c000

Marking Bits (Prev, Next): (CMBitMap*) 0x0000026e523fb5b0, (CMBitMap*) 0x0000026e523fb5f0
 Prev Bits: [0x0000026e6a310000, 0x0000026e6c1f0000)
 Next Bits: [0x0000026e6c1f0000, 0x0000026e6e0d0000)

Polling page: 0x0000026e50290000

Metaspace:

Usage:
  Non-class:     49.84 MB used.
      Class:      6.23 MB used.
       Both:     56.07 MB used.

Virtual space:
  Non-class space:       64.00 MB reserved,      50.06 MB ( 78%) committed,  1 nodes.
      Class space:        1.00 GB reserved,       6.44 MB ( <1%) committed,  1 nodes.
             Both:        1.06 GB reserved,      56.50 MB (  5%) committed. 

Chunk freelists:
   Non-Class:  13.30 MB
       Class:  9.54 MB
        Both:  22.84 MB

MaxMetaspaceSize: unlimited
CompressedClassSpaceSize: 1.00 GB
Initial GC threshold: 21.00 MB
Current GC threshold: 93.69 MB
CDS: on
MetaspaceReclaimPolicy: balanced
 - commit_granule_bytes: 65536.
 - commit_granule_words: 8192.
 - virtual_space_node_default_size: 8388608.
 - enlarge_chunks_in_place: 1.
 - new_chunks_are_fully_committed: 0.
 - uncommit_free_chunks: 1.
 - use_allocation_guard: 0.
 - handle_deallocations: 1.


Internal statistics:

num_allocs_failed_limit: 6.
num_arena_births: 386.
num_arena_deaths: 0.
num_vsnodes_births: 2.
num_vsnodes_deaths: 0.
num_space_committed: 902.
num_space_uncommitted: 0.
num_chunks_returned_to_freelist: 6.
num_chunks_taken_from_freelist: 2588.
num_chunk_merges: 6.
num_chunk_splits: 1944.
num_chunks_enlarged: 1649.
num_inconsistent_stats: 0.

CodeHeap 'non-profiled nmethods': size=119168Kb used=5881Kb max_used=5932Kb free=113286Kb
 bounds [0x0000026e61a90000, 0x0000026e62070000, 0x0000026e68ef0000]
CodeHeap 'profiled nmethods': size=119104Kb used=33508Kb max_used=33508Kb free=85595Kb
 bounds [0x0000026e59ef0000, 0x0000026e5bfc0000, 0x0000026e61340000]
CodeHeap 'non-nmethods': size=7488Kb used=3004Kb max_used=3082Kb free=4484Kb
 bounds [0x0000026e61340000, 0x0000026e61650000, 0x0000026e61a90000]
 total_blobs=11551 nmethods=10923 adapters=535
 compilation: enabled
              stopped_count=0, restarted_count=0
 full_count=0

Compilation events (20 events):
Event: 20.588 Thread 0x0000026e705f1df0 nmethod 13056 0x0000026e5bf89d90 code [0x0000026e5bf8a120, 0x0000026e5bf8b908]
Event: 20.588 Thread 0x0000026e705f1df0 13058       3       org.jetbrains.kotlin.psi.KtUserType::getTypeArguments (28 bytes)
Event: 20.589 Thread 0x0000026e705f1df0 nmethod 13058 0x0000026e5bf8c010 code [0x0000026e5bf8c280, 0x0000026e5bf8ce68]
Event: 20.591 Thread 0x0000026e712d42a0 nmethod 13055 0x0000026e5bf8d210 code [0x0000026e5bf8dce0, 0x0000026e5bf94c88]
Event: 20.593 Thread 0x0000026e712d42a0 13059       3       org.jetbrains.kotlin.resolve.jvm.checkers.BadInheritedJavaSignaturesCheckerKt::access$findFirstBadJavaSignatureOverridden (5 bytes)
Event: 20.593 Thread 0x0000026e705f1df0 13060       3       org.jetbrains.kotlin.resolve.jvm.checkers.BadInheritedJavaSignaturesCheckerKt::findFirstBadJavaSignatureOverridden (90 bytes)
Event: 20.593 Thread 0x0000026e712d42a0 nmethod 13059 0x0000026e5aaee390 code [0x0000026e5aaee520, 0x0000026e5aaee628]
Event: 20.594 Thread 0x0000026e705f1df0 nmethod 13060 0x0000026e5bf96b10 code [0x0000026e5bf96d80, 0x0000026e5bf97b18]
Event: 20.595 Thread 0x0000026e705f1df0 13061       3       org.jetbrains.kotlin.psi.KtUserType::getTypeArgumentsAsTypes (57 bytes)
Event: 20.595 Thread 0x0000026e712d42a0 13062       3       org.jetbrains.kotlin.resolve.annotations.AnnotationUtilKt::hasJvmStaticAnnotation (29 bytes)
Event: 20.596 Thread 0x0000026e705f1df0 nmethod 13061 0x0000026e5bf97d90 code [0x0000026e5bf98080, 0x0000026e5bf993e8]
Event: 20.596 Thread 0x0000026e712d42a0 nmethod 13062 0x0000026e5bf99990 code [0x0000026e5bf99bc0, 0x0000026e5bf9a318]
Event: 20.597 Thread 0x0000026e712d17d0 13063       3       org.jetbrains.kotlin.util.DeclarationUtilKt::getNonPrivateTraitMembersForDelegation (47 bytes)
Event: 20.597 Thread 0x0000026e705f1df0 13064       3       org.jetbrains.kotlin.util.DeclarationUtilKt::findInterfaceImplementation (78 bytes)
Event: 20.597 Thread 0x0000026e712c88f0 13065       3       org.jetbrains.kotlin.util.DeclarationUtilKt::findImplementationFromInterface (129 bytes)
Event: 20.597 Thread 0x0000026e712d42a0 13066       3       org.jetbrains.kotlin.resolve.lazy.descriptors.LazyClassDescriptor::getDeclaredTypeParameters (22 bytes)
Event: 20.597 Thread 0x0000026e712d17d0 nmethod 13063 0x0000026e5bf9a590 code [0x0000026e5bf9a820, 0x0000026e5bf9b3d8]
Event: 20.598 Thread 0x0000026e705f1df0 nmethod 13064 0x0000026e5bf9b790 code [0x0000026e5bf9ba60, 0x0000026e5bf9c618]
Event: 20.598 Thread 0x0000026e712d42a0 nmethod 13066 0x0000026e5bf9c990 code [0x0000026e5bf9cb40, 0x0000026e5bf9ce98]
Event: 20.598 Thread 0x0000026e712d42a0 13067       1       org.jetbrains.kotlin.descriptors.Visibility::customEffectiveVisibility (2 bytes)

GC Heap History (20 events):
Event: 8.755 GC heap before
{Heap before GC invocations=11 (full 0):
 garbage-first heap   total 115712K, used 90023K [0x0000000084800000, 0x0000000100000000)
  region size 1024K, 39 young (39936K), 6 survivors (6144K)
 Metaspace       used 51556K, committed 51968K, reserved 1114112K
  class space    used 6026K, committed 6208K, reserved 1048576K
}
Event: 8.780 GC heap after
{Heap after GC invocations=12 (full 0):
 garbage-first heap   total 115712K, used 61436K [0x0000000084800000, 0x0000000100000000)
  region size 1024K, 5 young (5120K), 5 survivors (5120K)
 Metaspace       used 51556K, committed 51968K, reserved 1114112K
  class space    used 6026K, committed 6208K, reserved 1048576K
}
Event: 9.919 GC heap before
{Heap before GC invocations=12 (full 0):
 garbage-first heap   total 115712K, used 91132K [0x0000000084800000, 0x0000000100000000)
  region size 1024K, 34 young (34816K), 5 survivors (5120K)
 Metaspace       used 53050K, committed 53376K, reserved 1114112K
  class space    used 6112K, committed 6272K, reserved 1048576K
}
Event: 9.945 GC heap after
{Heap after GC invocations=13 (full 0):
 garbage-first heap   total 139264K, used 64940K [0x0000000084800000, 0x0000000100000000)
  region size 1024K, 4 young (4096K), 4 survivors (4096K)
 Metaspace       used 53050K, committed 53376K, reserved 1114112K
  class space    used 6112K, committed 6272K, reserved 1048576K
}
Event: 11.722 GC heap before
{Heap before GC invocations=14 (full 0):
 garbage-first heap   total 139264K, used 108972K [0x0000000084800000, 0x0000000100000000)
  region size 1024K, 46 young (47104K), 4 survivors (4096K)
 Metaspace       used 54132K, committed 54528K, reserved 1114112K
  class space    used 6152K, committed 6336K, reserved 1048576K
}
Event: 11.735 GC heap after
{Heap after GC invocations=15 (full 0):
 garbage-first heap   total 139264K, used 70923K [0x0000000084800000, 0x0000000100000000)
  region size 1024K, 6 young (6144K), 6 survivors (6144K)
 Metaspace       used 54132K, committed 54528K, reserved 1114112K
  class space    used 6152K, committed 6336K, reserved 1048576K
}
Event: 13.558 GC heap before
{Heap before GC invocations=15 (full 0):
 garbage-first heap   total 139264K, used 109835K [0x0000000084800000, 0x0000000100000000)
  region size 1024K, 44 young (45056K), 6 survivors (6144K)
 Metaspace       used 54728K, committed 55040K, reserved 1114112K
  class space    used 6170K, committed 6336K, reserved 1048576K
}
Event: 13.575 GC heap after
{Heap after GC invocations=16 (full 0):
 garbage-first heap   total 139264K, used 75776K [0x0000000084800000, 0x0000000100000000)
  region size 1024K, 5 young (5120K), 5 survivors (5120K)
 Metaspace       used 54728K, committed 55040K, reserved 1114112K
  class space    used 6170K, committed 6336K, reserved 1048576K
}
Event: 15.717 GC heap before
{Heap before GC invocations=17 (full 0):
 garbage-first heap   total 139264K, used 112640K [0x0000000084800000, 0x0000000100000000)
  region size 1024K, 39 young (39936K), 5 survivors (5120K)
 Metaspace       used 55001K, committed 55424K, reserved 1114112K
  class space    used 6179K, committed 6400K, reserved 1048576K
}
Event: 15.734 GC heap after
{Heap after GC invocations=18 (full 0):
 garbage-first heap   total 139264K, used 82062K [0x0000000084800000, 0x0000000100000000)
  region size 1024K, 4 young (4096K), 4 survivors (4096K)
 Metaspace       used 55001K, committed 55424K, reserved 1114112K
  class space    used 6179K, committed 6400K, reserved 1048576K
}
Event: 15.794 GC heap before
{Heap before GC invocations=18 (full 0):
 garbage-first heap   total 139264K, used 84110K [0x0000000084800000, 0x0000000100000000)
  region size 1024K, 6 young (6144K), 4 survivors (4096K)
 Metaspace       used 55040K, committed 55488K, reserved 1114112K
  class space    used 6180K, committed 6400K, reserved 1048576K
}
Event: 15.802 GC heap after
{Heap after GC invocations=19 (full 0):
 garbage-first heap   total 139264K, used 81784K [0x0000000084800000, 0x0000000100000000)
  region size 1024K, 1 young (1024K), 1 survivors (1024K)
 Metaspace       used 55040K, committed 55488K, reserved 1114112K
  class space    used 6180K, committed 6400K, reserved 1048576K
}
Event: 17.220 GC heap before
{Heap before GC invocations=19 (full 0):
 garbage-first heap   total 139264K, used 112504K [0x0000000084800000, 0x0000000100000000)
  region size 1024K, 31 young (31744K), 1 survivors (1024K)
 Metaspace       used 55462K, committed 55872K, reserved 1114112K
  class space    used 6222K, committed 6400K, reserved 1048576K
}
Event: 17.229 GC heap after
{Heap after GC invocations=20 (full 0):
 garbage-first heap   total 139264K, used 84304K [0x0000000084800000, 0x0000000100000000)
  region size 1024K, 4 young (4096K), 4 survivors (4096K)
 Metaspace       used 55462K, committed 55872K, reserved 1114112K
  class space    used 6222K, committed 6400K, reserved 1048576K
}
Event: 18.491 GC heap before
{Heap before GC invocations=21 (full 0):
 garbage-first heap   total 145408K, used 112976K [0x0000000084800000, 0x0000000100000000)
  region size 1024K, 32 young (32768K), 4 survivors (4096K)
 Metaspace       used 55826K, committed 56256K, reserved 1114112K
  class space    used 6249K, committed 6464K, reserved 1048576K
}
Event: 18.502 GC heap after
{Heap after GC invocations=22 (full 0):
 garbage-first heap   total 145408K, used 86440K [0x0000000084800000, 0x0000000100000000)
  region size 1024K, 3 young (3072K), 3 survivors (3072K)
 Metaspace       used 55826K, committed 56256K, reserved 1114112K
  class space    used 6249K, committed 6464K, reserved 1048576K
}
Event: 18.744 GC heap before
{Heap before GC invocations=22 (full 0):
 garbage-first heap   total 145408K, used 90536K [0x0000000084800000, 0x0000000100000000)
  region size 1024K, 7 young (7168K), 3 survivors (3072K)
 Metaspace       used 55845K, committed 56256K, reserved 1114112K
  class space    used 6249K, committed 6464K, reserved 1048576K
}
Event: 18.750 GC heap after
{Heap after GC invocations=23 (full 0):
 garbage-first heap   total 145408K, used 86445K [0x0000000084800000, 0x0000000100000000)
  region size 1024K, 1 young (1024K), 1 survivors (1024K)
 Metaspace       used 55845K, committed 56256K, reserved 1114112K
  class space    used 6249K, committed 6464K, reserved 1048576K
}
Event: 20.218 GC heap before
{Heap before GC invocations=23 (full 0):
 garbage-first heap   total 145408K, used 119213K [0x0000000084800000, 0x0000000100000000)
  region size 1024K, 33 young (33792K), 1 survivors (1024K)
 Metaspace       used 57107K, committed 57536K, reserved 1114112K
  class space    used 6356K, committed 6592K, reserved 1048576K
}
Event: 20.224 GC heap after
{Heap after GC invocations=24 (full 0):
 garbage-first heap   total 145408K, used 87850K [0x0000000084800000, 0x0000000100000000)
  region size 1024K, 2 young (2048K), 2 survivors (2048K)
 Metaspace       used 57107K, committed 57536K, reserved 1114112K
  class space    used 6356K, committed 6592K, reserved 1048576K
}

Dll operation events (7 events):
Event: 0.007 Loaded shared library C:\Program Files\Eclipse Adoptium\jdk-17.0.15.6-hotspot\bin\java.dll
Event: 0.025 Loaded shared library C:\Program Files\Eclipse Adoptium\jdk-17.0.15.6-hotspot\bin\jsvml.dll
Event: 0.055 Loaded shared library C:\Program Files\Eclipse Adoptium\jdk-17.0.15.6-hotspot\bin\net.dll
Event: 0.056 Loaded shared library C:\Program Files\Eclipse Adoptium\jdk-17.0.15.6-hotspot\bin\nio.dll
Event: 0.082 Loaded shared library C:\Program Files\Eclipse Adoptium\jdk-17.0.15.6-hotspot\bin\zip.dll
Event: 0.110 Loaded shared library C:\Program Files\Eclipse Adoptium\jdk-17.0.15.6-hotspot\bin\jimage.dll
Event: 1.575 Loaded shared library C:\Program Files\Eclipse Adoptium\jdk-17.0.15.6-hotspot\bin\verify.dll

Deoptimization events (20 events):
Event: 19.970 Thread 0x0000026e5239bb40 Uncommon trap: trap_request=0xffffffde fr.pc=0x0000026e61d84928 relative=0x0000000000000088
Event: 19.970 Thread 0x0000026e5239bb40 Uncommon trap: reason=class_check action=maybe_recompile pc=0x0000026e61d84928 method=org.jetbrains.kotlin.com.intellij.psi.impl.source.tree.SharedImplUtil.getFirstChild(Lorg/jetbrains/kotlin/com/intellij/lang/ASTNode;)Lorg/jetbrains/kotlin/com/intellij/p
Event: 19.970 Thread 0x0000026e5239bb40 DEOPT PACKING pc=0x0000026e61d84928 sp=0x00000084fbbfe330
Event: 19.970 Thread 0x0000026e5239bb40 DEOPT UNPACKING pc=0x0000026e613969a3 sp=0x00000084fbbfe268 mode 2
Event: 20.568 Thread 0x0000026e5239bb40 Uncommon trap: trap_request=0xffffffc6 fr.pc=0x0000026e61fa1870 relative=0x00000000000010d0
Event: 20.568 Thread 0x0000026e5239bb40 Uncommon trap: reason=bimorphic_or_optimized_type_check action=maybe_recompile pc=0x0000026e61fa1870 method=java.util.concurrent.ConcurrentHashMap.putVal(Ljava/lang/Object;Ljava/lang/Object;Z)Ljava/lang/Object; @ 242 c2
Event: 20.568 Thread 0x0000026e5239bb40 DEOPT PACKING pc=0x0000026e61fa1870 sp=0x00000084fbbfe4d0
Event: 20.569 Thread 0x0000026e5239bb40 DEOPT UNPACKING pc=0x0000026e613969a3 sp=0x00000084fbbfe440 mode 2
Event: 20.569 Thread 0x0000026e5239bb40 Uncommon trap: trap_request=0xffffffc6 fr.pc=0x0000026e61fa1870 relative=0x00000000000010d0
Event: 20.569 Thread 0x0000026e5239bb40 Uncommon trap: reason=bimorphic_or_optimized_type_check action=maybe_recompile pc=0x0000026e61fa1870 method=java.util.concurrent.ConcurrentHashMap.putVal(Ljava/lang/Object;Ljava/lang/Object;Z)Ljava/lang/Object; @ 242 c2
Event: 20.569 Thread 0x0000026e5239bb40 DEOPT PACKING pc=0x0000026e61fa1870 sp=0x00000084fbbfe4d0
Event: 20.569 Thread 0x0000026e5239bb40 DEOPT UNPACKING pc=0x0000026e613969a3 sp=0x00000084fbbfe440 mode 2
Event: 20.571 Thread 0x0000026e5239bb40 Uncommon trap: trap_request=0xffffffc6 fr.pc=0x0000026e61fa1870 relative=0x00000000000010d0
Event: 20.571 Thread 0x0000026e5239bb40 Uncommon trap: reason=bimorphic_or_optimized_type_check action=maybe_recompile pc=0x0000026e61fa1870 method=java.util.concurrent.ConcurrentHashMap.putVal(Ljava/lang/Object;Ljava/lang/Object;Z)Ljava/lang/Object; @ 242 c2
Event: 20.571 Thread 0x0000026e5239bb40 DEOPT PACKING pc=0x0000026e61fa1870 sp=0x00000084fbbfe4d0
Event: 20.571 Thread 0x0000026e5239bb40 DEOPT UNPACKING pc=0x0000026e613969a3 sp=0x00000084fbbfe440 mode 2
Event: 20.571 Thread 0x0000026e5239bb40 Uncommon trap: trap_request=0xffffffc6 fr.pc=0x0000026e61fa1870 relative=0x00000000000010d0
Event: 20.572 Thread 0x0000026e5239bb40 Uncommon trap: reason=bimorphic_or_optimized_type_check action=maybe_recompile pc=0x0000026e61fa1870 method=java.util.concurrent.ConcurrentHashMap.putVal(Ljava/lang/Object;Ljava/lang/Object;Z)Ljava/lang/Object; @ 242 c2
Event: 20.572 Thread 0x0000026e5239bb40 DEOPT PACKING pc=0x0000026e61fa1870 sp=0x00000084fbbfe4d0
Event: 20.572 Thread 0x0000026e5239bb40 DEOPT UNPACKING pc=0x0000026e613969a3 sp=0x00000084fbbfe440 mode 2

Classes loaded (20 events):
Event: 5.851 Loading class java/util/EnumMap$EntrySet
Event: 5.851 Loading class java/util/EnumMap$EntrySet done
Event: 5.852 Loading class java/util/EnumMap$EntryIterator
Event: 5.852 Loading class java/util/EnumMap$EnumMapIterator
Event: 5.852 Loading class java/util/EnumMap$EnumMapIterator done
Event: 5.852 Loading class java/util/EnumMap$EntryIterator done
Event: 5.852 Loading class java/util/EnumMap$EntryIterator$Entry
Event: 5.852 Loading class java/util/EnumMap$EntryIterator$Entry done
Event: 6.578 Loading class java/util/RegularEnumSet$EnumSetIterator
Event: 6.578 Loading class java/util/RegularEnumSet$EnumSetIterator done
Event: 8.882 Loading class java/util/Collections$2
Event: 8.883 Loading class java/util/Collections$2 done
Event: 11.307 Loading class java/util/concurrent/locks/AbstractQueuedSynchronizer$Node
Event: 11.308 Loading class java/util/concurrent/locks/AbstractQueuedSynchronizer$Node done
Event: 18.066 Loading class java/util/regex/Pattern$Bound
Event: 18.067 Loading class java/util/regex/Pattern$Bound done
Event: 18.067 Loading class java/util/regex/Pattern$LookBehindEndNode
Event: 18.067 Loading class java/util/regex/Pattern$LookBehindEndNode done
Event: 18.067 Loading class java/util/regex/Pattern$NotBehind
Event: 18.068 Loading class java/util/regex/Pattern$NotBehind done

Classes unloaded (0 events):
No events

Classes redefined (0 events):
No events

Internal exceptions (20 events):
Event: 8.026 Thread 0x0000026e5239bb40 Implicit null exception at 0x0000026e61d24208 to 0x0000026e61d2adf8
Event: 8.026 Thread 0x0000026e5239bb40 Implicit null exception at 0x0000026e61d24208 to 0x0000026e61d2adf8
Event: 8.026 Thread 0x0000026e5239bb40 Implicit null exception at 0x0000026e61d24208 to 0x0000026e61d2adf8
Event: 8.026 Thread 0x0000026e5239bb40 Implicit null exception at 0x0000026e61d24208 to 0x0000026e61d2adf8
Event: 8.027 Thread 0x0000026e5239bb40 Implicit null exception at 0x0000026e61d8ff85 to 0x0000026e61d958d0
Event: 8.033 Thread 0x0000026e5239bb40 Implicit null exception at 0x0000026e61d774e5 to 0x0000026e61d77e48
Event: 8.301 Thread 0x0000026e5239bb40 Exception <a 'java/lang/NoSuchMethodError'{0x000000008a085588}: 'java.lang.Object java.lang.invoke.DirectMethodHandle$Holder.newInvokeSpecial(java.lang.Object, int, java.lang.Object, java.lang.Object)'> (0x000000008a085588) 
thrown [s\src\hotspot\share\interpreter\linkResolver.cpp, line 759]
Event: 8.301 Thread 0x0000026e5239bb40 Exception <a 'java/lang/NoSuchMethodError'{0x000000008a089cd8}: 'java.lang.Object java.lang.invoke.DirectMethodHandle$Holder.invokeSpecial(java.lang.Object, java.lang.Object, int, java.lang.Object, java.lang.Object)'> (0x000000008a089cd8) 
thrown [s\src\hotspot\share\interpreter\linkResolver.cpp, line 759]
Event: 8.847 Thread 0x0000026e5239bb40 Exception <a 'java/lang/NoSuchMethodError'{0x000000008b6b3db8}: 'java.lang.Object java.lang.invoke.DirectMethodHandle$Holder.invokeInterface(java.lang.Object, java.lang.Object, java.lang.Object)'> (0x000000008b6b3db8) 
thrown [s\src\hotspot\share\interpreter\linkResolver.cpp, line 759]
Event: 8.847 Thread 0x0000026e5239bb40 Exception <a 'java/lang/IncompatibleClassChangeError'{0x000000008b6b7728}: Found class java.lang.Object, but interface was expected> (0x000000008b6b7728) 
thrown [s\src\hotspot\share\interpreter\linkResolver.cpp, line 826]
Event: 9.039 Thread 0x0000026e5239bb40 Exception <a 'java/lang/NoSuchMethodError'{0x000000008b03e5d0}: 'java.lang.Object java.lang.invoke.DirectMethodHandle$Holder.invokeStatic(java.lang.Object, java.lang.Object, int, java.lang.Object)'> (0x000000008b03e5d0) 
thrown [s\src\hotspot\share\interpreter\linkResolver.cpp, line 759]
Event: 9.040 Thread 0x0000026e5239bb40 Exception <a 'java/lang/NoSuchMethodError'{0x000000008b046850}: 'java.lang.Object java.lang.invoke.DirectMethodHandle$Holder.newInvokeSpecial(java.lang.Object, java.lang.Object, int, java.lang.Object)'> (0x000000008b046850) 
thrown [s\src\hotspot\share\interpreter\linkResolver.cpp, line 759]
Event: 9.041 Thread 0x0000026e5239bb40 Exception <a 'java/lang/NoSuchMethodError'{0x000000008b04b150}: 'java.lang.Object java.lang.invoke.DirectMethodHandle$Holder.invokeSpecial(java.lang.Object, java.lang.Object, java.lang.Object, int, java.lang.Object)'> (0x000000008b04b150) 
thrown [s\src\hotspot\share\interpreter\linkResolver.cpp, line 759]
Event: 9.041 Thread 0x0000026e5239bb40 Exception <a 'java/lang/NoSuchMethodError'{0x000000008b04f320}: 'java.lang.Object java.lang.invoke.Invokers$Holder.linkToTargetMethod(java.lang.Object, int, java.lang.Object, java.lang.Object)'> (0x000000008b04f320) 
thrown [s\src\hotspot\share\interpreter\linkResolver.cpp, line 759]
Event: 12.910 Thread 0x0000026e5239bb40 Implicit null exception at 0x0000026e61afd58f to 0x0000026e61afdb40
Event: 13.005 Thread 0x0000026e5239bb40 Implicit null exception at 0x0000026e61e57017 to 0x0000026e61e590dc
Event: 19.861 Thread 0x0000026e5239bb40 Exception <a 'java/lang/NoSuchMethodError'{0x000000008c2f5380}: 'java.lang.Object java.lang.invoke.DirectMethodHandle$Holder.newInvokeSpecial(java.lang.Object, java.lang.Object, java.lang.Object, java.lang.Object, java.lang.Object, java.lang.Object, java.lang.Object, int)'> (0x000000008c2f5380) 
thrown [s\src\hotspot\share\interpreter\linkResolver.cpp, line 759]
Event: 19.862 Thread 0x0000026e5239bb40 Exception <a 'java/lang/NoSuchMethodError'{0x000000008c2fa6d0}: 'java.lang.Object java.lang.invoke.DirectMethodHandle$Holder.invokeSpecial(java.lang.Object, java.lang.Object, java.lang.Object, java.lang.Object, java.lang.Object, java.lang.Object, java.lang.Object, java.lang.Object, int)'> (0x000000008c2fa6d0) 
thrown [s\src\hotspot\share\interpreter\linkResolver.cpp, line 759]
Event: 19.866 Thread 0x0000026e5239bb40 Exception <a 'java/lang/NoSuchMethodError'{0x000000008c2ff198}: 'java.lang.Object java.lang.invoke.Invokers$Holder.linkToTargetMethod(java.lang.Object, java.lang.Object, java.lang.Object, java.lang.Object, java.lang.Object, java.lang.Object, int, java.lang.Object)'> (0x000000008c2ff198) 
thrown [s\src\hotspot\share\interpreter\linkResolver.cpp, line 759]
Event: 19.894 Thread 0x0000026e5239bb40 Implicit null exception at 0x0000026e61b2e60f to 0x0000026e61b2eb4c

VM Operations (20 events):
Event: 19.149 Executing VM operation: HandshakeAllThreads done
Event: 19.159 Executing VM operation: ICBufferFull
Event: 19.159 Executing VM operation: ICBufferFull done
Event: 19.797 Executing VM operation: ICBufferFull
Event: 19.797 Executing VM operation: ICBufferFull done
Event: 19.837 Executing VM operation: HandshakeAllThreads
Event: 19.837 Executing VM operation: HandshakeAllThreads done
Event: 19.989 Executing VM operation: HandshakeAllThreads
Event: 19.989 Executing VM operation: HandshakeAllThreads done
Event: 20.079 Executing VM operation: ICBufferFull
Event: 20.079 Executing VM operation: ICBufferFull done
Event: 20.218 Executing VM operation: G1CollectForAllocation
Event: 20.224 Executing VM operation: G1CollectForAllocation done
Event: 20.287 Executing VM operation: G1PauseRemark
Event: 20.302 Executing VM operation: G1PauseRemark done
Event: 20.322 Executing VM operation: G1PauseCleanup
Event: 20.323 Executing VM operation: G1PauseCleanup done
Event: 20.573 Executing VM operation: ICBufferFull
Event: 20.573 Executing VM operation: ICBufferFull done
Event: 21.588 Executing VM operation: Cleanup

Memory protections (0 events):
No events

Nmethod flushes (20 events):
Event: 19.139 Thread 0x0000026e705f4650 flushing  nmethod 0x0000026e5b707390
Event: 19.139 Thread 0x0000026e705f4650 flushing  nmethod 0x0000026e5b709290
Event: 19.139 Thread 0x0000026e705f4650 flushing  nmethod 0x0000026e5b73f610
Event: 19.139 Thread 0x0000026e705f4650 flushing  nmethod 0x0000026e5b748790
Event: 19.139 Thread 0x0000026e705f4650 flushing  nmethod 0x0000026e5b752190
Event: 19.139 Thread 0x0000026e705f4650 flushing  nmethod 0x0000026e5b7ce310
Event: 19.139 Thread 0x0000026e705f4650 flushing  nmethod 0x0000026e5b7d2a10
Event: 19.140 Thread 0x0000026e705f4650 flushing  nmethod 0x0000026e5b85af90
Event: 19.140 Thread 0x0000026e705f4650 flushing  nmethod 0x0000026e5b8ed890
Event: 19.140 Thread 0x0000026e705f4650 flushing  nmethod 0x0000026e5b8eea10
Event: 19.140 Thread 0x0000026e705f4650 flushing  nmethod 0x0000026e5b99c990
Event: 19.141 Thread 0x0000026e705f4650 flushing  nmethod 0x0000026e5b9fda10
Event: 19.142 Thread 0x0000026e705f4650 flushing  nmethod 0x0000026e5bb90910
Event: 19.142 Thread 0x0000026e705f4650 flushing  nmethod 0x0000026e5bc28d90
Event: 19.143 Thread 0x0000026e705f4650 flushing  nmethod 0x0000026e5bc8ce10
Event: 19.143 Thread 0x0000026e705f4650 flushing  nmethod 0x0000026e5bc8e810
Event: 19.143 Thread 0x0000026e705f4650 flushing  nmethod 0x0000026e5bc9b110
Event: 19.143 Thread 0x0000026e705f4650 flushing  nmethod 0x0000026e5bce2890
Event: 19.144 Thread 0x0000026e705f4650 flushing  nmethod 0x0000026e5bd89c90
Event: 19.144 Thread 0x0000026e705f4650 flushing  nmethod 0x0000026e5bde7410

Events (16 events):
Event: 0.025 Thread 0x0000026e5239bb40 Thread added: 0x0000026e5239bb40
Event: 0.027 Thread 0x0000026e5239bb40 Thread added: 0x0000026e705c97d0
Event: 0.027 Thread 0x0000026e5239bb40 Thread added: 0x0000026e705cb1a0
Event: 0.035 Thread 0x0000026e5239bb40 Thread added: 0x0000026e705e84c0
Event: 0.035 Thread 0x0000026e5239bb40 Thread added: 0x0000026e705e8e80
Event: 0.035 Thread 0x0000026e5239bb40 Thread added: 0x0000026e705e9840
Event: 0.035 Thread 0x0000026e5239bb40 Thread added: 0x0000026e705ea9a0
Event: 0.035 Thread 0x0000026e5239bb40 Thread added: 0x0000026e705eb690
Event: 0.035 Thread 0x0000026e5239bb40 Thread added: 0x0000026e705f1df0
Event: 0.035 Thread 0x0000026e5239bb40 Thread added: 0x0000026e705f4650
Event: 0.048 Thread 0x0000026e705f1df0 Thread added: 0x0000026e712c88f0
Event: 0.048 Thread 0x0000026e705f1df0 Thread added: 0x0000026e712d17d0
Event: 0.048 Thread 0x0000026e705f1df0 Thread added: 0x0000026e712d42a0
Event: 0.050 Thread 0x0000026e5239bb40 Thread added: 0x0000026e71356330
Event: 0.052 Thread 0x0000026e5239bb40 Thread added: 0x0000026e7135aed0
Event: 0.077 Thread 0x0000026e705eb690 Thread added: 0x0000026e712d5290


Dynamic libraries:
0x00007ff7c0b30000 - 0x00007ff7c0b3e000 	C:\Program Files\Eclipse Adoptium\jdk-17.0.15.6-hotspot\bin\java.exe
0x00007ffff21a0000 - 0x00007ffff2406000 	C:\WINDOWS\SYSTEM32\ntdll.dll
0x00007ffff0a70000 - 0x00007ffff0b39000 	C:\WINDOWS\System32\KERNEL32.DLL
0x00007fffef680000 - 0x00007fffefa7f000 	C:\WINDOWS\System32\KERNELBASE.dll
0x00007fffef520000 - 0x00007fffef66c000 	C:\WINDOWS\System32\ucrtbase.dll
0x00007fffa2720000 - 0x00007fffa2737000 	C:\Program Files\Eclipse Adoptium\jdk-17.0.15.6-hotspot\bin\jli.dll
0x00007fffac5f0000 - 0x00007fffac60e000 	C:\Program Files\Eclipse Adoptium\jdk-17.0.15.6-hotspot\bin\VCRUNTIME140.dll
0x00007ffff16e0000 - 0x00007ffff18a6000 	C:\WINDOWS\System32\USER32.dll
0x00007fffdc0d0000 - 0x00007fffdc361000 	C:\WINDOWS\WinSxS\amd64_microsoft.windows.common-controls_6595b64144ccf1df_6.0.26100.8972_none_3e0da176e32f9d4b\COMCTL32.dll
0x00007fffef4f0000 - 0x00007fffef517000 	C:\WINDOWS\System32\win32u.dll
0x00007ffff0b50000 - 0x00007ffff0bf9000 	C:\WINDOWS\System32\msvcrt.dll
0x00007ffff0180000 - 0x00007ffff01ab000 	C:\WINDOWS\System32\GDI32.dll
0x00007fffefc10000 - 0x00007fffefd39000 	C:\WINDOWS\System32\gdi32full.dll
0x00007fffef3b0000 - 0x00007fffef453000 	C:\WINDOWS\System32\msvcp_win.dll
0x00007ffff1f40000 - 0x00007ffff1f72000 	C:\WINDOWS\System32\IMM32.DLL
0x00007fffe6190000 - 0x00007fffe619c000 	C:\Program Files\Eclipse Adoptium\jdk-17.0.15.6-hotspot\bin\vcruntime140_1.dll
0x00007fffa2690000 - 0x00007fffa271d000 	C:\Program Files\Eclipse Adoptium\jdk-17.0.15.6-hotspot\bin\msvcp140.dll
0x00007fff15550000 - 0x00007fff161bb000 	C:\Program Files\Eclipse Adoptium\jdk-17.0.15.6-hotspot\bin\server\jvm.dll
0x00007ffff00b0000 - 0x00007ffff016c000 	C:\WINDOWS\System32\ADVAPI32.dll
0x00007ffff02d0000 - 0x00007ffff037a000 	C:\WINDOWS\System32\sechost.dll
0x00007ffff1c50000 - 0x00007ffff1d68000 	C:\WINDOWS\System32\RPCRT4.dll
0x00007ffff0c00000 - 0x00007ffff0c82000 	C:\WINDOWS\System32\WS2_32.dll
0x00007fffef210000 - 0x00007fffef26e000 	C:\WINDOWS\SYSTEM32\POWRPROF.dll
0x00007fffdf7b0000 - 0x00007fffdf7e6000 	C:\WINDOWS\SYSTEM32\WINMM.dll
0x00007fffe50a0000 - 0x00007fffe50ab000 	C:\WINDOWS\SYSTEM32\VERSION.dll
0x00007fffef1f0000 - 0x00007fffef205000 	C:\WINDOWS\SYSTEM32\UMPDC.dll
0x00007fffee070000 - 0x00007fffee08b000 	C:\WINDOWS\SYSTEM32\kernel.appcore.dll
0x00007fffcb680000 - 0x00007fffcb68a000 	C:\Program Files\Eclipse Adoptium\jdk-17.0.15.6-hotspot\bin\jimage.dll
0x00007fffec970000 - 0x00007fffecbb2000 	C:\WINDOWS\SYSTEM32\DBGHELP.DLL
0x00007ffff18b0000 - 0x00007ffff1c35000 	C:\WINDOWS\System32\combase.dll
0x00007fffefed0000 - 0x00007fffeffa9000 	C:\WINDOWS\System32\OLEAUT32.dll
0x00007fffe95b0000 - 0x00007fffe95eb000 	C:\WINDOWS\SYSTEM32\dbgcore.DLL
0x00007fffefb50000 - 0x00007fffefbfc000 	C:\WINDOWS\System32\bcryptPrimitives.dll
0x00007fffa2660000 - 0x00007fffa2685000 	C:\Program Files\Eclipse Adoptium\jdk-17.0.15.6-hotspot\bin\java.dll
0x00007fffa2580000 - 0x00007fffa2657000 	C:\Program Files\Eclipse Adoptium\jdk-17.0.15.6-hotspot\bin\jsvml.dll
0x00007ffff0f50000 - 0x00007ffff16d8000 	C:\WINDOWS\System32\SHELL32.dll
0x00007fffece40000 - 0x00007fffed6db000 	C:\WINDOWS\SYSTEM32\windows.storage.dll
0x00007ffff0ce0000 - 0x00007ffff0dd9000 	C:\WINDOWS\System32\SHCORE.dll
0x00007fffeffc0000 - 0x00007ffff0026000 	C:\WINDOWS\System32\shlwapi.dll
0x00007fffef2d0000 - 0x00007fffef2f9000 	C:\WINDOWS\SYSTEM32\profapi.dll
0x00007fffa2560000 - 0x00007fffa2579000 	C:\Program Files\Eclipse Adoptium\jdk-17.0.15.6-hotspot\bin\net.dll
0x00007fffe50b0000 - 0x00007fffe51d8000 	C:\WINDOWS\SYSTEM32\WINHTTP.dll
0x00007fffee650000 - 0x00007fffee6bc000 	C:\WINDOWS\system32\mswsock.dll
0x00007fffa2540000 - 0x00007fffa2556000 	C:\Program Files\Eclipse Adoptium\jdk-17.0.15.6-hotspot\bin\nio.dll
0x00007fffa2520000 - 0x00007fffa2538000 	C:\Program Files\Eclipse Adoptium\jdk-17.0.15.6-hotspot\bin\zip.dll
0x00007fffa2510000 - 0x00007fffa2520000 	C:\Program Files\Eclipse Adoptium\jdk-17.0.15.6-hotspot\bin\verify.dll

dbghelp: loaded successfully - version: 4.0.5 - missing functions: none
symbol engine: initialized successfully - sym options: 0x614 - pdb path: .;C:\Program Files\Eclipse Adoptium\jdk-17.0.15.6-hotspot\bin;C:\WINDOWS\SYSTEM32;C:\WINDOWS\WinSxS\amd64_microsoft.windows.common-controls_6595b64144ccf1df_6.0.26100.8972_none_3e0da176e32f9d4b;C:\Program Files\Eclipse Adoptium\jdk-17.0.15.6-hotspot\bin\server

VM Arguments:
java_command: org.jetbrains.kotlin.cli.jvm.K2JVMCompiler @D:\src\flutter\packages\flutter_tools\gradle\build\20260820_123196431390674653.compiler.options
java_class_path (initial): C:\Users\Acer\.gradle\caches\modules-2\files-2.1\org.jetbrains.kotlin\kotlin-compiler-embeddable\2.0.21\79346ed53db48b18312a472602eb5c057070c54d\kotlin-compiler-embeddable-2.0.21.jar;C:\Users\Acer\.gradle\caches\modules-2\files-2.1\org.jetbrains.kotlin\kotlin-stdlib\2.0.21\618b539767b4899b4660a83006e052b63f1db551\kotlin-stdlib-2.0.21.jar;C:\Users\Acer\.gradle\caches\modules-2\files-2.1\org.jetbrains.kotlin\kotlin-script-runtime\2.0.21\c9b044380ad41f89aa89aa896c2d32a8c0b2129d\kotlin-script-runtime-2.0.21.jar;C:\Users\Acer\.gradle\caches\modules-2\files-2.1\org.jetbrains.kotlin\kotlin-reflect\1.6.10\1cbe9c92c12a94eea200d23c2bbaedaf3daf5132\kotlin-reflect-1.6.10.jar;C:\Users\Acer\.gradle\caches\modules-2\files-2.1\org.jetbrains.kotlin\kotlin-daemon-embeddable\2.0.21\c9e933b23287de9b5a17e2116b4657bb91aea72c\kotlin-daemon-embeddable-2.0.21.jar;C:\Users\Acer\.gradle\caches\modules-2\files-2.1\org.jetbrains.intellij.deps\trove4j\1.0.20200330\3afb14d5f9ceb459d724e907a21145e8ff394f02\trove4j-1.0.20200330.jar;C:\Users\Acer\.gradle\caches\modules-2\files-2.1\org.jetbrains.kotlinx\kotlinx-coroutines-core-jvm\1.6.4\2c997cd1c0ef33f3e751d3831929aeff1390cb30\kotlinx-coroutines-core-jvm-1.6.4.jar;C:\Users\Acer\.gradle\caches\modules-2\files-2.1\org.jetbrains\annotations\13.0\919f0dfe192fb4e063e7dacadee7f8bb9a2672a9\annotations-13.0.jar
Launcher Type: SUN_STANDARD

[Global flags]
     intx CICompilerCount                          = 12                                        {product} {ergonomic}
     uint ConcGCThreads                            = 3                                         {product} {ergonomic}
     uint G1ConcRefinementThreads                  = 13                                        {product} {ergonomic}
   size_t G1HeapRegionSize                         = 1048576                                   {product} {ergonomic}
    uintx GCDrainStackTargetSize                   = 64                                        {product} {ergonomic}
   size_t InitialHeapSize                          = 130023424                                 {product} {ergonomic}
   size_t MarkStackSize                            = 4194304                                   {product} {ergonomic}
   size_t MaxHeapSize                              = 2071986176                                {product} {ergonomic}
   size_t MaxNewSize                               = 1242562560                                {product} {ergonomic}
   size_t MinHeapDeltaBytes                        = 1048576                                   {product} {ergonomic}
   size_t MinHeapSize                              = 8388608                                   {product} {ergonomic}
    uintx NonNMethodCodeHeapSize                   = 7602480                                {pd product} {ergonomic}
    uintx NonProfiledCodeHeapSize                  = 122027880                              {pd product} {ergonomic}
    uintx ProfiledCodeHeapSize                     = 122027880                              {pd product} {ergonomic}
    uintx ReservedCodeCacheSize                    = 251658240                              {pd product} {ergonomic}
     bool SegmentedCodeCache                       = true                                      {product} {ergonomic}
   size_t SoftMaxHeapSize                          = 2071986176                             {manageable} {ergonomic}
     bool UseCompressedClassPointers               = true                           {product lp64_product} {ergonomic}
     bool UseCompressedOops                        = true                           {product lp64_product} {ergonomic}
     bool UseG1GC                                  = true                                      {product} {ergonomic}
     bool UseLargePagesIndividualAllocation        = false                                  {pd product} {ergonomic}

Logging:
Log output configuration:
 #0: stdout all=warning uptime,level,tags
 #1: stderr all=off uptime,level,tags

Environment Variables:
JAVA_HOME=C:\Program Files\Eclipse Adoptium\jdk-17.0.15.6-hotspot
CLASSPATH=D:\Kuliah\Ta\New folder\Mobile\android\\gradle\wrapper\gradle-wrapper.jar
PATH=C:\Program Files\Eclipse Adoptium\jdk-17.0.15.6-hotspot\bin;D:\src\flutter\bin\;C:\Program Files\Eclipse Adoptium\jdk-17.0.15.6-hotspot\bin;C:\Program Files\Eclipse Adoptium\jdk-21.0.5.11-hotspot\bin;C:\Program Files\Common Files\Oracle\Java\javapath;C:\WINDOWS\system32;C:\WINDOWS;C:\WINDOWS\System32\Wbem;C:\WINDOWS\System32\WindowsPowerShell\v1.0\;C:\WINDOWS\System32\OpenSSH\;C:\xampp\php;C:\ProgramData\ComposerSetup\bin;C:\xampp\php\php.exe;C:\Program Files\Git\cmd;C:\android\sdk\cmdline-tools\latest\cmdline-tools\bin;C:\android\sdk\cmdline-tools\latest\cmdline-tools;D:\src\flutter\bin;C:\Program Files\NVIDIA Corporation\NVIDIA app\NvDLISR;C:\Program Files (x86)\NVIDIA Corporation\PhysX\Common;C:\Program Files\Go\bin;C:\Program Files\nodejs\;C:\Program Files\Erlang OTP\bin;C:\Program Files\RabbitMQ Server\rabbitmq_server-4.0.7\sbin;C:\Program Files\PuTTY\;C:\Program Files\Docker\Docker\resources\bin;C:\Users\Acer\AppData\Roaming\npm;C:\Users\Acer\.local\bin;C:\Users\Acer\AppData\Local\Programs\Antigravity IDE\bin;C:\Users\Acer\AppData\Local\Microsoft\WindowsApps;c:\Users\Acer\.antigravity-ide\extensions\vscjava.vscode-java-debug-0.59.0-universal\bundled\scripts\noConfigScripts;c:\Users\Acer\.antigravity-ide\extensions\ms-python.debugpy-2026.6.0-win32-x64\bundled\scripts\noConfigScripts;D:\src\flutter\bin\mingit\cmd
USERNAME=Acer
LANG=en_US.UTF-8
OS=Windows_NT
PROCESSOR_IDENTIFIER=Intel64 Family 6 Model 154 Stepping 3, GenuineIntel
TMP=C:\Users\Acer\AppData\Local\Temp
TEMP=C:\Users\Acer\AppData\Local\Temp



Periodic native trim disabled


---------------  S Y S T E M  ---------------

OS:
 Windows 11 , 64 bit Build 26100 (10.0.26100.9168)
OS uptime: 3 days 3:31 hours
Hyper-V role detected

CPU: total 16 (initial active 16) (8 cores per cpu, 2 threads per core) family 6 model 154 stepping 3 microcode 0x423, cx8, cmov, fxsr, ht, mmx, 3dnowpref, sse, sse2, sse3, ssse3, sse4.1, sse4.2, popcnt, lzcnt, tsc, tscinvbit, avx, avx2, aes, erms, clmul, bmi1, bmi2, adx, sha, fma, vzeroupper, clflush, clflushopt, clwb, hv
Processor Information for processor 0
  Max Mhz: 3100, Current Mhz: 3100, Mhz Limit: 3100
Processor Information for processor 1
  Max Mhz: 3100, Current Mhz: 3100, Mhz Limit: 3100
Processor Information for processor 2
  Max Mhz: 3100, Current Mhz: 3100, Mhz Limit: 3100
Processor Information for processor 3
  Max Mhz: 3100, Current Mhz: 3100, Mhz Limit: 3100
Processor Information for processor 4
  Max Mhz: 3100, Current Mhz: 3100, Mhz Limit: 3100
Processor Information for processor 5
  Max Mhz: 3100, Current Mhz: 3100, Mhz Limit: 3100
Processor Information for processor 6
  Max Mhz: 3100, Current Mhz: 3100, Mhz Limit: 3100
Processor Information for processor 7
  Max Mhz: 3100, Current Mhz: 3100, Mhz Limit: 3100
Processor Information for processor 8
  Max Mhz: 3100, Current Mhz: 2232, Mhz Limit: 2232
Processor Information for processor 9
  Max Mhz: 3100, Current Mhz: 2232, Mhz Limit: 2232
Processor Information for processor 10
  Max Mhz: 3100, Current Mhz: 2232, Mhz Limit: 2232
Processor Information for processor 11
  Max Mhz: 3100, Current Mhz: 2232, Mhz Limit: 2232
Processor Information for processor 12
  Max Mhz: 3100, Current Mhz: 2232, Mhz Limit: 2232
Processor Information for processor 13
  Max Mhz: 3100, Current Mhz: 2232, Mhz Limit: 2232
Processor Information for processor 14
  Max Mhz: 3100, Current Mhz: 2232, Mhz Limit: 2232
Processor Information for processor 15
  Max Mhz: 3100, Current Mhz: 2232, Mhz Limit: 2232

Memory: 4k page, system-wide physical 7896M (358M free)
TotalPageFile size 32472M (AvailPageFile size 8M)
current process WorkingSet (physical memory assigned to process): 342M, peak: 378M
current process commit charge ("private bytes"): 408M, peak: 428M

vm_info: OpenJDK 64-Bit Server VM (17.0.15+6) for windows-amd64 JRE (17.0.15+6), built on Apr 15 2025 21:25:47 by "admin" with MS VC++ 17.7 (VS2022)

END.
