#
# There is insufficient memory for the Java Runtime Environment to continue.
# Native memory allocation (malloc) failed to allocate 1463632 bytes. Error detail: Chunk::new
# Possible reasons:
#   The system is out of physical RAM or swap space
#   This process is running with CompressedOops enabled, and the Java Heap may be blocking the growth of the native heap
# Possible solutions:
#   Reduce memory load on the system
#   Increase physical memory or swap space
#   Check if swap backing store is full
#   Decrease Java heap size (-Xmx/-Xms)
#   Decrease number of Java threads
#   Decrease Java thread stack sizes (-Xss)
#   Set larger code cache with -XX:ReservedCodeCacheSize=
#   JVM is running with Zero Based Compressed Oops mode in which the Java heap is
#     placed in the first 32GB address space. The Java Heap base address is the
#     maximum limit for the native heap growth. Please use -XX:HeapBaseMinAddress
#     to set the Java Heap base and to place the Java Heap above 32GB virtual address.
# This output file may be truncated or incomplete.
#
#  Out of Memory Error (arena.cpp:191), pid=27780, tid=30868
#
# JRE version: OpenJDK Runtime Environment Temurin-17.0.15+6 (17.0.15+6) (build 17.0.15+6)
# Java VM: OpenJDK 64-Bit Server VM Temurin-17.0.15+6 (17.0.15+6, mixed mode, sharing, tiered, compressed oops, compressed class ptrs, g1 gc, windows-amd64)
# No core dump will be written. Minidumps are not enabled by default on client versions of Windows
#

---------------  S U M M A R Y ------------

Command Line: --add-opens=java.base/java.lang=ALL-UNNAMED --add-opens=java.base/java.lang.invoke=ALL-UNNAMED --add-opens=java.base/java.util=ALL-UNNAMED --add-opens=java.prefs/java.util.prefs=ALL-UNNAMED --add-exports=jdk.compiler/com.sun.tools.javac.api=ALL-UNNAMED --add-exports=jdk.compiler/com.sun.tools.javac.util=ALL-UNNAMED --add-opens=java.base/java.util=ALL-UNNAMED --add-opens=java.prefs/java.util.prefs=ALL-UNNAMED --add-opens=java.base/java.nio.charset=ALL-UNNAMED --add-opens=java.base/java.net=ALL-UNNAMED --add-opens=java.base/java.util.concurrent.atomic=ALL-UNNAMED --add-opens=java.xml/javax.xml.namespace=ALL-UNNAMED -XX:MaxMetaspaceSize=384m -XX:ReservedCodeCacheSize=96m -XX:+HeapDumpOnOutOfMemoryError -XX:HeapBaseMinAddress=4g -Xms128m -Xmx1024m -Dfile.encoding=UTF-8 -Duser.country=US -Duser.language=en -Duser.variant -javaagent:C:\Users\Acer\.gradle\wrapper\dists\gradle-8.12-all\ejduaidbjup3bmmkhw3rie4zb\gradle-8.12\lib\agents\gradle-instrumentation-agent-8.12.jar org.gradle.launcher.daemon.bootstrap.GradleDaemon 8.12

Host: 12th Gen Intel(R) Core(TM) i5-12500H, 16 cores, 7G,  Windows 11 , 64 bit Build 26100 (10.0.26100.9168)
Time: Thu Aug 20 23:27:56 2026 SE Asia Standard Time elapsed time: 35.935524 seconds (0d 0h 0m 35s)

---------------  T H R E A D  ---------------

Current thread (0x00000283815e2600):  JavaThread "C2 CompilerThread2" daemon [_thread_in_native, id=30868, stack(0x000000ac86e00000,0x000000ac86f00000)]


Current CompileTask:
C2:  35935 18063       4       org.gradle.api.internal.artifacts.ivyservice.resolveengine.result.DesugaredAttributeContainerSerializer::read (155 bytes)

Stack: [0x000000ac86e00000,0x000000ac86f00000]
Native frames: (J=compiled Java code, j=interpreted, Vv=VM code, C=native code)
V  [jvm.dll+0x682fc9]
V  [jvm.dll+0x839878]
V  [jvm.dll+0x83b323]
V  [jvm.dll+0x83b993]
V  [jvm.dll+0x24725f]
V  [jvm.dll+0xacea4]
V  [jvm.dll+0xad53c]
V  [jvm.dll+0x365c6e]
V  [jvm.dll+0x1ba8d3]
V  [jvm.dll+0x2183a7]
V  [jvm.dll+0x21768f]
V  [jvm.dll+0x1a31b0]
V  [jvm.dll+0x227a9c]
V  [jvm.dll+0x225bfb]
V  [jvm.dll+0x7ef018]
V  [jvm.dll+0x7e94dc]
V  [jvm.dll+0x681ea7]
C  [ucrtbase.dll+0x2cd30]
C  [KERNEL32.DLL+0x2ccb7]
C  [ntdll.dll+0xaad6c]


---------------  P R O C E S S  ---------------

Threads class SMR info:
_java_thread_list=0x00000283887dc9e0, length=70, elements={
0x00000283cf256f00, 0x00000283e296b780, 0x00000283e296e070, 0x00000283e2985a40,
0x00000283e2985f20, 0x00000283e2986400, 0x00000283e298a8f0, 0x00000283e298d520,
0x00000283e298da40, 0x00000283e299cd10, 0x00000283e295a530, 0x00000283e2cdf010,
0x00000283fd7ceac0, 0x00000283fd95d410, 0x00000283fcc24840, 0x00000283fd7889d0,
0x00000283fd789900, 0x00000283fd789e10, 0x00000283fd78a320, 0x00000283fd788ee0,
0x00000283fd787080, 0x00000283fd7893f0, 0x00000283fd78a830, 0x00000283fd787590,
0x00000283fd787aa0, 0x00000283fd7884c0, 0x00000283fe6e8b60, 0x00000283fe6eaed0,
0x00000283fe6e9a90, 0x00000283fe6e9fa0, 0x00000283fe6e9070, 0x00000283fe6e8140,
0x00000283fe6ea4b0, 0x00000283fe6ea9c0, 0x00000283fe6ebe00, 0x00000283fe6e8650,
0x00000283fe6edc60, 0x00000283fe6efac0, 0x00000283fe6ec820, 0x00000283fe6ecd30,
0x00000283fe6ed240, 0x00000283fe6ec310, 0x00000283fe6ee680, 0x00000283fe6ef0a0,
0x00000283fe6eeb90, 0x00000283fe6ee170, 0x00000283fede6e80, 0x00000283fede5f50,
0x00000283fede9700, 0x00000283fedea630, 0x00000283fedeb560, 0x00000283fedeab40,
0x00000283fedeb050, 0x00000283fe6eb3e0, 0x000002838866ed40, 0x0000028388670690,
0x00000283886715c0, 0x0000028388670180, 0x000002838866f250, 0x000002838866fc70,
0x00000283886710b0, 0x0000028388670ba0, 0x00000283815e4b30, 0x00000283815e2600,
0x0000028388a914d0, 0x0000028388a90fc0, 0x0000028388a92400, 0x00000283815e3b40,
0x00000283815e10c0, 0x00000283815e7060
}
_to_delete_list=0x0000028382f0b700, length=69, elements={
0x00000283cf256f00, 0x00000283e296b780, 0x00000283e296e070, 0x00000283e2985a40,
0x00000283e2985f20, 0x00000283e2986400, 0x00000283e298a8f0, 0x00000283e298d520,
0x00000283e298da40, 0x00000283e299cd10, 0x00000283e295a530, 0x00000283e2cdf010,
0x00000283fd7ceac0, 0x00000283fd95d410, 0x00000283fcc24840, 0x00000283fd7889d0,
0x00000283fd789900, 0x00000283fd789e10, 0x00000283fd78a320, 0x00000283fd788ee0,
0x00000283fd787080, 0x00000283fd7893f0, 0x00000283fd78a830, 0x00000283fd787590,
0x00000283fd787aa0, 0x00000283fd7884c0, 0x00000283fe6e8b60, 0x00000283fe6eaed0,
0x00000283fe6e9a90, 0x00000283fe6e9fa0, 0x00000283fe6e9070, 0x00000283fe6e8140,
0x00000283fe6ea4b0, 0x00000283fe6ea9c0, 0x00000283fe6ebe00, 0x00000283fe6e8650,
0x00000283fe6edc60, 0x00000283fe6efac0, 0x00000283fe6ec820, 0x00000283fe6ecd30,
0x00000283fe6ed240, 0x00000283fe6ec310, 0x00000283fe6ee680, 0x00000283fe6ef0a0,
0x00000283fe6eeb90, 0x00000283fe6ee170, 0x00000283fede6e80, 0x00000283fede5f50,
0x00000283fede9700, 0x00000283fedea630, 0x00000283fedeb560, 0x00000283fedeab40,
0x00000283fedeb050, 0x00000283fe6eb3e0, 0x000002838866ed40, 0x0000028388670690,
0x00000283886715c0, 0x0000028388670180, 0x000002838866f250, 0x000002838866fc70,
0x00000283886710b0, 0x0000028388670ba0, 0x00000283815e4b30, 0x00000283815e2600,
0x0000028388a914d0, 0x0000028388a90fc0, 0x0000028388a92400, 0x00000283815e3b40,
0x00000283815e10c0
}

Java Threads: ( => current thread )
  0x00000283cf256f00 JavaThread "main" [_thread_blocked, id=34640, stack(0x000000ac81700000,0x000000ac81800000)]
  0x00000283e296b780 JavaThread "Reference Handler" daemon [_thread_blocked, id=33588, stack(0x000000ac81e00000,0x000000ac81f00000)]
  0x00000283e296e070 JavaThread "Finalizer" daemon [_thread_blocked, id=31156, stack(0x000000ac81f00000,0x000000ac82000000)]
  0x00000283e2985a40 JavaThread "Signal Dispatcher" daemon [_thread_blocked, id=13872, stack(0x000000ac82000000,0x000000ac82100000)]
  0x00000283e2985f20 JavaThread "Attach Listener" daemon [_thread_blocked, id=29328, stack(0x000000ac82100000,0x000000ac82200000)]
  0x00000283e2986400 JavaThread "Service Thread" daemon [_thread_blocked, id=23260, stack(0x000000ac82200000,0x000000ac82300000)]
  0x00000283e298a8f0 JavaThread "Monitor Deflation Thread" daemon [_thread_blocked, id=14432, stack(0x000000ac82300000,0x000000ac82400000)]
  0x00000283e298d520 JavaThread "C2 CompilerThread0" daemon [_thread_in_native, id=32256, stack(0x000000ac82400000,0x000000ac82500000)]
  0x00000283e298da40 JavaThread "C1 CompilerThread0" daemon [_thread_blocked, id=27824, stack(0x000000ac82500000,0x000000ac82600000)]
  0x00000283e299cd10 JavaThread "Sweeper thread" daemon [_thread_blocked, id=21932, stack(0x000000ac82600000,0x000000ac82700000)]
  0x00000283e295a530 JavaThread "Common-Cleaner" daemon [_thread_blocked, id=33144, stack(0x000000ac82700000,0x000000ac82800000)]
  0x00000283e2cdf010 JavaThread "Notification Thread" daemon [_thread_blocked, id=10584, stack(0x000000ac82800000,0x000000ac82900000)]
  0x00000283fd7ceac0 JavaThread "Daemon health stats" [_thread_blocked, id=30364, stack(0x000000ac82f00000,0x000000ac83000000)]
  0x00000283fd95d410 JavaThread "Incoming local TCP Connector on port 50427" [_thread_in_native, id=16848, stack(0x000000ac83000000,0x000000ac83100000)]
  0x00000283fcc24840 JavaThread "Daemon periodic checks" [_thread_blocked, id=11884, stack(0x000000ac83100000,0x000000ac83200000)]
  0x00000283fd7889d0 JavaThread "Daemon" [_thread_blocked, id=3968, stack(0x000000ac83200000,0x000000ac83300000)]
  0x00000283fd789900 JavaThread "Handler for socket connection from /127.0.0.1:50427 to /127.0.0.1:50429" [_thread_in_native, id=9384, stack(0x000000ac83300000,0x000000ac83400000)]
  0x00000283fd789e10 JavaThread "Cancel handler" [_thread_blocked, id=8508, stack(0x000000ac83400000,0x000000ac83500000)]
  0x00000283fd78a320 JavaThread "Daemon worker" [_thread_blocked, id=32632, stack(0x000000ac83500000,0x000000ac83600000)]
  0x00000283fd788ee0 JavaThread "Asynchronous log dispatcher for DefaultDaemonConnection: socket connection from /127.0.0.1:50427 to /127.0.0.1:50429" [_thread_blocked, id=23844, stack(0x000000ac83600000,0x000000ac83700000)]
  0x00000283fd787080 JavaThread "Stdin handler" [_thread_blocked, id=1648, stack(0x000000ac83700000,0x000000ac83800000)]
  0x00000283fd7893f0 JavaThread "Daemon client event forwarder" [_thread_blocked, id=34036, stack(0x000000ac83800000,0x000000ac83900000)]
  0x00000283fd78a830 JavaThread "Cache worker for journal cache (C:\Users\Acer\.gradle\caches\journal-1)" [_thread_blocked, id=20908, stack(0x000000ac83900000,0x000000ac83a00000)]
  0x00000283fd787590 JavaThread "File lock request listener" [_thread_in_native, id=7980, stack(0x000000ac83a00000,0x000000ac83b00000)]
  0x00000283fd787aa0 JavaThread "Cache worker for file hash cache (C:\Users\Acer\.gradle\caches\8.12\fileHashes)" [_thread_blocked, id=10824, stack(0x000000ac83b00000,0x000000ac83c00000)]
  0x00000283fd7884c0 JavaThread "Cache worker for file hash cache (D:\Kuliah\Ta\New folder\Mobile\android\.gradle\8.12\fileHashes)" [_thread_blocked, id=32176, stack(0x000000ac84300000,0x000000ac84400000)]
  0x00000283fe6e8b60 JavaThread "Cache worker for Build Output Cleanup Cache (D:\Kuliah\Ta\New folder\Mobile\android\.gradle\buildOutputCleanup)" [_thread_blocked, id=34076, stack(0x000000ac84400000,0x000000ac84500000)]
  0x00000283fe6eaed0 JavaThread "Cache worker for checksums cache (D:\Kuliah\Ta\New folder\Mobile\android\.gradle\8.12\checksums)" [_thread_blocked, id=14184, stack(0x000000ac84800000,0x000000ac84900000)]
  0x00000283fe6e9a90 JavaThread "Cache worker for file content cache (C:\Users\Acer\.gradle\caches\8.12\fileContent)" [_thread_blocked, id=25148, stack(0x000000ac84900000,0x000000ac84a00000)]
  0x00000283fe6e9fa0 JavaThread "Cache worker for cache directory md-rule (C:\Users\Acer\.gradle\caches\8.12\md-rule)" [_thread_blocked, id=17844, stack(0x000000ac84a00000,0x000000ac84b00000)]
  0x00000283fe6e9070 JavaThread "Cache worker for cache directory md-supplier (C:\Users\Acer\.gradle\caches\8.12\md-supplier)" [_thread_blocked, id=23340, stack(0x000000ac84b00000,0x000000ac84c00000)]
  0x00000283fe6e8140 JavaThread "Cache worker for Build Output Cleanup Cache (D:\src\flutter\packages\flutter_tools\gradle\.gradle\buildOutputCleanup)" [_thread_blocked, id=15456, stack(0x000000ac84c00000,0x000000ac84d00000)]
  0x00000283fe6ea4b0 JavaThread "Unconstrained build operations" [_thread_blocked, id=8156, stack(0x000000ac84d00000,0x000000ac84e00000)]
  0x00000283fe6ea9c0 JavaThread "Unconstrained build operations Thread 2" [_thread_blocked, id=12476, stack(0x000000ac84f00000,0x000000ac85000000)]
  0x00000283fe6ebe00 JavaThread "Unconstrained build operations Thread 3" [_thread_blocked, id=19888, stack(0x000000ac85000000,0x000000ac85100000)]
  0x00000283fe6e8650 JavaThread "Memory manager" [_thread_blocked, id=33968, stack(0x000000ac85300000,0x000000ac85400000)]
  0x00000283fe6edc60 JavaThread "build event listener" [_thread_blocked, id=16428, stack(0x000000ac85400000,0x000000ac85500000)]
  0x00000283fe6efac0 JavaThread "included builds" [_thread_in_native, id=31864, stack(0x000000ac85500000,0x000000ac85600000)]
  0x00000283fe6ec820 JavaThread "Cache worker for execution history cache (D:\src\flutter\packages\flutter_tools\gradle\.gradle\8.12\executionHistory)" [_thread_blocked, id=4844, stack(0x000000ac85600000,0x000000ac85700000)]
  0x00000283fe6ecd30 JavaThread "Unconstrained build operations Thread 4" [_thread_blocked, id=10116, stack(0x000000ac85700000,0x000000ac85800000)]
  0x00000283fe6ed240 JavaThread "Unconstrained build operations Thread 5" [_thread_blocked, id=8864, stack(0x000000ac85800000,0x000000ac85900000)]
  0x00000283fe6ec310 JavaThread "Unconstrained build operations Thread 6" [_thread_blocked, id=4384, stack(0x000000ac85900000,0x000000ac85a00000)]
  0x00000283fe6ee680 JavaThread "Unconstrained build operations Thread 7" [_thread_blocked, id=29440, stack(0x000000ac85a00000,0x000000ac85b00000)]
  0x00000283fe6ef0a0 JavaThread "Unconstrained build operations Thread 8" [_thread_blocked, id=32988, stack(0x000000ac85b00000,0x000000ac85c00000)]
  0x00000283fe6eeb90 JavaThread "Unconstrained build operations Thread 9" [_thread_blocked, id=6604, stack(0x000000ac85c00000,0x000000ac85d00000)]
  0x00000283fe6ee170 JavaThread "Unconstrained build operations Thread 10" [_thread_blocked, id=34488, stack(0x000000ac85d00000,0x000000ac85e00000)]
  0x00000283fede6e80 JavaThread "build event listener" [_thread_blocked, id=13344, stack(0x000000ac85e00000,0x000000ac85f00000)]
  0x00000283fede5f50 JavaThread "Problems report writer" [_thread_blocked, id=21132, stack(0x000000ac85f00000,0x000000ac86000000)]
  0x00000283fede9700 JavaThread "jar transforms" [_thread_blocked, id=5384, stack(0x000000ac86000000,0x000000ac86100000)]
  0x00000283fedea630 JavaThread "jar transforms Thread 2" [_thread_blocked, id=24704, stack(0x000000ac84700000,0x000000ac84800000)]
  0x00000283fedeb560 JavaThread "jar transforms Thread 3" [_thread_blocked, id=23344, stack(0x000000ac86100000,0x000000ac86200000)]
  0x00000283fedeab40 JavaThread "jar transforms Thread 4" [_thread_blocked, id=16124, stack(0x000000ac84e00000,0x000000ac84f00000)]
  0x00000283fedeb050 JavaThread "jar transforms Thread 5" [_thread_blocked, id=33004, stack(0x000000ac85100000,0x000000ac85200000)]
  0x00000283fe6eb3e0 JavaThread "jar transforms Thread 6" [_thread_blocked, id=17924, stack(0x000000ac85200000,0x000000ac85300000)]
  0x000002838866ed40 JavaThread "jar transforms Thread 7" [_thread_blocked, id=30472, stack(0x000000ac86400000,0x000000ac86500000)]
  0x0000028388670690 JavaThread "jar transforms Thread 8" [_thread_blocked, id=8840, stack(0x000000ac86500000,0x000000ac86600000)]
  0x00000283886715c0 JavaThread "jar transforms Thread 9" [_thread_blocked, id=15732, stack(0x000000ac86600000,0x000000ac86700000)]
  0x0000028388670180 JavaThread "jar transforms Thread 10" [_thread_blocked, id=14580, stack(0x000000ac86700000,0x000000ac86800000)]
  0x000002838866f250 JavaThread "jar transforms Thread 11" [_thread_blocked, id=17508, stack(0x000000ac86800000,0x000000ac86900000)]
  0x000002838866fc70 JavaThread "jar transforms Thread 12" [_thread_blocked, id=8260, stack(0x000000ac86200000,0x000000ac86300000)]
  0x00000283886710b0 JavaThread "jar transforms Thread 13" [_thread_blocked, id=21080, stack(0x000000ac86900000,0x000000ac86a00000)]
  0x0000028388670ba0 JavaThread "jar transforms Thread 14" [_thread_blocked, id=21156, stack(0x000000ac86a00000,0x000000ac86b00000)]
  0x00000283815e4b30 JavaThread "C2 CompilerThread1" daemon [_thread_in_native, id=34476, stack(0x000000ac86d00000,0x000000ac86e00000)]
=>0x00000283815e2600 JavaThread "C2 CompilerThread2" daemon [_thread_in_native, id=30868, stack(0x000000ac86e00000,0x000000ac86f00000)]
  0x0000028388a914d0 JavaThread "pool-3-thread-1" [_thread_blocked, id=33376, stack(0x000000ac87200000,0x000000ac87300000)]
  0x0000028388a90fc0 JavaThread "build event listener" [_thread_blocked, id=32616, stack(0x000000ac87300000,0x000000ac87400000)]
  0x0000028388a92400 JavaThread "Cache worker for execution history cache (D:\Kuliah\Ta\New folder\Mobile\android\.gradle\8.12\executionHistory)" [_thread_blocked, id=8432, stack(0x000000ac87400000,0x000000ac87500000)]
  0x00000283815e3b40 JavaThread "C1 CompilerThread1" daemon [_thread_blocked, id=4924, stack(0x000000ac87000000,0x000000ac87100000)]
  0x00000283815e10c0 JavaThread "C1 CompilerThread2" daemon [_thread_blocked, id=31736, stack(0x000000ac87100000,0x000000ac87200000)]
  0x00000283815e7060 JavaThread "C1 CompilerThread3" daemon [_thread_blocked, id=33416, stack(0x000000ac87500000,0x000000ac87600000)]

Other Threads:
  0x00000283e29687a0 VMThread "VM Thread" [stack: 0x000000ac81d00000,0x000000ac81e00000] [id=18580]
  0x00000283cf257c90 WatcherThread [stack: 0x000000ac82900000,0x000000ac82a00000] [id=16004]
  0x00000283ccedecb0 GCTaskThread "GC Thread#0" [stack: 0x000000ac81800000,0x000000ac81900000] [id=6332]
  0x00000283e2e0fdf0 GCTaskThread "GC Thread#1" [stack: 0x000000ac82a00000,0x000000ac82b00000] [id=1872]
  0x00000283e2e3a630 GCTaskThread "GC Thread#2" [stack: 0x000000ac82b00000,0x000000ac82c00000] [id=24568]
  0x00000283fc4c1c10 GCTaskThread "GC Thread#3" [stack: 0x000000ac82c00000,0x000000ac82d00000] [id=21612]
  0x00000283fc8954a0 GCTaskThread "GC Thread#4" [stack: 0x000000ac82d00000,0x000000ac82e00000] [id=13288]
  0x00000283fc6710d0 GCTaskThread "GC Thread#5" [stack: 0x000000ac82e00000,0x000000ac82f00000] [id=25616]
  0x00000283fd7170d0 GCTaskThread "GC Thread#6" [stack: 0x000000ac83c00000,0x000000ac83d00000] [id=4156]
  0x00000283fdf46690 GCTaskThread "GC Thread#7" [stack: 0x000000ac83d00000,0x000000ac83e00000] [id=18592]
  0x00000283fdf46950 GCTaskThread "GC Thread#8" [stack: 0x000000ac83e00000,0x000000ac83f00000] [id=31308]
  0x00000283fdf46c10 GCTaskThread "GC Thread#9" [stack: 0x000000ac83f00000,0x000000ac84000000] [id=33320]
  0x00000283fec40080 GCTaskThread "GC Thread#10" [stack: 0x000000ac84000000,0x000000ac84100000] [id=1668]
  0x00000283fe73e020 GCTaskThread "GC Thread#11" [stack: 0x000000ac84100000,0x000000ac84200000] [id=10764]
  0x00000283fe73e2e0 GCTaskThread "GC Thread#12" [stack: 0x000000ac84200000,0x000000ac84300000] [id=31928]
  0x00000283cf29b1d0 ConcurrentGCThread "G1 Main Marker" [stack: 0x000000ac81900000,0x000000ac81a00000] [id=23820]
  0x00000283cf29d520 ConcurrentGCThread "G1 Conc#0" [stack: 0x000000ac81a00000,0x000000ac81b00000] [id=34532]
  0x00000283fef9f740 ConcurrentGCThread "G1 Conc#1" [stack: 0x000000ac84500000,0x000000ac84600000] [id=13996]
  0x00000283fec81fb0 ConcurrentGCThread "G1 Conc#2" [stack: 0x000000ac84600000,0x000000ac84700000] [id=10280]
  0x00000283cf2feae0 ConcurrentGCThread "G1 Refine#0" [stack: 0x000000ac81b00000,0x000000ac81c00000] [id=22992]
  0x00000283e2d69000 ConcurrentGCThread "G1 Refine#1" [stack: 0x000000ac86b00000,0x000000ac86c00000] [id=32672]
  0x00000283e2d68440 ConcurrentGCThread "G1 Refine#2" [stack: 0x000000ac86c00000,0x000000ac86d00000] [id=21796]
  0x00000283e2824130 ConcurrentGCThread "G1 Service" [stack: 0x000000ac81c00000,0x000000ac81d00000] [id=21064]

Threads with active compile tasks:
C2 CompilerThread0    36021 18113       4       org.gradle.internal.component.external.model.AbstractLazyModuleComponentResolveMetadata::getAttributesSchema (5 bytes)
C2 CompilerThread1    36021 18025       4       org.gradle.api.internal.artifacts.ModuleComponentSelectorSerializer::readVersionConstraint (95 bytes)
C2 CompilerThread2    36021 18063       4       org.gradle.api.internal.artifacts.ivyservice.resolveengine.result.DesugaredAttributeContainerSerializer::read (155 bytes)

VM state: not at safepoint (normal execution)

VM Mutex/Monitor currently owned by a thread: None

Heap address: 0x0000000100000000, size: 1024 MB, Compressed Oops mode: Zero based, Oop shift amount: 3

CDS archive(s) mapped at: [0x00000283e3000000-0x00000283e3bb0000-0x00000283e3bb0000), size 12255232, SharedBaseAddress: 0x00000283e3000000, ArchiveRelocationMode: 1.
Compressed class space mapped at: 0x00000283e4000000-0x00000283f8000000, reserved size: 335544320
Narrow klass base: 0x00000283e3000000, Narrow klass shift: 0, Narrow klass range: 0x100000000

GC Precious Log:
 CPUs: 16 total, 16 available
 Memory: 7896M
 Large Page Support: Disabled
 NUMA Support: Disabled
 Compressed Oops: Enabled (Zero based)
 Heap Region Size: 1M
 Heap Min Capacity: 128M
 Heap Initial Capacity: 128M
 Heap Max Capacity: 1G
 Pre-touch: Disabled
 Parallel Workers: 13
 Concurrent Workers: 3
 Concurrent Refinement Workers: 13
 Periodic GC: Disabled

Heap:
 garbage-first heap   total 267264K, used 218287K [0x0000000100000000, 0x0000000140000000)
  region size 1024K, 13 young (13312K), 3 survivors (3072K)
 Metaspace       used 116567K, committed 117760K, reserved 458752K
  class space    used 15800K, committed 16384K, reserved 327680K

Heap Regions: E=young(eden), S=young(survivor), O=old, HS=humongous(starts), HC=humongous(continues), CS=collection set, F=free, OA=open archive, CA=closed archive, TAMS=top-at-mark-start (previous, next)
|   0|0x0000000100000000, 0x0000000100100000, 0x0000000100100000|100%| O|  |TAMS 0x0000000100100000, 0x0000000100000000| Untracked 
|   1|0x0000000100100000, 0x0000000100200000, 0x0000000100200000|100%| O|  |TAMS 0x0000000100200000, 0x0000000100100000| Untracked 
|   2|0x0000000100200000, 0x0000000100300000, 0x0000000100300000|100%|HS|  |TAMS 0x0000000100300000, 0x0000000100200000| Complete 
|   3|0x0000000100300000, 0x0000000100400000, 0x0000000100400000|100%|HC|  |TAMS 0x0000000100400000, 0x0000000100300000| Complete 
|   4|0x0000000100400000, 0x0000000100500000, 0x0000000100500000|100%|HC|  |TAMS 0x0000000100500000, 0x0000000100400000| Complete 
|   5|0x0000000100500000, 0x0000000100600000, 0x0000000100600000|100%| O|  |TAMS 0x0000000100600000, 0x0000000100500000| Untracked 
|   6|0x0000000100600000, 0x0000000100700000, 0x0000000100700000|100%| O|  |TAMS 0x0000000100700000, 0x0000000100600000| Untracked 
|   7|0x0000000100700000, 0x0000000100800000, 0x0000000100800000|100%|HS|  |TAMS 0x0000000100800000, 0x0000000100700000| Complete 
|   8|0x0000000100800000, 0x0000000100900000, 0x0000000100900000|100%| O|  |TAMS 0x0000000100900000, 0x0000000100800000| Untracked 
|   9|0x0000000100900000, 0x0000000100a00000, 0x0000000100a00000|100%| O|  |TAMS 0x0000000100a00000, 0x0000000100900000| Untracked 
|  10|0x0000000100a00000, 0x0000000100b00000, 0x0000000100b00000|100%| O|  |TAMS 0x0000000100b00000, 0x0000000100a00000| Untracked 
|  11|0x0000000100b00000, 0x0000000100c00000, 0x0000000100c00000|100%| O|  |TAMS 0x0000000100c00000, 0x0000000100b00000| Untracked 
|  12|0x0000000100c00000, 0x0000000100d00000, 0x0000000100d00000|100%| O|  |TAMS 0x0000000100d00000, 0x0000000100c00000| Untracked 
|  13|0x0000000100d00000, 0x0000000100e00000, 0x0000000100e00000|100%| O|  |TAMS 0x0000000100e00000, 0x0000000100d00000| Untracked 
|  14|0x0000000100e00000, 0x0000000100f00000, 0x0000000100f00000|100%| O|  |TAMS 0x0000000100f00000, 0x0000000100e00000| Untracked 
|  15|0x0000000100f00000, 0x0000000101000000, 0x0000000101000000|100%| O|  |TAMS 0x0000000101000000, 0x0000000100f00000| Untracked 
|  16|0x0000000101000000, 0x0000000101100000, 0x0000000101100000|100%| O|  |TAMS 0x0000000101100000, 0x0000000101000000| Untracked 
|  17|0x0000000101100000, 0x0000000101200000, 0x0000000101200000|100%| O|  |TAMS 0x0000000101200000, 0x0000000101100000| Untracked 
|  18|0x0000000101200000, 0x0000000101300000, 0x0000000101300000|100%| O|  |TAMS 0x0000000101300000, 0x0000000101200000| Untracked 
|  19|0x0000000101300000, 0x0000000101400000, 0x0000000101400000|100%| O|  |TAMS 0x0000000101400000, 0x0000000101300000| Untracked 
|  20|0x0000000101400000, 0x0000000101500000, 0x0000000101500000|100%| O|  |TAMS 0x0000000101500000, 0x0000000101400000| Untracked 
|  21|0x0000000101500000, 0x0000000101600000, 0x0000000101600000|100%| O|  |TAMS 0x0000000101600000, 0x0000000101500000| Untracked 
|  22|0x0000000101600000, 0x0000000101700000, 0x0000000101700000|100%| O|  |TAMS 0x0000000101700000, 0x0000000101600000| Untracked 
|  23|0x0000000101700000, 0x0000000101800000, 0x0000000101800000|100%| O|  |TAMS 0x0000000101800000, 0x0000000101700000| Untracked 
|  24|0x0000000101800000, 0x0000000101900000, 0x0000000101900000|100%| O|  |TAMS 0x0000000101900000, 0x0000000101800000| Untracked 
|  25|0x0000000101900000, 0x0000000101a00000, 0x0000000101a00000|100%| O|  |TAMS 0x0000000101a00000, 0x0000000101900000| Untracked 
|  26|0x0000000101a00000, 0x0000000101b00000, 0x0000000101b00000|100%| O|  |TAMS 0x0000000101b00000, 0x0000000101a00000| Untracked 
|  27|0x0000000101b00000, 0x0000000101c00000, 0x0000000101c00000|100%| O|  |TAMS 0x0000000101c00000, 0x0000000101b00000| Untracked 
|  28|0x0000000101c00000, 0x0000000101d00000, 0x0000000101d00000|100%| O|  |TAMS 0x0000000101d00000, 0x0000000101c00000| Untracked 
|  29|0x0000000101d00000, 0x0000000101e00000, 0x0000000101e00000|100%| O|  |TAMS 0x0000000101e00000, 0x0000000101d00000| Untracked 
|  30|0x0000000101e00000, 0x0000000101f00000, 0x0000000101f00000|100%| O|  |TAMS 0x0000000101f00000, 0x0000000101e00000| Untracked 
|  31|0x0000000101f00000, 0x0000000102000000, 0x0000000102000000|100%|HS|  |TAMS 0x0000000102000000, 0x0000000101f00000| Complete 
|  32|0x0000000102000000, 0x0000000102100000, 0x0000000102100000|100%|HC|  |TAMS 0x0000000102100000, 0x0000000102000000| Complete 
|  33|0x0000000102100000, 0x0000000102200000, 0x0000000102200000|100%|HS|  |TAMS 0x0000000102200000, 0x0000000102100000| Complete 
|  34|0x0000000102200000, 0x0000000102300000, 0x0000000102300000|100%|HC|  |TAMS 0x0000000102300000, 0x0000000102200000| Complete 
|  35|0x0000000102300000, 0x0000000102400000, 0x0000000102400000|100%|HS|  |TAMS 0x0000000102400000, 0x0000000102300000| Complete 
|  36|0x0000000102400000, 0x0000000102500000, 0x0000000102500000|100%|HC|  |TAMS 0x0000000102500000, 0x0000000102400000| Complete 
|  37|0x0000000102500000, 0x0000000102600000, 0x0000000102600000|100%|HC|  |TAMS 0x0000000102600000, 0x0000000102500000| Complete 
|  38|0x0000000102600000, 0x0000000102700000, 0x0000000102700000|100%| O|  |TAMS 0x0000000102700000, 0x0000000102600000| Untracked 
|  39|0x0000000102700000, 0x0000000102800000, 0x0000000102800000|100%| O|  |TAMS 0x0000000102800000, 0x0000000102700000| Untracked 
|  40|0x0000000102800000, 0x0000000102900000, 0x0000000102900000|100%| O|  |TAMS 0x0000000102900000, 0x0000000102800000| Untracked 
|  41|0x0000000102900000, 0x0000000102a00000, 0x0000000102a00000|100%| O|  |TAMS 0x0000000102a00000, 0x0000000102900000| Untracked 
|  42|0x0000000102a00000, 0x0000000102b00000, 0x0000000102b00000|100%| O|  |TAMS 0x0000000102b00000, 0x0000000102a00000| Untracked 
|  43|0x0000000102b00000, 0x0000000102c00000, 0x0000000102c00000|100%| O|  |TAMS 0x0000000102c00000, 0x0000000102b00000| Untracked 
|  44|0x0000000102c00000, 0x0000000102d00000, 0x0000000102d00000|100%| O|  |TAMS 0x0000000102d00000, 0x0000000102c00000| Untracked 
|  45|0x0000000102d00000, 0x0000000102e00000, 0x0000000102e00000|100%| O|  |TAMS 0x0000000102e00000, 0x0000000102d00000| Untracked 
|  46|0x0000000102e00000, 0x0000000102f00000, 0x0000000102f00000|100%| O|  |TAMS 0x0000000102f00000, 0x0000000102e00000| Untracked 
|  47|0x0000000102f00000, 0x0000000103000000, 0x0000000103000000|100%| O|  |TAMS 0x0000000103000000, 0x0000000102f00000| Untracked 
|  48|0x0000000103000000, 0x0000000103100000, 0x0000000103100000|100%| O|  |TAMS 0x0000000103100000, 0x0000000103000000| Untracked 
|  49|0x0000000103100000, 0x0000000103200000, 0x0000000103200000|100%|HS|  |TAMS 0x0000000103200000, 0x0000000103100000| Complete 
|  50|0x0000000103200000, 0x0000000103300000, 0x0000000103300000|100%|HC|  |TAMS 0x0000000103300000, 0x0000000103200000| Complete 
|  51|0x0000000103300000, 0x0000000103400000, 0x0000000103400000|100%|HC|  |TAMS 0x0000000103400000, 0x0000000103300000| Complete 
|  52|0x0000000103400000, 0x0000000103500000, 0x0000000103500000|100%| O|  |TAMS 0x0000000103500000, 0x0000000103400000| Untracked 
|  53|0x0000000103500000, 0x0000000103600000, 0x0000000103600000|100%| O|  |TAMS 0x0000000103600000, 0x0000000103500000| Untracked 
|  54|0x0000000103600000, 0x0000000103700000, 0x0000000103700000|100%| O|  |TAMS 0x0000000103700000, 0x0000000103600000| Untracked 
|  55|0x0000000103700000, 0x0000000103800000, 0x0000000103800000|100%| O|  |TAMS 0x0000000103800000, 0x0000000103700000| Untracked 
|  56|0x0000000103800000, 0x0000000103900000, 0x0000000103900000|100%| O|  |TAMS 0x0000000103900000, 0x0000000103800000| Untracked 
|  57|0x0000000103900000, 0x0000000103a00000, 0x0000000103a00000|100%| O|  |TAMS 0x0000000103a00000, 0x0000000103900000| Untracked 
|  58|0x0000000103a00000, 0x0000000103b00000, 0x0000000103b00000|100%|HS|  |TAMS 0x0000000103b00000, 0x0000000103a00000| Complete 
|  59|0x0000000103b00000, 0x0000000103c00000, 0x0000000103c00000|100%| O|  |TAMS 0x0000000103c00000, 0x0000000103b00000| Untracked 
|  60|0x0000000103c00000, 0x0000000103d00000, 0x0000000103d00000|100%| O|  |TAMS 0x0000000103d00000, 0x0000000103c00000| Untracked 
|  61|0x0000000103d00000, 0x0000000103e00000, 0x0000000103e00000|100%| O|  |TAMS 0x0000000103e00000, 0x0000000103d00000| Untracked 
|  62|0x0000000103e00000, 0x0000000103f00000, 0x0000000103f00000|100%| O|  |TAMS 0x0000000103f00000, 0x0000000103e00000| Untracked 
|  63|0x0000000103f00000, 0x0000000104000000, 0x0000000104000000|100%| O|  |TAMS 0x0000000104000000, 0x0000000103f00000| Untracked 
|  64|0x0000000104000000, 0x0000000104100000, 0x0000000104100000|100%| O|  |TAMS 0x0000000104100000, 0x0000000104000000| Untracked 
|  65|0x0000000104100000, 0x0000000104200000, 0x0000000104200000|100%| O|  |TAMS 0x0000000104200000, 0x0000000104100000| Untracked 
|  66|0x0000000104200000, 0x0000000104300000, 0x0000000104300000|100%| O|  |TAMS 0x0000000104300000, 0x0000000104200000| Untracked 
|  67|0x0000000104300000, 0x0000000104400000, 0x0000000104400000|100%|HS|  |TAMS 0x0000000104400000, 0x0000000104300000| Complete 
|  68|0x0000000104400000, 0x0000000104500000, 0x0000000104500000|100%| O|  |TAMS 0x0000000104400000, 0x0000000104400000| Untracked 
|  69|0x0000000104500000, 0x0000000104600000, 0x0000000104600000|100%| O|  |TAMS 0x0000000104600000, 0x0000000104500000| Untracked 
|  70|0x0000000104600000, 0x0000000104700000, 0x0000000104700000|100%| O|  |TAMS 0x0000000104600000, 0x0000000104600000| Untracked 
|  71|0x0000000104700000, 0x0000000104800000, 0x0000000104800000|100%|HS|  |TAMS 0x0000000104700000, 0x0000000104700000| Complete 
|  72|0x0000000104800000, 0x0000000104900000, 0x0000000104900000|100%| O|  |TAMS 0x0000000104900000, 0x0000000104800000| Untracked 
|  73|0x0000000104900000, 0x0000000104a00000, 0x0000000104a00000|100%|HS|  |TAMS 0x0000000104a00000, 0x0000000104900000| Complete 
|  74|0x0000000104a00000, 0x0000000104b00000, 0x0000000104b00000|100%|HS|  |TAMS 0x0000000104b00000, 0x0000000104a00000| Complete 
|  75|0x0000000104b00000, 0x0000000104c00000, 0x0000000104c00000|100%|HC|  |TAMS 0x0000000104c00000, 0x0000000104b00000| Complete 
|  76|0x0000000104c00000, 0x0000000104d00000, 0x0000000104d00000|100%|HS|  |TAMS 0x0000000104d00000, 0x0000000104c00000| Complete 
|  77|0x0000000104d00000, 0x0000000104e00000, 0x0000000104e00000|100%|HS|  |TAMS 0x0000000104e00000, 0x0000000104d00000| Complete 
|  78|0x0000000104e00000, 0x0000000104f00000, 0x0000000104f00000|100%| O|  |TAMS 0x0000000104f00000, 0x0000000104e00000| Untracked 
|  79|0x0000000104f00000, 0x0000000105000000, 0x0000000105000000|100%|HS|  |TAMS 0x0000000105000000, 0x0000000104f00000| Complete 
|  80|0x0000000105000000, 0x0000000105100000, 0x0000000105100000|100%|HC|  |TAMS 0x0000000105100000, 0x0000000105000000| Complete 
|  81|0x0000000105100000, 0x0000000105200000, 0x0000000105200000|100%|HS|  |TAMS 0x0000000105200000, 0x0000000105100000| Complete 
|  82|0x0000000105200000, 0x0000000105300000, 0x0000000105300000|100%| O|  |TAMS 0x0000000105300000, 0x0000000105200000| Untracked 
|  83|0x0000000105300000, 0x0000000105400000, 0x0000000105400000|100%| O|  |TAMS 0x0000000105400000, 0x0000000105300000| Untracked 
|  84|0x0000000105400000, 0x0000000105500000, 0x0000000105500000|100%| O|  |TAMS 0x0000000105500000, 0x0000000105400000| Untracked 
|  85|0x0000000105500000, 0x0000000105600000, 0x0000000105600000|100%| O|  |TAMS 0x0000000105600000, 0x0000000105500000| Untracked 
|  86|0x0000000105600000, 0x0000000105700000, 0x0000000105700000|100%| O|  |TAMS 0x0000000105700000, 0x0000000105600000| Untracked 
|  87|0x0000000105700000, 0x0000000105800000, 0x0000000105800000|100%| O|  |TAMS 0x0000000105800000, 0x0000000105700000| Untracked 
|  88|0x0000000105800000, 0x0000000105900000, 0x0000000105900000|100%| O|  |TAMS 0x0000000105900000, 0x0000000105800000| Untracked 
|  89|0x0000000105900000, 0x0000000105a00000, 0x0000000105a00000|100%| O|  |TAMS 0x0000000105a00000, 0x0000000105900000| Untracked 
|  90|0x0000000105a00000, 0x0000000105b00000, 0x0000000105b00000|100%| O|  |TAMS 0x0000000105af0a00, 0x0000000105a00000| Untracked 
|  91|0x0000000105b00000, 0x0000000105c00000, 0x0000000105c00000|100%| O|  |TAMS 0x0000000105b00000, 0x0000000105b00000| Untracked 
|  92|0x0000000105c00000, 0x0000000105d00000, 0x0000000105d00000|100%| O|  |TAMS 0x0000000105c00000, 0x0000000105c00000| Untracked 
|  93|0x0000000105d00000, 0x0000000105e00000, 0x0000000105e00000|100%| O|  |TAMS 0x0000000105d00000, 0x0000000105d00000| Untracked 
|  94|0x0000000105e00000, 0x0000000105f00000, 0x0000000105f00000|100%| O|  |TAMS 0x0000000105e00000, 0x0000000105e00000| Untracked 
|  95|0x0000000105f00000, 0x0000000106000000, 0x0000000106000000|100%| O|  |TAMS 0x0000000105f00000, 0x0000000105f00000| Untracked 
|  96|0x0000000106000000, 0x0000000106100000, 0x0000000106100000|100%| O|  |TAMS 0x0000000106000000, 0x0000000106000000| Untracked 
|  97|0x0000000106100000, 0x0000000106200000, 0x0000000106200000|100%| O|  |TAMS 0x0000000106100000, 0x0000000106100000| Untracked 
|  98|0x0000000106200000, 0x0000000106300000, 0x0000000106300000|100%| O|  |TAMS 0x0000000106200000, 0x0000000106200000| Untracked 
|  99|0x0000000106300000, 0x0000000106400000, 0x0000000106400000|100%| O|  |TAMS 0x0000000106300000, 0x0000000106300000| Untracked 
| 100|0x0000000106400000, 0x0000000106500000, 0x0000000106500000|100%| O|  |TAMS 0x0000000106400000, 0x0000000106400000| Untracked 
| 101|0x0000000106500000, 0x0000000106600000, 0x0000000106600000|100%| O|  |TAMS 0x0000000106500000, 0x0000000106500000| Untracked 
| 102|0x0000000106600000, 0x0000000106700000, 0x0000000106700000|100%| O|  |TAMS 0x0000000106600000, 0x0000000106600000| Untracked 
| 103|0x0000000106700000, 0x0000000106800000, 0x0000000106800000|100%| O|  |TAMS 0x0000000106700000, 0x0000000106700000| Untracked 
| 104|0x0000000106800000, 0x0000000106900000, 0x0000000106900000|100%| O|  |TAMS 0x0000000106800000, 0x0000000106800000| Untracked 
| 105|0x0000000106900000, 0x0000000106a00000, 0x0000000106a00000|100%| O|  |TAMS 0x0000000106900000, 0x0000000106900000| Untracked 
| 106|0x0000000106a00000, 0x0000000106b00000, 0x0000000106b00000|100%| O|  |TAMS 0x0000000106a00000, 0x0000000106a00000| Untracked 
| 107|0x0000000106b00000, 0x0000000106c00000, 0x0000000106c00000|100%| O|  |TAMS 0x0000000106b00000, 0x0000000106b00000| Untracked 
| 108|0x0000000106c00000, 0x0000000106d00000, 0x0000000106d00000|100%| O|  |TAMS 0x0000000106c00000, 0x0000000106c00000| Untracked 
| 109|0x0000000106d00000, 0x0000000106e00000, 0x0000000106e00000|100%| O|  |TAMS 0x0000000106d00000, 0x0000000106d00000| Untracked 
| 110|0x0000000106e00000, 0x0000000106f00000, 0x0000000106f00000|100%| O|  |TAMS 0x0000000106e00000, 0x0000000106e00000| Untracked 
| 111|0x0000000106f00000, 0x0000000107000000, 0x0000000107000000|100%| O|  |TAMS 0x0000000106f00000, 0x0000000106f00000| Untracked 
| 112|0x0000000107000000, 0x0000000107100000, 0x0000000107100000|100%| O|  |TAMS 0x0000000107000000, 0x0000000107000000| Untracked 
| 113|0x0000000107100000, 0x0000000107200000, 0x0000000107200000|100%| O|  |TAMS 0x0000000107100000, 0x0000000107100000| Untracked 
| 114|0x0000000107200000, 0x0000000107300000, 0x0000000107300000|100%| O|  |TAMS 0x0000000107200000, 0x0000000107200000| Untracked 
| 115|0x0000000107300000, 0x0000000107400000, 0x0000000107400000|100%| O|  |TAMS 0x0000000107300000, 0x0000000107300000| Untracked 
| 116|0x0000000107400000, 0x0000000107500000, 0x0000000107500000|100%|HS|  |TAMS 0x0000000107400000, 0x0000000107400000| Complete 
| 117|0x0000000107500000, 0x0000000107600000, 0x0000000107600000|100%|HS|  |TAMS 0x0000000107500000, 0x0000000107500000| Complete 
| 118|0x0000000107600000, 0x0000000107700000, 0x0000000107700000|100%|HS|  |TAMS 0x0000000107600000, 0x0000000107600000| Complete 
| 119|0x0000000107700000, 0x0000000107800000, 0x0000000107800000|100%|HS|  |TAMS 0x0000000107700000, 0x0000000107700000| Complete 
| 120|0x0000000107800000, 0x0000000107900000, 0x0000000107900000|100%|HS|  |TAMS 0x0000000107800000, 0x0000000107800000| Complete 
| 121|0x0000000107900000, 0x0000000107a00000, 0x0000000107a00000|100%| O|  |TAMS 0x0000000107900000, 0x0000000107900000| Untracked 
| 122|0x0000000107a00000, 0x0000000107b00000, 0x0000000107b00000|100%| O|  |TAMS 0x0000000107a00000, 0x0000000107a00000| Untracked 
| 123|0x0000000107b00000, 0x0000000107c00000, 0x0000000107c00000|100%| O|  |TAMS 0x0000000107b00000, 0x0000000107b00000| Untracked 
| 124|0x0000000107c00000, 0x0000000107d00000, 0x0000000107d00000|100%|HS|  |TAMS 0x0000000107c00000, 0x0000000107c00000| Complete 
| 125|0x0000000107d00000, 0x0000000107e00000, 0x0000000107e00000|100%|HS|  |TAMS 0x0000000107d00000, 0x0000000107d00000| Complete 
| 126|0x0000000107e00000, 0x0000000107f00000, 0x0000000107f00000|100%| O|  |TAMS 0x0000000107e00000, 0x0000000107e00000| Untracked 
| 127|0x0000000107f00000, 0x0000000108000000, 0x0000000108000000|100%| O|  |TAMS 0x0000000107f00000, 0x0000000107f00000| Untracked 
| 128|0x0000000108000000, 0x0000000108100000, 0x0000000108100000|100%| O|  |TAMS 0x0000000108000000, 0x0000000108000000| Untracked 
| 129|0x0000000108100000, 0x0000000108200000, 0x0000000108200000|100%| O|  |TAMS 0x0000000108100000, 0x0000000108100000| Untracked 
| 130|0x0000000108200000, 0x0000000108300000, 0x0000000108300000|100%| O|  |TAMS 0x0000000108200000, 0x0000000108200000| Untracked 
| 131|0x0000000108300000, 0x0000000108400000, 0x0000000108400000|100%| O|  |TAMS 0x0000000108300000, 0x0000000108300000| Untracked 
| 132|0x0000000108400000, 0x0000000108500000, 0x0000000108500000|100%| O|  |TAMS 0x0000000108400000, 0x0000000108400000| Untracked 
| 133|0x0000000108500000, 0x0000000108600000, 0x0000000108600000|100%| O|  |TAMS 0x0000000108500000, 0x0000000108500000| Untracked 
| 134|0x0000000108600000, 0x0000000108700000, 0x0000000108700000|100%| O|  |TAMS 0x0000000108600000, 0x0000000108600000| Untracked 
| 135|0x0000000108700000, 0x0000000108800000, 0x0000000108800000|100%| O|  |TAMS 0x0000000108700000, 0x0000000108700000| Untracked 
| 136|0x0000000108800000, 0x0000000108900000, 0x0000000108900000|100%| O|  |TAMS 0x0000000108800000, 0x0000000108800000| Untracked 
| 137|0x0000000108900000, 0x0000000108a00000, 0x0000000108a00000|100%| O|  |TAMS 0x0000000108900000, 0x0000000108900000| Untracked 
| 138|0x0000000108a00000, 0x0000000108b00000, 0x0000000108b00000|100%| O|  |TAMS 0x0000000108a00000, 0x0000000108a00000| Untracked 
| 139|0x0000000108b00000, 0x0000000108c00000, 0x0000000108c00000|100%| O|  |TAMS 0x0000000108b00000, 0x0000000108b00000| Untracked 
| 140|0x0000000108c00000, 0x0000000108d00000, 0x0000000108d00000|100%| O|  |TAMS 0x0000000108c00000, 0x0000000108c00000| Untracked 
| 141|0x0000000108d00000, 0x0000000108e00000, 0x0000000108e00000|100%| O|  |TAMS 0x0000000108d00000, 0x0000000108d00000| Untracked 
| 142|0x0000000108e00000, 0x0000000108f00000, 0x0000000108f00000|100%| O|  |TAMS 0x0000000108e00000, 0x0000000108e00000| Untracked 
| 143|0x0000000108f00000, 0x0000000109000000, 0x0000000109000000|100%| O|  |TAMS 0x0000000108f00000, 0x0000000108f00000| Untracked 
| 144|0x0000000109000000, 0x0000000109100000, 0x0000000109100000|100%|HS|  |TAMS 0x0000000109000000, 0x0000000109000000| Complete 
| 145|0x0000000109100000, 0x0000000109200000, 0x0000000109200000|100%|HC|  |TAMS 0x0000000109100000, 0x0000000109100000| Complete 
| 146|0x0000000109200000, 0x0000000109300000, 0x0000000109300000|100%| O|  |TAMS 0x0000000109200000, 0x0000000109200000| Untracked 
| 147|0x0000000109300000, 0x0000000109400000, 0x0000000109400000|100%| O|  |TAMS 0x0000000109300000, 0x0000000109300000| Untracked 
| 148|0x0000000109400000, 0x0000000109500000, 0x0000000109500000|100%| O|  |TAMS 0x0000000109400000, 0x0000000109400000| Untracked 
| 149|0x0000000109500000, 0x0000000109600000, 0x0000000109600000|100%| O|  |TAMS 0x0000000109500000, 0x0000000109500000| Untracked 
| 150|0x0000000109600000, 0x0000000109700000, 0x0000000109700000|100%| O|  |TAMS 0x0000000109600000, 0x0000000109600000| Untracked 
| 151|0x0000000109700000, 0x0000000109800000, 0x0000000109800000|100%| O|  |TAMS 0x0000000109700000, 0x0000000109700000| Untracked 
| 152|0x0000000109800000, 0x0000000109900000, 0x0000000109900000|100%| O|  |TAMS 0x0000000109800000, 0x0000000109800000| Untracked 
| 153|0x0000000109900000, 0x0000000109a00000, 0x0000000109a00000|100%| O|  |TAMS 0x0000000109900000, 0x0000000109900000| Untracked 
| 154|0x0000000109a00000, 0x0000000109b00000, 0x0000000109b00000|100%| O|  |TAMS 0x0000000109a00000, 0x0000000109a00000| Untracked 
| 155|0x0000000109b00000, 0x0000000109c00000, 0x0000000109c00000|100%| O|  |TAMS 0x0000000109b00000, 0x0000000109b00000| Untracked 
| 156|0x0000000109c00000, 0x0000000109d00000, 0x0000000109d00000|100%| O|  |TAMS 0x0000000109c00000, 0x0000000109c00000| Untracked 
| 157|0x0000000109d00000, 0x0000000109e00000, 0x0000000109e00000|100%| O|  |TAMS 0x0000000109d00000, 0x0000000109d00000| Untracked 
| 158|0x0000000109e00000, 0x0000000109f00000, 0x0000000109f00000|100%| O|  |TAMS 0x0000000109e00000, 0x0000000109e00000| Untracked 
| 159|0x0000000109f00000, 0x000000010a000000, 0x000000010a000000|100%| O|  |TAMS 0x0000000109f00000, 0x0000000109f00000| Untracked 
| 160|0x000000010a000000, 0x000000010a100000, 0x000000010a100000|100%| O|  |TAMS 0x000000010a000000, 0x000000010a000000| Untracked 
| 161|0x000000010a100000, 0x000000010a200000, 0x000000010a200000|100%|HS|  |TAMS 0x000000010a100000, 0x000000010a100000| Complete 
| 162|0x000000010a200000, 0x000000010a300000, 0x000000010a300000|100%|HS|  |TAMS 0x000000010a200000, 0x000000010a200000| Complete 
| 163|0x000000010a300000, 0x000000010a400000, 0x000000010a400000|100%| O|  |TAMS 0x000000010a300000, 0x000000010a300000| Untracked 
| 164|0x000000010a400000, 0x000000010a500000, 0x000000010a500000|100%| O|  |TAMS 0x000000010a400000, 0x000000010a400000| Untracked 
| 165|0x000000010a500000, 0x000000010a600000, 0x000000010a600000|100%| O|  |TAMS 0x000000010a500000, 0x000000010a500000| Untracked 
| 166|0x000000010a600000, 0x000000010a700000, 0x000000010a700000|100%| O|  |TAMS 0x000000010a600000, 0x000000010a600000| Untracked 
| 167|0x000000010a700000, 0x000000010a800000, 0x000000010a800000|100%| O|  |TAMS 0x000000010a700000, 0x000000010a700000| Untracked 
| 168|0x000000010a800000, 0x000000010a900000, 0x000000010a900000|100%| O|  |TAMS 0x000000010a800000, 0x000000010a800000| Untracked 
| 169|0x000000010a900000, 0x000000010aa00000, 0x000000010aa00000|100%| O|  |TAMS 0x000000010a900000, 0x000000010a900000| Untracked 
| 170|0x000000010aa00000, 0x000000010ab00000, 0x000000010ab00000|100%| O|  |TAMS 0x000000010aa00000, 0x000000010aa00000| Untracked 
| 171|0x000000010ab00000, 0x000000010ac00000, 0x000000010ac00000|100%| O|  |TAMS 0x000000010ab00000, 0x000000010ab00000| Untracked 
| 172|0x000000010ac00000, 0x000000010ad00000, 0x000000010ad00000|100%| O|  |TAMS 0x000000010ac00000, 0x000000010ac00000| Untracked 
| 173|0x000000010ad00000, 0x000000010ae00000, 0x000000010ae00000|100%| O|  |TAMS 0x000000010ad00000, 0x000000010ad00000| Untracked 
| 174|0x000000010ae00000, 0x000000010af00000, 0x000000010af00000|100%| O|  |TAMS 0x000000010ae00000, 0x000000010ae00000| Untracked 
| 175|0x000000010af00000, 0x000000010b000000, 0x000000010b000000|100%| O|  |TAMS 0x000000010af00000, 0x000000010af00000| Untracked 
| 176|0x000000010b000000, 0x000000010b100000, 0x000000010b100000|100%| O|  |TAMS 0x000000010b000000, 0x000000010b000000| Untracked 
| 177|0x000000010b100000, 0x000000010b200000, 0x000000010b200000|100%| O|  |TAMS 0x000000010b100000, 0x000000010b100000| Untracked 
| 178|0x000000010b200000, 0x000000010b300000, 0x000000010b300000|100%| O|  |TAMS 0x000000010b200000, 0x000000010b200000| Untracked 
| 179|0x000000010b300000, 0x000000010b400000, 0x000000010b400000|100%| O|  |TAMS 0x000000010b300000, 0x000000010b300000| Untracked 
| 180|0x000000010b400000, 0x000000010b500000, 0x000000010b500000|100%| O|  |TAMS 0x000000010b400000, 0x000000010b400000| Untracked 
| 181|0x000000010b500000, 0x000000010b600000, 0x000000010b600000|100%| O|  |TAMS 0x000000010b500000, 0x000000010b500000| Untracked 
| 182|0x000000010b600000, 0x000000010b700000, 0x000000010b700000|100%| O|  |TAMS 0x000000010b600000, 0x000000010b600000| Untracked 
| 183|0x000000010b700000, 0x000000010b800000, 0x000000010b800000|100%| O|  |TAMS 0x000000010b700000, 0x000000010b700000| Untracked 
| 184|0x000000010b800000, 0x000000010b900000, 0x000000010b900000|100%| O|  |TAMS 0x000000010b800000, 0x000000010b800000| Untracked 
| 185|0x000000010b900000, 0x000000010ba00000, 0x000000010ba00000|100%| O|  |TAMS 0x000000010b900000, 0x000000010b900000| Untracked 
| 186|0x000000010ba00000, 0x000000010bb00000, 0x000000010bb00000|100%| O|  |TAMS 0x000000010ba00000, 0x000000010ba00000| Untracked 
| 187|0x000000010bb00000, 0x000000010bc00000, 0x000000010bc00000|100%| O|  |TAMS 0x000000010bb00000, 0x000000010bb00000| Untracked 
| 188|0x000000010bc00000, 0x000000010bd00000, 0x000000010bd00000|100%| O|  |TAMS 0x000000010bc00000, 0x000000010bc00000| Untracked 
| 189|0x000000010bd00000, 0x000000010be00000, 0x000000010be00000|100%| O|  |TAMS 0x000000010bd00000, 0x000000010bd00000| Untracked 
| 190|0x000000010be00000, 0x000000010bf00000, 0x000000010bf00000|100%| O|  |TAMS 0x000000010be00000, 0x000000010be00000| Untracked 
| 191|0x000000010bf00000, 0x000000010c000000, 0x000000010c000000|100%| O|  |TAMS 0x000000010bf00000, 0x000000010bf00000| Untracked 
| 192|0x000000010c000000, 0x000000010c100000, 0x000000010c100000|100%| O|  |TAMS 0x000000010c000000, 0x000000010c000000| Untracked 
| 193|0x000000010c100000, 0x000000010c200000, 0x000000010c200000|100%| O|  |TAMS 0x000000010c100000, 0x000000010c100000| Untracked 
| 194|0x000000010c200000, 0x000000010c300000, 0x000000010c300000|100%| O|  |TAMS 0x000000010c200000, 0x000000010c200000| Untracked 
| 195|0x000000010c300000, 0x000000010c400000, 0x000000010c400000|100%| O|  |TAMS 0x000000010c300000, 0x000000010c300000| Untracked 
| 196|0x000000010c400000, 0x000000010c500000, 0x000000010c500000|100%| O|  |TAMS 0x000000010c400000, 0x000000010c400000| Untracked 
| 197|0x000000010c500000, 0x000000010c539c00, 0x000000010c600000| 22%| O|  |TAMS 0x000000010c500000, 0x000000010c500000| Untracked 
| 198|0x000000010c600000, 0x000000010c600000, 0x000000010c700000|  0%| F|  |TAMS 0x000000010c600000, 0x000000010c600000| Untracked 
| 199|0x000000010c700000, 0x000000010c700000, 0x000000010c800000|  0%| F|  |TAMS 0x000000010c700000, 0x000000010c700000| Untracked 
| 200|0x000000010c800000, 0x000000010c900000, 0x000000010c900000|100%| O|  |TAMS 0x000000010c800000, 0x000000010c800000| Untracked 
| 201|0x000000010c900000, 0x000000010ca00000, 0x000000010ca00000|100%| O|  |TAMS 0x000000010c900000, 0x000000010c900000| Untracked 
| 202|0x000000010ca00000, 0x000000010cb00000, 0x000000010cb00000|100%| O|  |TAMS 0x000000010ca00000, 0x000000010ca00000| Untracked 
| 203|0x000000010cb00000, 0x000000010cc00000, 0x000000010cc00000|100%| O|  |TAMS 0x000000010cb00000, 0x000000010cb00000| Untracked 
| 204|0x000000010cc00000, 0x000000010cd00000, 0x000000010cd00000|100%| O|  |TAMS 0x000000010cc00000, 0x000000010cc00000| Untracked 
| 205|0x000000010cd00000, 0x000000010cd00000, 0x000000010ce00000|  0%| F|  |TAMS 0x000000010cd00000, 0x000000010cd00000| Untracked 
| 206|0x000000010ce00000, 0x000000010ce00000, 0x000000010cf00000|  0%| F|  |TAMS 0x000000010ce00000, 0x000000010ce00000| Untracked 
| 207|0x000000010cf00000, 0x000000010cf00000, 0x000000010d000000|  0%| F|  |TAMS 0x000000010cf00000, 0x000000010cf00000| Untracked 
| 208|0x000000010d000000, 0x000000010d000000, 0x000000010d100000|  0%| F|  |TAMS 0x000000010d000000, 0x000000010d000000| Untracked 
| 209|0x000000010d100000, 0x000000010d100000, 0x000000010d200000|  0%| F|  |TAMS 0x000000010d100000, 0x000000010d100000| Untracked 
| 210|0x000000010d200000, 0x000000010d200000, 0x000000010d300000|  0%| F|  |TAMS 0x000000010d200000, 0x000000010d200000| Untracked 
| 211|0x000000010d300000, 0x000000010d300000, 0x000000010d400000|  0%| F|  |TAMS 0x000000010d300000, 0x000000010d300000| Untracked 
| 212|0x000000010d400000, 0x000000010d400000, 0x000000010d500000|  0%| F|  |TAMS 0x000000010d400000, 0x000000010d400000| Untracked 
| 213|0x000000010d500000, 0x000000010d500000, 0x000000010d600000|  0%| F|  |TAMS 0x000000010d500000, 0x000000010d500000| Untracked 
| 214|0x000000010d600000, 0x000000010d600000, 0x000000010d700000|  0%| F|  |TAMS 0x000000010d600000, 0x000000010d600000| Untracked 
| 215|0x000000010d700000, 0x000000010d700000, 0x000000010d800000|  0%| F|  |TAMS 0x000000010d700000, 0x000000010d700000| Untracked 
| 216|0x000000010d800000, 0x000000010d800000, 0x000000010d900000|  0%| F|  |TAMS 0x000000010d800000, 0x000000010d800000| Untracked 
| 217|0x000000010d900000, 0x000000010d900000, 0x000000010da00000|  0%| F|  |TAMS 0x000000010d900000, 0x000000010d900000| Untracked 
| 218|0x000000010da00000, 0x000000010da00000, 0x000000010db00000|  0%| F|  |TAMS 0x000000010da00000, 0x000000010da00000| Untracked 
| 219|0x000000010db00000, 0x000000010db00000, 0x000000010dc00000|  0%| F|  |TAMS 0x000000010db00000, 0x000000010db00000| Untracked 
| 220|0x000000010dc00000, 0x000000010dc00000, 0x000000010dd00000|  0%| F|  |TAMS 0x000000010dc00000, 0x000000010dc00000| Untracked 
| 221|0x000000010dd00000, 0x000000010dd00000, 0x000000010de00000|  0%| F|  |TAMS 0x000000010dd00000, 0x000000010dd00000| Untracked 
| 222|0x000000010de00000, 0x000000010de00000, 0x000000010df00000|  0%| F|  |TAMS 0x000000010de00000, 0x000000010de00000| Untracked 
| 223|0x000000010df00000, 0x000000010df00000, 0x000000010e000000|  0%| F|  |TAMS 0x000000010df00000, 0x000000010df00000| Untracked 
| 224|0x000000010e000000, 0x000000010e000000, 0x000000010e100000|  0%| F|  |TAMS 0x000000010e000000, 0x000000010e000000| Untracked 
| 225|0x000000010e100000, 0x000000010e100000, 0x000000010e200000|  0%| F|  |TAMS 0x000000010e100000, 0x000000010e100000| Untracked 
| 226|0x000000010e200000, 0x000000010e200000, 0x000000010e300000|  0%| F|  |TAMS 0x000000010e200000, 0x000000010e200000| Untracked 
| 227|0x000000010e300000, 0x000000010e300000, 0x000000010e400000|  0%| F|  |TAMS 0x000000010e300000, 0x000000010e300000| Untracked 
| 228|0x000000010e400000, 0x000000010e400000, 0x000000010e500000|  0%| F|  |TAMS 0x000000010e400000, 0x000000010e400000| Untracked 
| 229|0x000000010e500000, 0x000000010e500000, 0x000000010e600000|  0%| F|  |TAMS 0x000000010e500000, 0x000000010e500000| Untracked 
| 230|0x000000010e600000, 0x000000010e600000, 0x000000010e700000|  0%| F|  |TAMS 0x000000010e600000, 0x000000010e600000| Untracked 
| 231|0x000000010e700000, 0x000000010e700000, 0x000000010e800000|  0%| F|  |TAMS 0x000000010e700000, 0x000000010e700000| Untracked 
| 232|0x000000010e800000, 0x000000010e800000, 0x000000010e900000|  0%| F|  |TAMS 0x000000010e800000, 0x000000010e800000| Untracked 
| 233|0x000000010e900000, 0x000000010e900000, 0x000000010ea00000|  0%| F|  |TAMS 0x000000010e900000, 0x000000010e900000| Untracked 
| 234|0x000000010ea00000, 0x000000010ea00000, 0x000000010eb00000|  0%| F|  |TAMS 0x000000010ea00000, 0x000000010ea00000| Untracked 
| 235|0x000000010eb00000, 0x000000010eb00000, 0x000000010ec00000|  0%| F|  |TAMS 0x000000010eb00000, 0x000000010eb00000| Untracked 
| 236|0x000000010ec00000, 0x000000010ecf2348, 0x000000010ed00000| 94%| S|CS|TAMS 0x000000010ec00000, 0x000000010ec00000| Complete 
| 237|0x000000010ed00000, 0x000000010ee00000, 0x000000010ee00000|100%| S|CS|TAMS 0x000000010ed00000, 0x000000010ed00000| Complete 
| 238|0x000000010ee00000, 0x000000010ef00000, 0x000000010ef00000|100%| S|CS|TAMS 0x000000010ee00000, 0x000000010ee00000| Complete 
| 239|0x000000010ef00000, 0x000000010ef00000, 0x000000010f000000|  0%| F|  |TAMS 0x000000010ef00000, 0x000000010ef00000| Untracked 
| 240|0x000000010f000000, 0x000000010f000000, 0x000000010f100000|  0%| F|  |TAMS 0x000000010f000000, 0x000000010f000000| Untracked 
| 241|0x000000010f100000, 0x000000010f100000, 0x000000010f200000|  0%| F|  |TAMS 0x000000010f100000, 0x000000010f100000| Untracked 
| 242|0x000000010f200000, 0x000000010f200000, 0x000000010f300000|  0%| F|  |TAMS 0x000000010f200000, 0x000000010f200000| Untracked 
| 243|0x000000010f300000, 0x000000010f300000, 0x000000010f400000|  0%| F|  |TAMS 0x000000010f300000, 0x000000010f300000| Untracked 
| 244|0x000000010f400000, 0x000000010f400000, 0x000000010f500000|  0%| F|  |TAMS 0x000000010f400000, 0x000000010f400000| Untracked 
| 245|0x000000010f500000, 0x000000010f500000, 0x000000010f600000|  0%| F|  |TAMS 0x000000010f500000, 0x000000010f500000| Untracked 
| 246|0x000000010f600000, 0x000000010f600000, 0x000000010f700000|  0%| F|  |TAMS 0x000000010f600000, 0x000000010f600000| Untracked 
| 247|0x000000010f700000, 0x000000010f700000, 0x000000010f800000|  0%| F|  |TAMS 0x000000010f700000, 0x000000010f700000| Untracked 
| 248|0x000000010f800000, 0x000000010f800000, 0x000000010f900000|  0%| F|  |TAMS 0x000000010f800000, 0x000000010f800000| Untracked 
| 249|0x000000010f900000, 0x000000010f900000, 0x000000010fa00000|  0%| F|  |TAMS 0x000000010f900000, 0x000000010f900000| Untracked 
| 250|0x000000010fa00000, 0x000000010fa07a60, 0x000000010fb00000|  2%| E|  |TAMS 0x000000010fa00000, 0x000000010fa00000| Complete 
| 251|0x000000010fb00000, 0x000000010fc00000, 0x000000010fc00000|100%| E|CS|TAMS 0x000000010fb00000, 0x000000010fb00000| Complete 
| 252|0x000000010fc00000, 0x000000010fd00000, 0x000000010fd00000|100%| E|CS|TAMS 0x000000010fc00000, 0x000000010fc00000| Complete 
| 253|0x000000010fd00000, 0x000000010fe00000, 0x000000010fe00000|100%| E|CS|TAMS 0x000000010fd00000, 0x000000010fd00000| Complete 
| 254|0x000000010fe00000, 0x000000010ff00000, 0x000000010ff00000|100%| E|  |TAMS 0x000000010fe00000, 0x000000010fe00000| Complete 
| 255|0x000000010ff00000, 0x0000000110000000, 0x0000000110000000|100%| E|CS|TAMS 0x000000010ff00000, 0x000000010ff00000| Complete 
| 256|0x0000000110000000, 0x0000000110100000, 0x0000000110100000|100%| E|CS|TAMS 0x0000000110000000, 0x0000000110000000| Complete 
| 257|0x0000000110100000, 0x0000000110200000, 0x0000000110200000|100%| E|CS|TAMS 0x0000000110100000, 0x0000000110100000| Complete 
| 258|0x0000000110200000, 0x0000000110300000, 0x0000000110300000|100%| E|CS|TAMS 0x0000000110200000, 0x0000000110200000| Complete 
| 259|0x0000000110300000, 0x0000000110400000, 0x0000000110400000|100%| E|CS|TAMS 0x0000000110300000, 0x0000000110300000| Complete 
| 260|0x0000000110400000, 0x0000000110500000, 0x0000000110500000|100%| E|CS|TAMS 0x0000000110400000, 0x0000000110400000| Complete 

Card table byte_map: [0x00000283dd600000,0x00000283dd800000] _byte_map_base: 0x00000283dce00000

Marking Bits (Prev, Next): (CMBitMap*) 0x00000283cf292780, (CMBitMap*) 0x00000283cf292740
 Prev Bits: [0x00000283dea00000, 0x00000283dfa00000)
 Next Bits: [0x00000283dda00000, 0x00000283dea00000)

Polling page: 0x00000283cd100000

Metaspace:

Usage:
  Non-class:     98.41 MB used.
      Class:     15.43 MB used.
       Both:    113.84 MB used.

Virtual space:
  Non-class space:      128.00 MB reserved,      99.00 MB ( 77%) committed,  2 nodes.
      Class space:      320.00 MB reserved,      16.00 MB (  5%) committed,  1 nodes.
             Both:      448.00 MB reserved,     115.00 MB ( 26%) committed. 

Chunk freelists:
   Non-Class:  12.72 MB
       Class:  45.00 KB
        Both:  12.76 MB

MaxMetaspaceSize: 384.00 MB
CompressedClassSpaceSize: 320.00 MB
Initial GC threshold: 21.00 MB
Current GC threshold: 115.44 MB
CDS: on
MetaspaceReclaimPolicy: balanced
 - commit_granule_bytes: 65536.
 - commit_granule_words: 8192.
 - virtual_space_node_default_size: 8388608.
 - enlarge_chunks_in_place: 1.
 - new_chunks_are_fully_committed: 0.
 - uncommit_free_chunks: 1.
 - use_allocation_guard: 0.
 - handle_deallocations: 1.


Internal statistics:

num_allocs_failed_limit: 9.
num_arena_births: 1722.
num_arena_deaths: 0.
num_vsnodes_births: 3.
num_vsnodes_deaths: 0.
num_space_committed: 1839.
num_space_uncommitted: 0.
num_chunks_returned_to_freelist: 9.
num_chunks_taken_from_freelist: 6994.
num_chunk_merges: 9.
num_chunk_splits: 4509.
num_chunks_enlarged: 2838.
num_inconsistent_stats: 0.

CodeCache: size=98304Kb used=44823Kb max_used=44998Kb free=53480Kb
 bounds [0x00000283d6da0000, 0x00000283d99d0000, 0x00000283dcda0000]
 total_blobs=15994 nmethods=14989 adapters=913
 compilation: enabled
              stopped_count=0, restarted_count=0
 full_count=0

Compilation events (20 events):
Event: 34.771 Thread 0x00000283815e2600 18104       4       com.esotericsoftware.kryo.io.Input::readAscii (94 bytes)
Event: 34.779 Thread 0x00000283815e7060 18117       3       org.gradle.internal.snapshot.VfsRelativePath::lengthOfCommonPrefix (173 bytes)
Event: 34.780 Thread 0x00000283815e2600 nmethod 18104 0x00000283d928a410 code [0x00000283d928a5c0, 0x00000283d928ada8]
Event: 34.780 Thread 0x00000283815e2600 18063       4       org.gradle.api.internal.artifacts.ivyservice.resolveengine.result.DesugaredAttributeContainerSerializer::read (155 bytes)
Event: 34.781 Thread 0x00000283815e7060 nmethod 18117 0x00000283d7254210 code [0x00000283d7254640, 0x00000283d7256808]
Event: 34.787 Thread 0x00000283815e7060 18118       2       org.gradle.internal.snapshot.impl.DirectorySnapshotterStatistics$CollectingFileVisitor::visitFile (10 bytes)
Event: 34.787 Thread 0x00000283815e7060 nmethod 18118 0x00000283d7a3d310 code [0x00000283d7a3d4c0, 0x00000283d7a3d698]
Event: 34.816 Thread 0x00000283e298da40 18119   !   3       org.gradle.internal.serialize.kryo.KryoBackedDecoder::readSmallLong (16 bytes)
Event: 34.816 Thread 0x00000283e298da40 nmethod 18119 0x00000283d91a7110 code [0x00000283d91a7320, 0x00000283d91a7948]
Event: 34.820 Thread 0x00000283e298da40 18120       2       org.gradle.internal.snapshot.impl.DirectorySnapshotter$PathVisitor::snapshotFile (216 bytes)
Event: 34.821 Thread 0x00000283e298da40 nmethod 18120 0x00000283d921cd10 code [0x00000283d921d0a0, 0x00000283d921e368]
Event: 34.824 Thread 0x00000283e298da40 18121       3       org.gradle.api.internal.artifacts.transform.TransformStep::createInvocation (58 bytes)
Event: 34.825 Thread 0x00000283e298da40 nmethod 18121 0x00000283d82d7a90 code [0x00000283d82d7d00, 0x00000283d82d8aa8]
Event: 34.842 Thread 0x00000283815e10c0 18126       2       org.gradle.tooling.internal.provider.runner.ClientBuildEventGenerator::progress (36 bytes)
Event: 34.842 Thread 0x00000283815e10c0 nmethod 18126 0x00000283d7b2c990 code [0x00000283d7b2cb60, 0x00000283d7b2cd68]
Event: 34.899 Thread 0x00000283815e10c0 18130   !   2       org.gradle.internal.execution.impl.DefaultInputFingerprinter$InputCollectingVisitor::visitInputProperty (115 bytes)
Event: 34.901 Thread 0x00000283815e10c0 nmethod 18130 0x00000283d8af2690 code [0x00000283d8af2960, 0x00000283d8af3538]
Event: 34.904 Thread 0x00000283815e7060 18131       3       javax.management.ObjectName::<init> (15 bytes)
Event: 34.904 Thread 0x00000283815e7060 nmethod 18131 0x00000283d8ca5610 code [0x00000283d8ca57c0, 0x00000283d8ca5968]
Event: 34.925 Thread 0x00000283815e7060 18132       2       com.google.common.collect.ImmutableListMultimap::fromMapEntries (141 bytes)

GC Heap History (20 events):
Event: 26.913 GC heap before
{Heap before GC invocations=45 (full 0):
 garbage-first heap   total 267264K, used 219412K [0x0000000100000000, 0x0000000140000000)
  region size 1024K, 60 young (61440K), 9 survivors (9216K)
 Metaspace       used 103624K, committed 104640K, reserved 458752K
  class space    used 14290K, committed 14784K, reserved 327680K
}
Event: 26.917 GC heap after
{Heap after GC invocations=46 (full 0):
 garbage-first heap   total 267264K, used 168931K [0x0000000100000000, 0x0000000140000000)
  region size 1024K, 5 young (5120K), 5 survivors (5120K)
 Metaspace       used 103624K, committed 104640K, reserved 458752K
  class space    used 14290K, committed 14784K, reserved 327680K
}
Event: 27.320 GC heap before
{Heap before GC invocations=46 (full 0):
 garbage-first heap   total 267264K, used 223203K [0x0000000100000000, 0x0000000140000000)
  region size 1024K, 56 young (57344K), 5 survivors (5120K)
 Metaspace       used 104155K, committed 105216K, reserved 458752K
  class space    used 14346K, committed 14848K, reserved 327680K
}
Event: 27.325 GC heap after
{Heap after GC invocations=47 (full 0):
 garbage-first heap   total 267264K, used 179373K [0x0000000100000000, 0x0000000140000000)
  region size 1024K, 7 young (7168K), 7 survivors (7168K)
 Metaspace       used 104155K, committed 105216K, reserved 458752K
  class space    used 14346K, committed 14848K, reserved 327680K
}
Event: 27.764 GC heap before
{Heap before GC invocations=47 (full 0):
 garbage-first heap   total 267264K, used 221357K [0x0000000100000000, 0x0000000140000000)
  region size 1024K, 48 young (49152K), 7 survivors (7168K)
 Metaspace       used 106585K, committed 107648K, reserved 458752K
  class space    used 14695K, committed 15168K, reserved 327680K
}
Event: 27.770 GC heap after
{Heap after GC invocations=48 (full 0):
 garbage-first heap   total 267264K, used 183031K [0x0000000100000000, 0x0000000140000000)
  region size 1024K, 4 young (4096K), 4 survivors (4096K)
 Metaspace       used 106585K, committed 107648K, reserved 458752K
  class space    used 14695K, committed 15168K, reserved 327680K
}
Event: 28.463 GC heap before
{Heap before GC invocations=48 (full 0):
 garbage-first heap   total 267264K, used 223991K [0x0000000100000000, 0x0000000140000000)
  region size 1024K, 44 young (45056K), 4 survivors (4096K)
 Metaspace       used 110094K, committed 111168K, reserved 458752K
  class space    used 15157K, committed 15680K, reserved 327680K
}
Event: 28.467 GC heap after
{Heap after GC invocations=49 (full 0):
 garbage-first heap   total 267264K, used 184657K [0x0000000100000000, 0x0000000140000000)
  region size 1024K, 5 young (5120K), 5 survivors (5120K)
 Metaspace       used 110094K, committed 111168K, reserved 458752K
  class space    used 15157K, committed 15680K, reserved 327680K
}
Event: 29.116 GC heap before
{Heap before GC invocations=49 (full 0):
 garbage-first heap   total 267264K, used 226641K [0x0000000100000000, 0x0000000140000000)
  region size 1024K, 46 young (47104K), 5 survivors (5120K)
 Metaspace       used 111796K, committed 112896K, reserved 458752K
  class space    used 15365K, committed 15872K, reserved 327680K
}
Event: 29.121 GC heap after
{Heap after GC invocations=50 (full 0):
 garbage-first heap   total 267264K, used 190985K [0x0000000100000000, 0x0000000140000000)
  region size 1024K, 6 young (6144K), 6 survivors (6144K)
 Metaspace       used 111796K, committed 112896K, reserved 458752K
  class space    used 15365K, committed 15872K, reserved 327680K
}
Event: 29.683 GC heap before
{Heap before GC invocations=50 (full 0):
 garbage-first heap   total 267264K, used 226825K [0x0000000100000000, 0x0000000140000000)
  region size 1024K, 41 young (41984K), 6 survivors (6144K)
 Metaspace       used 113120K, committed 114304K, reserved 458752K
  class space    used 15519K, committed 16064K, reserved 327680K
}
Event: 29.690 GC heap after
{Heap after GC invocations=51 (full 0):
 garbage-first heap   total 267264K, used 195928K [0x0000000100000000, 0x0000000140000000)
  region size 1024K, 5 young (5120K), 5 survivors (5120K)
 Metaspace       used 113120K, committed 114304K, reserved 458752K
  class space    used 15519K, committed 16064K, reserved 327680K
}
Event: 30.225 GC heap before
{Heap before GC invocations=51 (full 0):
 garbage-first heap   total 267264K, used 226648K [0x0000000100000000, 0x0000000140000000)
  region size 1024K, 36 young (36864K), 5 survivors (5120K)
 Metaspace       used 114348K, committed 115584K, reserved 458752K
  class space    used 15626K, committed 16192K, reserved 327680K
}
Event: 30.234 GC heap after
{Heap after GC invocations=52 (full 0):
 garbage-first heap   total 267264K, used 203676K [0x0000000100000000, 0x0000000140000000)
  region size 1024K, 5 young (5120K), 5 survivors (5120K)
 Metaspace       used 114348K, committed 115584K, reserved 458752K
  class space    used 15626K, committed 16192K, reserved 327680K
}
Event: 32.441 GC heap before
{Heap before GC invocations=52 (full 0):
 garbage-first heap   total 267264K, used 232348K [0x0000000100000000, 0x0000000140000000)
  region size 1024K, 28 young (28672K), 5 survivors (5120K)
 Metaspace       used 116098K, committed 117312K, reserved 458752K
  class space    used 15750K, committed 16320K, reserved 327680K
}
Event: 33.419 GC heap after
{Heap after GC invocations=53 (full 0):
 garbage-first heap   total 267264K, used 206998K [0x0000000100000000, 0x0000000140000000)
  region size 1024K, 4 young (4096K), 4 survivors (4096K)
 Metaspace       used 116098K, committed 117312K, reserved 458752K
  class space    used 15750K, committed 16320K, reserved 327680K
}
Event: 33.963 GC heap before
{Heap before GC invocations=53 (full 0):
 garbage-first heap   total 267264K, used 227478K [0x0000000100000000, 0x0000000140000000)
  region size 1024K, 25 young (25600K), 4 survivors (4096K)
 Metaspace       used 116099K, committed 117312K, reserved 458752K
  class space    used 15750K, committed 16320K, reserved 327680K
}
Event: 34.436 GC heap after
{Heap after GC invocations=54 (full 0):
 garbage-first heap   total 267264K, used 208011K [0x0000000100000000, 0x0000000140000000)
  region size 1024K, 1 young (1024K), 1 survivors (1024K)
 Metaspace       used 116099K, committed 117312K, reserved 458752K
  class space    used 15750K, committed 16320K, reserved 327680K
}
Event: 34.761 GC heap before
{Heap before GC invocations=54 (full 0):
 garbage-first heap   total 267264K, used 229515K [0x0000000100000000, 0x0000000140000000)
  region size 1024K, 22 young (22528K), 1 survivors (1024K)
 Metaspace       used 116531K, committed 117696K, reserved 458752K
  class space    used 15795K, committed 16384K, reserved 327680K
}
Event: 34.763 GC heap after
{Heap after GC invocations=55 (full 0):
 garbage-first heap   total 267264K, used 210095K [0x0000000100000000, 0x0000000140000000)
  region size 1024K, 3 young (3072K), 3 survivors (3072K)
 Metaspace       used 116531K, committed 117696K, reserved 458752K
  class space    used 15795K, committed 16384K, reserved 327680K
}

Dll operation events (16 events):
Event: 0.020 Loaded shared library C:\Program Files\Eclipse Adoptium\jdk-17.0.15.6-hotspot\bin\java.dll
Event: 0.098 Loaded shared library C:\Program Files\Eclipse Adoptium\jdk-17.0.15.6-hotspot\bin\jsvml.dll
Event: 0.170 Loaded shared library C:\Program Files\Eclipse Adoptium\jdk-17.0.15.6-hotspot\bin\zip.dll
Event: 0.175 Loaded shared library C:\Program Files\Eclipse Adoptium\jdk-17.0.15.6-hotspot\bin\instrument.dll
Event: 0.187 Loaded shared library C:\Program Files\Eclipse Adoptium\jdk-17.0.15.6-hotspot\bin\net.dll
Event: 0.191 Loaded shared library C:\Program Files\Eclipse Adoptium\jdk-17.0.15.6-hotspot\bin\nio.dll
Event: 0.196 Loaded shared library C:\Program Files\Eclipse Adoptium\jdk-17.0.15.6-hotspot\bin\zip.dll
Event: 0.512 Loaded shared library C:\Program Files\Eclipse Adoptium\jdk-17.0.15.6-hotspot\bin\jimage.dll
Event: 0.687 Loaded shared library C:\Program Files\Eclipse Adoptium\jdk-17.0.15.6-hotspot\bin\verify.dll
Event: 0.818 Loaded shared library C:\Users\Acer\.gradle\native\1def1411415f61bf3af743bc5b6707747c0891f09f0c88961ee8f79bc544acac\windows-amd64\native-platform.dll
Event: 0.830 Loaded shared library C:\Users\Acer\.gradle\native\0.2.5\x86_64-windows-gnu\gradle-fileevents.dll
Event: 1.849 Loaded shared library C:\Program Files\Eclipse Adoptium\jdk-17.0.15.6-hotspot\bin\management.dll
Event: 1.854 Loaded shared library C:\Program Files\Eclipse Adoptium\jdk-17.0.15.6-hotspot\bin\management_ext.dll
Event: 2.061 Loaded shared library C:\Program Files\Eclipse Adoptium\jdk-17.0.15.6-hotspot\bin\extnet.dll
Event: 2.723 Loaded shared library C:\Program Files\Eclipse Adoptium\jdk-17.0.15.6-hotspot\bin\sunmscapi.dll
Event: 3.436 Loaded shared library C:\Users\Acer\AppData\Local\Temp\native-platform16647126182710625366dir\gradle-fileevents.dll

Deoptimization events (20 events):
Event: 34.764 Thread 0x00000283fe6efac0 DEOPT PACKING pc=0x00000283d97f9098 sp=0x000000ac855fd7f0
Event: 34.764 Thread 0x00000283fe6efac0 DEOPT UNPACKING pc=0x00000283d6df69a3 sp=0x000000ac855fd658 mode 2
Event: 34.765 Thread 0x00000283fe6efac0 Uncommon trap: trap_request=0xffffffde fr.pc=0x00000283d97f9098 relative=0x0000000000002518
Event: 34.765 Thread 0x00000283fe6efac0 Uncommon trap: reason=class_check action=maybe_recompile pc=0x00000283d97f9098 method=org.gradle.api.internal.attributes.immutable.artifact.ImmutableArtifactTypeRegistry.mapWithoutDefaultAttributesFor(Lorg/gradle/api/internal/attributes/ImmutableAttribute
Event: 34.765 Thread 0x00000283fe6efac0 DEOPT PACKING pc=0x00000283d97f9098 sp=0x000000ac855fd7f0
Event: 34.765 Thread 0x00000283fe6efac0 DEOPT UNPACKING pc=0x00000283d6df69a3 sp=0x000000ac855fd658 mode 2
Event: 34.765 Thread 0x00000283fe6efac0 Uncommon trap: trap_request=0xffffffde fr.pc=0x00000283d97e85d4 relative=0x00000000000025d4
Event: 34.765 Thread 0x00000283fe6efac0 Uncommon trap: reason=class_check action=maybe_recompile pc=0x00000283d97e85d4 method=org.gradle.api.internal.attributes.immutable.artifact.ImmutableArtifactTypeRegistry.mapWithoutDefaultAttributesFor(Lorg/gradle/api/internal/attributes/ImmutableAttribute
Event: 34.765 Thread 0x00000283fe6efac0 DEOPT PACKING pc=0x00000283d97e85d4 sp=0x000000ac855fd7c0
Event: 34.765 Thread 0x00000283fe6efac0 DEOPT UNPACKING pc=0x00000283d6df69a3 sp=0x000000ac855fd590 mode 2
Event: 34.771 Thread 0x00000283fe6efac0 Uncommon trap: trap_request=0xffffffde fr.pc=0x00000283d7cf4e0c relative=0x00000000000008cc
Event: 34.771 Thread 0x00000283fe6efac0 Uncommon trap: reason=class_check action=maybe_recompile pc=0x00000283d7cf4e0c method=org.gradle.internal.snapshot.impl.AbstractValueProcessor.processValue(Ljava/lang/Object;Lorg/gradle/internal/snapshot/impl/AbstractValueProcessor$ValueVisitor;)Ljava/lan
Event: 34.771 Thread 0x00000283fe6efac0 DEOPT PACKING pc=0x00000283d7cf4e0c sp=0x000000ac855fbb00
Event: 34.771 Thread 0x00000283fe6efac0 DEOPT UNPACKING pc=0x00000283d6df69a3 sp=0x000000ac855fbab0 mode 2
Event: 34.794 Thread 0x00000283fe6efac0 DEOPT PACKING pc=0x00000283d77dd48c sp=0x000000ac855fbf00
Event: 34.794 Thread 0x00000283fe6efac0 DEOPT UNPACKING pc=0x00000283d6df7143 sp=0x000000ac855fb480 mode 0
Event: 34.891 Thread 0x00000283fe6efac0 DEOPT PACKING pc=0x00000283d77dd48c sp=0x000000ac855fc090
Event: 34.891 Thread 0x00000283fe6efac0 DEOPT UNPACKING pc=0x00000283d6df7143 sp=0x000000ac855fb610 mode 0
Event: 35.929 Thread 0x00000283fe6efac0 DEOPT PACKING pc=0x00000283d77dd48c sp=0x000000ac855fb830
Event: 35.929 Thread 0x00000283fe6efac0 DEOPT UNPACKING pc=0x00000283d6df7143 sp=0x000000ac855fadb0 mode 0

Classes loaded (20 events):
Event: 28.100 Loading class jdk/internal/reflect/UnsafeIntegerFieldAccessorImpl
Event: 28.101 Loading class jdk/internal/reflect/UnsafeIntegerFieldAccessorImpl done
Event: 28.102 Loading class com/sun/org/apache/xerces/internal/impl/io/MalformedByteSequenceException
Event: 28.102 Loading class java/io/CharConversionException
Event: 28.103 Loading class java/io/CharConversionException done
Event: 28.103 Loading class com/sun/org/apache/xerces/internal/impl/io/MalformedByteSequenceException done
Event: 28.172 Loading class jdk/internal/reflect/UnsafeBooleanFieldAccessorImpl
Event: 28.173 Loading class jdk/internal/reflect/UnsafeBooleanFieldAccessorImpl done
Event: 28.261 Loading class java/nio/channels/Channels$1
Event: 28.261 Loading class java/nio/channels/Channels$1 done
Event: 28.326 Loading class java/util/stream/SortedOps$RefSortingSink
Event: 28.327 Loading class java/util/stream/SortedOps$RefSortingSink done
Event: 32.278 Loading class java/time/Instant$1
Event: 32.278 Loading class java/time/Instant$1 done
Event: 34.614 Loading class java/io/CharArrayWriter
Event: 34.614 Loading class java/io/CharArrayWriter done
Event: 34.619 Loading class java/io/SequenceInputStream
Event: 34.620 Loading class java/io/SequenceInputStream done
Event: 34.628 Loading class java/util/function/IntUnaryOperator
Event: 34.628 Loading class java/util/function/IntUnaryOperator done

Classes unloaded (0 events):
No events

Classes redefined (0 events):
No events

Internal exceptions (20 events):
Event: 28.393 Thread 0x00000283fd78a320 Exception <a 'sun/nio/fs/WindowsException'{0x000000010e396fd8}> (0x000000010e396fd8) 
thrown [s\src\hotspot\share\prims\jni.cpp, line 516]
Event: 28.467 Thread 0x00000283e296e070 Implicit null exception at 0x00000283d928a5fd to 0x00000283d928ac5c
Event: 28.695 Thread 0x00000283fd78a320 Implicit null exception at 0x00000283d769ce10 to 0x00000283d769ced8
Event: 28.735 Thread 0x00000283fd78a320 Implicit null exception at 0x00000283d842e20a to 0x00000283d842e2ee
Event: 28.792 Thread 0x00000283fd78a320 Implicit null exception at 0x00000283d89c44c3 to 0x00000283d89c457b
Event: 29.044 Thread 0x00000283fd78a320 Implicit null exception at 0x00000283d7e58765 to 0x00000283d7e58f5c
Event: 29.044 Thread 0x00000283fd78a320 Implicit null exception at 0x00000283d94684e1 to 0x00000283d946969c
Event: 29.044 Thread 0x00000283fd78a320 Implicit null exception at 0x00000283d866c6d6 to 0x00000283d866d088
Event: 29.115 Thread 0x00000283fd78a320 Implicit null exception at 0x00000283d94d6f01 to 0x00000283d94d7334
Event: 29.126 Thread 0x00000283fd78a320 Implicit null exception at 0x00000283d94fc1fa to 0x00000283d94fd3dc
Event: 29.308 Thread 0x00000283fd78a320 Exception <a 'java/lang/IncompatibleClassChangeError'{0x000000010f60dea0}: Found class java.lang.Object, but interface was expected> (0x000000010f60dea0) 
thrown [s\src\hotspot\share\interpreter\linkResolver.cpp, line 826]
Event: 29.759 Thread 0x00000283fd78a320 Implicit null exception at 0x00000283d954b0df to 0x00000283d954b194
Event: 29.972 Thread 0x00000283fd78a320 Exception <a 'java/lang/IncompatibleClassChangeError'{0x000000010f43f2d0}: Found class java.lang.Object, but interface was expected> (0x000000010f43f2d0) 
thrown [s\src\hotspot\share\interpreter\linkResolver.cpp, line 826]
Event: 30.283 Thread 0x00000283fd78a320 Exception <a 'java/lang/NoSuchMethodError'{0x0000000110048070}: static Lcom/android/build/gradle/internal/profile/ProjectData;.<clinit>()V> (0x0000000110048070) 
thrown [s\src\hotspot\share\prims\jni.cpp, line 1112]
Event: 30.291 Thread 0x00000283fd78a320 Exception <a 'java/lang/NoSuchMethodError'{0x00000001100d07b8}: static Lcom/android/build/gradle/internal/profile/TaskMetadata;.<clinit>()V> (0x00000001100d07b8) 
thrown [s\src\hotspot\share\prims\jni.cpp, line 1112]
Event: 30.347 Thread 0x00000283fd78a320 Exception <a 'sun/nio/fs/WindowsException'{0x000000010fa2fb88}> (0x000000010fa2fb88) 
thrown [s\src\hotspot\share\prims\jni.cpp, line 516]
Event: 31.235 Thread 0x00000283fede6e80 Exception <a 'java/lang/NoSuchMethodError'{0x000000010f8b6590}: static Ljava/lang/Object;.<clinit>()V> (0x000000010f8b6590) 
thrown [s\src\hotspot\share\prims\jni.cpp, line 1112]
Event: 31.237 Thread 0x00000283fede6e80 Exception <a 'java/lang/NoSuchMethodError'{0x000000010f8dacb0}: static Lorg/jetbrains/kotlin/gradle/plugin/statistics/MetricContainer;.<clinit>()V> (0x000000010f8dacb0) 
thrown [s\src\hotspot\share\prims\jni.cpp, line 1112]
Event: 32.271 Thread 0x00000283fe6efac0 Exception <a 'sun/nio/fs/WindowsException'{0x000000010f8c63e8}> (0x000000010f8c63e8) 
thrown [s\src\hotspot\share\prims\jni.cpp, line 516]
Event: 34.628 Thread 0x00000283fe6efac0 Exception <a 'java/lang/NoSuchMethodError'{0x000000010f539e50}: 'int java.lang.invoke.DirectMethodHandle$Holder.invokeSpecial(java.lang.Object, java.lang.Object, int)'> (0x000000010f539e50) 
thrown [s\src\hotspot\share\interpreter\linkResolver.cpp, line 759]

VM Operations (20 events):
Event: 32.359 Executing VM operation: HandshakeAllThreads done
Event: 32.441 Executing VM operation: G1CollectForAllocation
Event: 33.420 Executing VM operation: G1CollectForAllocation done
Event: 33.963 Executing VM operation: G1CollectForAllocation
Event: 34.436 Executing VM operation: G1CollectForAllocation done
Event: 34.527 Executing VM operation: HandshakeAllThreads
Event: 34.527 Executing VM operation: HandshakeAllThreads done
Event: 34.553 Executing VM operation: HandshakeAllThreads
Event: 34.553 Executing VM operation: HandshakeAllThreads done
Event: 34.555 Executing VM operation: HandshakeAllThreads
Event: 34.555 Executing VM operation: HandshakeAllThreads done
Event: 34.570 Executing VM operation: HandshakeAllThreads
Event: 34.570 Executing VM operation: HandshakeAllThreads done
Event: 34.759 Executing VM operation: ICBufferFull
Event: 34.759 Executing VM operation: ICBufferFull done
Event: 34.761 Executing VM operation: G1CollectForAllocation
Event: 34.763 Executing VM operation: G1CollectForAllocation done
Event: 34.768 Executing VM operation: HandshakeAllThreads
Event: 34.768 Executing VM operation: HandshakeAllThreads done
Event: 35.773 Executing VM operation: Cleanup

Memory protections (0 events):
No events

Nmethod flushes (20 events):
Event: 34.585 Thread 0x00000283e299cd10 flushing  nmethod 0x00000283d8200110
Event: 34.585 Thread 0x00000283e299cd10 flushing  nmethod 0x00000283d8200790
Event: 34.587 Thread 0x00000283e299cd10 flushing  nmethod 0x00000283d8493290
Event: 34.587 Thread 0x00000283e299cd10 flushing  nmethod 0x00000283d8493810
Event: 34.587 Thread 0x00000283e299cd10 flushing  nmethod 0x00000283d851e310
Event: 34.587 Thread 0x00000283e299cd10 flushing  nmethod 0x00000283d8628f90
Event: 34.589 Thread 0x00000283e299cd10 flushing  nmethod 0x00000283d8b21490
Event: 34.590 Thread 0x00000283e299cd10 flushing  nmethod 0x00000283d8ca7a10
Event: 34.593 Thread 0x00000283e299cd10 flushing  nmethod 0x00000283d9245d10
Event: 34.593 Thread 0x00000283e299cd10 flushing  nmethod 0x00000283d9269c10
Event: 34.593 Thread 0x00000283e299cd10 flushing  nmethod 0x00000283d9310810
Event: 34.594 Thread 0x00000283e299cd10 flushing  nmethod 0x00000283d94d4690
Event: 34.595 Thread 0x00000283e299cd10 flushing  nmethod 0x00000283d9861f90
Event: 34.595 Thread 0x00000283e299cd10 flushing  nmethod 0x00000283d9864a90
Event: 34.595 Thread 0x00000283e299cd10 flushing  nmethod 0x00000283d987f390
Event: 34.595 Thread 0x00000283e299cd10 flushing  nmethod 0x00000283d989a210
Event: 34.595 Thread 0x00000283e299cd10 flushing  nmethod 0x00000283d98afd10
Event: 34.596 Thread 0x00000283e299cd10 flushing  nmethod 0x00000283d98deb10
Event: 34.596 Thread 0x00000283e299cd10 flushing  nmethod 0x00000283d98df310
Event: 34.596 Thread 0x00000283e299cd10 flushing  nmethod 0x00000283d990f890

Events (20 events):
Event: 27.098 Thread 0x00000283e298da40 Thread added: 0x00000283815e3b40
Event: 27.118 Thread 0x00000283fd78a320 Thread added: 0x00000283886710b0
Event: 27.162 Thread 0x00000283fd78a320 Thread added: 0x0000028388670ba0
Event: 27.807 Thread 0x00000283e298d520 Thread added: 0x00000283815e4b30
Event: 28.102 Thread 0x00000283815e3b40 Thread added: 0x00000283815e2600
Event: 28.102 Thread 0x00000283815e3b40 Thread added: 0x00000283815e10c0
Event: 28.528 Thread 0x00000283e298da40 Thread added: 0x00000283815e55d0
Event: 29.750 Thread 0x00000283815e3b40 Thread added: 0x00000283815e5b20
Event: 30.353 Thread 0x00000283fd78a320 Thread added: 0x0000028388a914d0
Event: 30.354 Thread 0x00000283fd78a320 Thread added: 0x0000028388a90fc0
Event: 30.363 Thread 0x00000283fe6efac0 Thread added: 0x0000028388a92400
Event: 30.910 Thread 0x00000283815e5b20 Thread exited: 0x00000283815e5b20
Event: 30.911 Thread 0x00000283815e55d0 Thread exited: 0x00000283815e55d0
Event: 30.911 Thread 0x00000283815e10c0 Thread exited: 0x00000283815e10c0
Event: 31.231 Thread 0x00000283815e3b40 Thread exited: 0x00000283815e3b40
Event: 32.269 Thread 0x00000283e298d520 Thread added: 0x00000283815e3b40
Event: 32.269 Thread 0x00000283e298d520 Thread added: 0x00000283815e10c0
Event: 32.269 Thread 0x00000283e298d520 Thread added: 0x00000283815e55d0
Event: 33.420 Thread 0x00000283815e55d0 Thread exited: 0x00000283815e55d0
Event: 34.437 Thread 0x00000283815e3b40 Thread added: 0x00000283815e7060


Dynamic libraries:
0x00007ff671090000 - 0x00007ff67109e000 	C:\Program Files\Eclipse Adoptium\jdk-17.0.15.6-hotspot\bin\java.exe
0x00007ffff21a0000 - 0x00007ffff2406000 	C:\WINDOWS\SYSTEM32\ntdll.dll
0x00007ffff0a70000 - 0x00007ffff0b39000 	C:\WINDOWS\System32\KERNEL32.DLL
0x00007fffef680000 - 0x00007fffefa7f000 	C:\WINDOWS\System32\KERNELBASE.dll
0x00007fffef520000 - 0x00007fffef66c000 	C:\WINDOWS\System32\ucrtbase.dll
0x00007fffbb7d0000 - 0x00007fffbb7e7000 	C:\Program Files\Eclipse Adoptium\jdk-17.0.15.6-hotspot\bin\jli.dll
0x00007fffc7ad0000 - 0x00007fffc7aee000 	C:\Program Files\Eclipse Adoptium\jdk-17.0.15.6-hotspot\bin\VCRUNTIME140.dll
0x00007ffff16e0000 - 0x00007ffff18a6000 	C:\WINDOWS\System32\USER32.dll
0x00007fffdc0d0000 - 0x00007fffdc361000 	C:\WINDOWS\WinSxS\amd64_microsoft.windows.common-controls_6595b64144ccf1df_6.0.26100.8972_none_3e0da176e32f9d4b\COMCTL32.dll
0x00007fffef4f0000 - 0x00007fffef517000 	C:\WINDOWS\System32\win32u.dll
0x00007ffff0b50000 - 0x00007ffff0bf9000 	C:\WINDOWS\System32\msvcrt.dll
0x00007ffff0180000 - 0x00007ffff01ab000 	C:\WINDOWS\System32\GDI32.dll
0x00007fffefc10000 - 0x00007fffefd39000 	C:\WINDOWS\System32\gdi32full.dll
0x00007fffef3b0000 - 0x00007fffef453000 	C:\WINDOWS\System32\msvcp_win.dll
0x00007ffff1f40000 - 0x00007ffff1f72000 	C:\WINDOWS\System32\IMM32.DLL
0x00007fffe6190000 - 0x00007fffe619c000 	C:\Program Files\Eclipse Adoptium\jdk-17.0.15.6-hotspot\bin\vcruntime140_1.dll
0x00007fffa2720000 - 0x00007fffa27ad000 	C:\Program Files\Eclipse Adoptium\jdk-17.0.15.6-hotspot\bin\msvcp140.dll
0x00007fff777d0000 - 0x00007fff7843b000 	C:\Program Files\Eclipse Adoptium\jdk-17.0.15.6-hotspot\bin\server\jvm.dll
0x00007ffff00b0000 - 0x00007ffff016c000 	C:\WINDOWS\System32\ADVAPI32.dll
0x00007ffff02d0000 - 0x00007ffff037a000 	C:\WINDOWS\System32\sechost.dll
0x00007ffff1c50000 - 0x00007ffff1d68000 	C:\WINDOWS\System32\RPCRT4.dll
0x00007ffff0c00000 - 0x00007ffff0c82000 	C:\WINDOWS\System32\WS2_32.dll
0x00007fffdf7b0000 - 0x00007fffdf7e6000 	C:\WINDOWS\SYSTEM32\WINMM.dll
0x00007fffef210000 - 0x00007fffef26e000 	C:\WINDOWS\SYSTEM32\POWRPROF.dll
0x00007fffe50a0000 - 0x00007fffe50ab000 	C:\WINDOWS\SYSTEM32\VERSION.dll
0x00007fffef1f0000 - 0x00007fffef205000 	C:\WINDOWS\SYSTEM32\UMPDC.dll
0x00007fffee070000 - 0x00007fffee08b000 	C:\WINDOWS\SYSTEM32\kernel.appcore.dll
0x00007fffcb680000 - 0x00007fffcb68a000 	C:\Program Files\Eclipse Adoptium\jdk-17.0.15.6-hotspot\bin\jimage.dll
0x00007fffec970000 - 0x00007fffecbb2000 	C:\WINDOWS\SYSTEM32\DBGHELP.DLL
0x00007ffff18b0000 - 0x00007ffff1c35000 	C:\WINDOWS\System32\combase.dll
0x00007fffefed0000 - 0x00007fffeffa9000 	C:\WINDOWS\System32\OLEAUT32.dll
0x00007fffe95b0000 - 0x00007fffe95eb000 	C:\WINDOWS\SYSTEM32\dbgcore.DLL
0x00007fffefb50000 - 0x00007fffefbfc000 	C:\WINDOWS\System32\bcryptPrimitives.dll
0x00007fffa2550000 - 0x00007fffa255e000 	C:\Program Files\Eclipse Adoptium\jdk-17.0.15.6-hotspot\bin\instrument.dll
0x00007fffa26a0000 - 0x00007fffa26c5000 	C:\Program Files\Eclipse Adoptium\jdk-17.0.15.6-hotspot\bin\java.dll
0x00007fffa2590000 - 0x00007fffa2667000 	C:\Program Files\Eclipse Adoptium\jdk-17.0.15.6-hotspot\bin\jsvml.dll
0x00007ffff0f50000 - 0x00007ffff16d8000 	C:\WINDOWS\System32\SHELL32.dll
0x00007fffece40000 - 0x00007fffed6db000 	C:\WINDOWS\SYSTEM32\windows.storage.dll
0x00007ffff0ce0000 - 0x00007ffff0dd9000 	C:\WINDOWS\System32\SHCORE.dll
0x00007fffeffc0000 - 0x00007ffff0026000 	C:\WINDOWS\System32\shlwapi.dll
0x00007fffef2d0000 - 0x00007fffef2f9000 	C:\WINDOWS\SYSTEM32\profapi.dll
0x00007fffa2570000 - 0x00007fffa2588000 	C:\Program Files\Eclipse Adoptium\jdk-17.0.15.6-hotspot\bin\zip.dll
0x00007fffb9fc0000 - 0x00007fffb9fd9000 	C:\Program Files\Eclipse Adoptium\jdk-17.0.15.6-hotspot\bin\net.dll
0x00007fffe50b0000 - 0x00007fffe51d8000 	C:\WINDOWS\SYSTEM32\WINHTTP.dll
0x00007fffee650000 - 0x00007fffee6bc000 	C:\WINDOWS\system32\mswsock.dll
0x00007fffac5f0000 - 0x00007fffac606000 	C:\Program Files\Eclipse Adoptium\jdk-17.0.15.6-hotspot\bin\nio.dll
0x00007fffc7ac0000 - 0x00007fffc7ad0000 	C:\Program Files\Eclipse Adoptium\jdk-17.0.15.6-hotspot\bin\verify.dll
0x00007fffcb0c0000 - 0x00007fffcb0e7000 	C:\Users\Acer\.gradle\native\1def1411415f61bf3af743bc5b6707747c0891f09f0c88961ee8f79bc544acac\windows-amd64\native-platform.dll
0x00000000776a0000 - 0x0000000077713000 	C:\Users\Acer\.gradle\native\0.2.5\x86_64-windows-gnu\gradle-fileevents.dll
0x00007fffa2710000 - 0x00007fffa271a000 	C:\Program Files\Eclipse Adoptium\jdk-17.0.15.6-hotspot\bin\management.dll
0x00007fffa2560000 - 0x00007fffa256b000 	C:\Program Files\Eclipse Adoptium\jdk-17.0.15.6-hotspot\bin\management_ext.dll
0x00007ffff1c40000 - 0x00007ffff1c48000 	C:\WINDOWS\System32\PSAPI.DLL
0x00007fffee940000 - 0x00007fffee95b000 	C:\WINDOWS\SYSTEM32\CRYPTSP.dll
0x00007fffedfd0000 - 0x00007fffee009000 	C:\WINDOWS\system32\rsaenh.dll
0x00007fffee700000 - 0x00007fffee732000 	C:\WINDOWS\SYSTEM32\USERENV.dll
0x00007fffef2a0000 - 0x00007fffef2ca000 	C:\WINDOWS\SYSTEM32\bcrypt.dll
0x00007fffee960000 - 0x00007fffee96c000 	C:\WINDOWS\SYSTEM32\CRYPTBASE.dll
0x00007fffeda10000 - 0x00007fffeda43000 	C:\WINDOWS\SYSTEM32\IPHLPAPI.DLL
0x00007ffff0b40000 - 0x00007ffff0b4a000 	C:\WINDOWS\System32\NSI.dll
0x00007fffe6760000 - 0x00007fffe677d000 	C:\WINDOWS\SYSTEM32\dhcpcsvc6.DLL
0x00007fffe48a0000 - 0x00007fffe48c5000 	C:\WINDOWS\SYSTEM32\dhcpcsvc.DLL
0x00007fffeda50000 - 0x00007fffedba8000 	C:\WINDOWS\SYSTEM32\DNSAPI.dll
0x00007fffee430000 - 0x00007fffee43d000 	C:\WINDOWS\SYSTEM32\DSPARSE.dll
0x00007fffa2540000 - 0x00007fffa2549000 	C:\Program Files\Eclipse Adoptium\jdk-17.0.15.6-hotspot\bin\extnet.dll
0x00007fffa2530000 - 0x00007fffa253e000 	C:\Program Files\Eclipse Adoptium\jdk-17.0.15.6-hotspot\bin\sunmscapi.dll
0x00007fffefd40000 - 0x00007fffefebe000 	C:\WINDOWS\System32\CRYPT32.dll
0x00007fffeeb80000 - 0x00007fffeebb0000 	C:\WINDOWS\SYSTEM32\ncrypt.dll
0x00007fffeeb30000 - 0x00007fffeeb6f000 	C:\WINDOWS\SYSTEM32\NTASN1.dll
0x00007fffd60a0000 - 0x00007fffd60a8000 	C:\WINDOWS\system32\wshunix.dll
0x0000000077740000 - 0x00000000777b3000 	C:\Users\Acer\AppData\Local\Temp\native-platform16647126182710625366dir\gradle-fileevents.dll
0x00007fffd3c80000 - 0x00007fffd3c98000 	C:\WINDOWS\system32\napinsp.dll
0x00007fffd0a50000 - 0x00007fffd0a63000 	C:\WINDOWS\System32\winrnr.dll
0x00007fffc9d60000 - 0x00007fffc9d82000 	C:\WINDOWS\system32\nlansp_c.dll
0x00007fffc9da0000 - 0x00007fffc9db6000 	C:\WINDOWS\system32\wshbth.dll
0x00007fffe3830000 - 0x00007fffe383b000 	C:\Windows\System32\rasadhlp.dll
0x00007fffe41b0000 - 0x00007fffe4236000 	C:\WINDOWS\System32\fwpuclnt.dll

dbghelp: loaded successfully - version: 4.0.5 - missing functions: none
symbol engine: initialized successfully - sym options: 0x614 - pdb path: .;C:\Program Files\Eclipse Adoptium\jdk-17.0.15.6-hotspot\bin;C:\WINDOWS\SYSTEM32;C:\WINDOWS\WinSxS\amd64_microsoft.windows.common-controls_6595b64144ccf1df_6.0.26100.8972_none_3e0da176e32f9d4b;C:\Program Files\Eclipse Adoptium\jdk-17.0.15.6-hotspot\bin\server;C:\Users\Acer\.gradle\native\1def1411415f61bf3af743bc5b6707747c0891f09f0c88961ee8f79bc544acac\windows-amd64;C:\Users\Acer\.gradle\native\0.2.5\x86_64-windows-gnu;C:\Users\Acer\AppData\Local\Temp\native-platform16647126182710625366dir

VM Arguments:
jvm_args: --add-opens=java.base/java.lang=ALL-UNNAMED --add-opens=java.base/java.lang.invoke=ALL-UNNAMED --add-opens=java.base/java.util=ALL-UNNAMED --add-opens=java.prefs/java.util.prefs=ALL-UNNAMED --add-exports=jdk.compiler/com.sun.tools.javac.api=ALL-UNNAMED --add-exports=jdk.compiler/com.sun.tools.javac.util=ALL-UNNAMED --add-opens=java.base/java.util=ALL-UNNAMED --add-opens=java.prefs/java.util.prefs=ALL-UNNAMED --add-opens=java.base/java.nio.charset=ALL-UNNAMED --add-opens=java.base/java.net=ALL-UNNAMED --add-opens=java.base/java.util.concurrent.atomic=ALL-UNNAMED --add-opens=java.xml/javax.xml.namespace=ALL-UNNAMED -XX:MaxMetaspaceSize=384m -XX:ReservedCodeCacheSize=96m -XX:+HeapDumpOnOutOfMemoryError -XX:HeapBaseMinAddress=4g -Xms128m -Xmx1024m -Dfile.encoding=UTF-8 -Duser.country=US -Duser.language=en -Duser.variant -javaagent:C:\Users\Acer\.gradle\wrapper\dists\gradle-8.12-all\ejduaidbjup3bmmkhw3rie4zb\gradle-8.12\lib\agents\gradle-instrumentation-agent-8.12.jar 
java_command: org.gradle.launcher.daemon.bootstrap.GradleDaemon 8.12
java_class_path (initial): C:\Users\Acer\.gradle\wrapper\dists\gradle-8.12-all\ejduaidbjup3bmmkhw3rie4zb\gradle-8.12\lib\gradle-daemon-main-8.12.jar
Launcher Type: SUN_STANDARD

[Global flags]
     intx CICompilerCount                          = 12                                        {product} {ergonomic}
   size_t CompressedClassSpaceSize                 = 335544320                                 {product} {ergonomic}
     uint ConcGCThreads                            = 3                                         {product} {ergonomic}
     uint G1ConcRefinementThreads                  = 13                                        {product} {ergonomic}
   size_t G1HeapRegionSize                         = 1048576                                   {product} {ergonomic}
    uintx GCDrainStackTargetSize                   = 64                                        {product} {ergonomic}
   size_t HeapBaseMinAddress                       = 4294967296                             {pd product} {command line}
     bool HeapDumpOnOutOfMemoryError               = true                                   {manageable} {command line}
   size_t InitialHeapSize                          = 134217728                                 {product} {command line}
   size_t MarkStackSize                            = 4194304                                   {product} {ergonomic}
   size_t MaxHeapSize                              = 1073741824                                {product} {command line}
   size_t MaxMetaspaceSize                         = 402653184                                 {product} {command line}
   size_t MaxNewSize                               = 643825664                                 {product} {ergonomic}
   size_t MinHeapDeltaBytes                        = 1048576                                   {product} {ergonomic}
   size_t MinHeapSize                              = 134217728                                 {product} {command line}
    uintx NonProfiledCodeHeapSize                  = 0                                      {pd product} {ergonomic}
    uintx ProfiledCodeHeapSize                     = 0                                      {pd product} {ergonomic}
    uintx ReservedCodeCacheSize                    = 100663296                              {pd product} {command line}
   size_t SoftMaxHeapSize                          = 1073741824                             {manageable} {ergonomic}
     bool UseCompressedClassPointers               = true                           {product lp64_product} {ergonomic}
     bool UseCompressedOops                        = true                           {product lp64_product} {ergonomic}
     bool UseG1GC                                  = true                                      {product} {ergonomic}
     bool UseLargePagesIndividualAllocation        = false                                  {pd product} {ergonomic}

Logging:
Log output configuration:
 #0: stdout all=warning uptime,level,tags
 #1: stderr all=off uptime,level,tags

Environment Variables:
JAVA_HOME=C:\Program Files\Eclipse Adoptium\jdk-17.0.15.6-hotspot
CLASSPATH=D:\Kuliah\Ta\New folder\Mobile\android\\gradle\wrapper\gradle-wrapper.jar
PATH=C:\Program Files\Eclipse Adoptium\jdk-17.0.15.6-hotspot\bin;D:\src\flutter\bin\;C:\Program Files\Eclipse Adoptium\jdk-17.0.15.6-hotspot\bin;C:\Program Files\Eclipse Adoptium\jdk-21.0.5.11-hotspot\bin;C:\Program Files\Common Files\Oracle\Java\javapath;C:\WINDOWS\system32;C:\WINDOWS;C:\WINDOWS\System32\Wbem;C:\WINDOWS\System32\WindowsPowerShell\v1.0\;C:\WINDOWS\System32\OpenSSH\;C:\xampp\php;C:\ProgramData\ComposerSetup\bin;C:\xampp\php\php.exe;C:\Program Files\Git\cmd;C:\android\sdk\cmdline-tools\latest\cmdline-tools\bin;C:\android\sdk\cmdline-tools\latest\cmdline-tools;D:\src\flutter\bin;C:\Program Files\NVIDIA Corporation\NVIDIA app\NvDLISR;C:\Program Files (x86)\NVIDIA Corporation\PhysX\Common;C:\Program Files\Go\bin;C:\Program Files\nodejs\;C:\Program Files\Erlang OTP\bin;C:\Program Files\RabbitMQ Server\rabbitmq_server-4.0.7\sbin;C:\Program Files\PuTTY\;C:\Program Files\Docker\Docker\resources\bin;C:\Users\Acer\AppData\Roaming\npm;C:\Users\Acer\.local\bin;C:\Users\Acer\AppData\Local\Programs\Antigravity IDE\bin;C:\Users\Acer\AppData\Local\Microsoft\WindowsApps;c:\Users\Acer\.antigravity-ide\extensions\vscjava.vscode-java-debug-0.59.0-universal\bundled\scripts\noConfigScripts;c:\Users\Acer\.antigravity-ide\extensions\ms-python.debugpy-2026.6.0-win32-x64\bundled\scripts\noConfigScripts;D:\src\flutter\bin\mingit\cmd
USERNAME=Acer
LANG=en_US.UTF-8
OS=Windows_NT
PROCESSOR_IDENTIFIER=Intel64 Family 6 Model 154 Stepping 3, GenuineIntel
TMP=C:\Users\Acer\AppData\Local\Temp
TEMP=C:\Users\Acer\AppData\Local\Temp



Periodic native trim disabled


---------------  S Y S T E M  ---------------

OS:
 Windows 11 , 64 bit Build 26100 (10.0.26100.9168)
OS uptime: 3 days 3:52 hours
Hyper-V role detected

CPU: total 16 (initial active 16) (8 cores per cpu, 2 threads per core) family 6 model 154 stepping 3 microcode 0x423, cx8, cmov, fxsr, ht, mmx, 3dnowpref, sse, sse2, sse3, ssse3, sse4.1, sse4.2, popcnt, lzcnt, tsc, tscinvbit, avx, avx2, aes, erms, clmul, bmi1, bmi2, adx, sha, fma, vzeroupper, clflush, clflushopt, clwb, hv
Processor Information for processor 0
  Max Mhz: 3100, Current Mhz: 3100, Mhz Limit: 3100
Processor Information for processor 1
  Max Mhz: 3100, Current Mhz: 3100, Mhz Limit: 3100
Processor Information for processor 2
  Max Mhz: 3100, Current Mhz: 3100, Mhz Limit: 3100
Processor Information for processor 3
  Max Mhz: 3100, Current Mhz: 3100, Mhz Limit: 3100
Processor Information for processor 4
  Max Mhz: 3100, Current Mhz: 3100, Mhz Limit: 3100
Processor Information for processor 5
  Max Mhz: 3100, Current Mhz: 3100, Mhz Limit: 3100
Processor Information for processor 6
  Max Mhz: 3100, Current Mhz: 3100, Mhz Limit: 3100
Processor Information for processor 7
  Max Mhz: 3100, Current Mhz: 3100, Mhz Limit: 3100
Processor Information for processor 8
  Max Mhz: 3100, Current Mhz: 2232, Mhz Limit: 2232
Processor Information for processor 9
  Max Mhz: 3100, Current Mhz: 2232, Mhz Limit: 2232
Processor Information for processor 10
  Max Mhz: 3100, Current Mhz: 2232, Mhz Limit: 2232
Processor Information for processor 11
  Max Mhz: 3100, Current Mhz: 1488, Mhz Limit: 2232
Processor Information for processor 12
  Max Mhz: 3100, Current Mhz: 1488, Mhz Limit: 2232
Processor Information for processor 13
  Max Mhz: 3100, Current Mhz: 2232, Mhz Limit: 2232
Processor Information for processor 14
  Max Mhz: 3100, Current Mhz: 2232, Mhz Limit: 2232
Processor Information for processor 15
  Max Mhz: 3100, Current Mhz: 1488, Mhz Limit: 2232

Memory: 4k page, system-wide physical 7896M (605M free)
TotalPageFile size 32472M (AvailPageFile size 202M)
current process WorkingSet (physical memory assigned to process): 516M, peak: 533M
current process commit charge ("private bytes"): 662M, peak: 678M

vm_info: OpenJDK 64-Bit Server VM (17.0.15+6) for windows-amd64 JRE (17.0.15+6), built on Apr 15 2025 21:25:47 by "admin" with MS VC++ 17.7 (VS2022)

END.
