#
# There is insufficient memory for the Java Runtime Environment to continue.
# Native memory allocation (malloc) failed to allocate 1078416 bytes. Error detail: Chunk::new
# Possible reasons:
#   The system is out of physical RAM or swap space
#   This process is running with CompressedOops enabled, and the Java Heap may be blocking the growth of the native heap
# Possible solutions:
#   Reduce memory load on the system
#   Increase physical memory or swap space
#   Check if swap backing store is full
#   Decrease Java heap size (-Xmx/-Xms)
#   Decrease number of Java threads
#   Decrease Java thread stack sizes (-Xss)
#   Set larger code cache with -XX:ReservedCodeCacheSize=
#   JVM is running with Unscaled Compressed Oops mode in which the Java heap is
#     placed in the first 4GB address space. The Java Heap base address is the
#     maximum limit for the native heap growth. Please use -XX:HeapBaseMinAddress
#     to set the Java Heap base and to place the Java Heap above 4GB virtual address.
# This output file may be truncated or incomplete.
#
#  Out of Memory Error (arena.cpp:191), pid=15952, tid=30584
#
# JRE version: OpenJDK Runtime Environment Temurin-17.0.15+6 (17.0.15+6) (build 17.0.15+6)
# Java VM: OpenJDK 64-Bit Server VM Temurin-17.0.15+6 (17.0.15+6, mixed mode, sharing, tiered, compressed oops, compressed class ptrs, g1 gc, windows-amd64)
# No core dump will be written. Minidumps are not enabled by default on client versions of Windows
#

---------------  S U M M A R Y ------------

Command Line: org.jetbrains.kotlin.cli.jvm.K2JVMCompiler @D:\src\flutter\packages\flutter_tools\gradle\build\20260820_16076617395644503259.compiler.options

Host: 12th Gen Intel(R) Core(TM) i5-12500H, 16 cores, 7G,  Windows 11 , 64 bit Build 26100 (10.0.26100.9168)
Time: Thu Aug 20 23:32:05 2026 SE Asia Standard Time elapsed time: 34.459491 seconds (0d 0h 0m 34s)

---------------  T H R E A D  ---------------

Current thread (0x000001a6ff40da10):  JavaThread "C2 CompilerThread0" daemon [_thread_in_native, id=30584, stack(0x00000087ad100000,0x00000087ad200000)]


Current CompileTask:
C2:  34459 14032       4       jdk.internal.org.objectweb.asm.SymbolTable::addConstantMemberReference (147 bytes)

Stack: [0x00000087ad100000,0x00000087ad200000]
Native frames: (J=compiled Java code, j=interpreted, Vv=VM code, C=native code)
V  [jvm.dll+0x682fc9]
V  [jvm.dll+0x839878]
V  [jvm.dll+0x83b323]
V  [jvm.dll+0x83b993]
V  [jvm.dll+0x24725f]
V  [jvm.dll+0xacea4]
V  [jvm.dll+0xad53c]
V  [jvm.dll+0x365c1f]
V  [jvm.dll+0x32fe58]
V  [jvm.dll+0x32f2da]
V  [jvm.dll+0x21824f]
V  [jvm.dll+0x21768f]
V  [jvm.dll+0x1a31b0]
V  [jvm.dll+0x227a9c]
V  [jvm.dll+0x225bfb]
V  [jvm.dll+0x7ef018]
V  [jvm.dll+0x7e94dc]
V  [jvm.dll+0x681ea7]
C  [ucrtbase.dll+0x2cd30]
C  [KERNEL32.DLL+0x2ccb7]
C  [ntdll.dll+0xaad6c]


---------------  P R O C E S S  ---------------

Threads class SMR info:
_java_thread_list=0x000001a6e3327f70, length=14, elements={
0x000001a6fd28bff0, 0x000001a6ff3f70a0, 0x000001a6ff3faa80, 0x000001a69c984090,
0x000001a69c984a50, 0x000001a69c985410, 0x000001a6ff40ce10, 0x000001a6ff40da10,
0x000001a6ff40e4c0, 0x000001a69c992f00, 0x000001a69cae04d0, 0x000001a69cae2330,
0x000001a6e3654d70, 0x000001a6ec348fa0
}

Java Threads: ( => current thread )
  0x000001a6fd28bff0 JavaThread "main" [_thread_in_vm, id=5544, stack(0x00000087ac400000,0x00000087ac500000)]
  0x000001a6ff3f70a0 JavaThread "Reference Handler" daemon [_thread_blocked, id=24404, stack(0x00000087acb00000,0x00000087acc00000)]
  0x000001a6ff3faa80 JavaThread "Finalizer" daemon [_thread_blocked, id=19948, stack(0x00000087acc00000,0x00000087acd00000)]
  0x000001a69c984090 JavaThread "Signal Dispatcher" daemon [_thread_blocked, id=31588, stack(0x00000087acd00000,0x00000087ace00000)]
  0x000001a69c984a50 JavaThread "Attach Listener" daemon [_thread_blocked, id=14208, stack(0x00000087ace00000,0x00000087acf00000)]
  0x000001a69c985410 JavaThread "Service Thread" daemon [_thread_blocked, id=14004, stack(0x00000087acf00000,0x00000087ad000000)]
  0x000001a6ff40ce10 JavaThread "Monitor Deflation Thread" daemon [_thread_blocked, id=34340, stack(0x00000087ad000000,0x00000087ad100000)]
=>0x000001a6ff40da10 JavaThread "C2 CompilerThread0" daemon [_thread_in_native, id=30584, stack(0x00000087ad100000,0x00000087ad200000)]
  0x000001a6ff40e4c0 JavaThread "C1 CompilerThread0" daemon [_thread_blocked, id=20828, stack(0x00000087ad200000,0x00000087ad300000)]
  0x000001a69c992f00 JavaThread "Sweeper thread" daemon [_thread_blocked, id=5428, stack(0x00000087ad300000,0x00000087ad400000)]
  0x000001a69cae04d0 JavaThread "Notification Thread" daemon [_thread_blocked, id=31632, stack(0x00000087ad500000,0x00000087ad600000)]
  0x000001a69cae2330 JavaThread "Common-Cleaner" daemon [_thread_blocked, id=17508, stack(0x00000087ad700000,0x00000087ad800000)]
  0x000001a6e3654d70 JavaThread "C1 CompilerThread1" daemon [_thread_blocked, id=20400, stack(0x00000087aec00000,0x00000087aed00000)]
  0x000001a6ec348fa0 JavaThread "C1 CompilerThread2" daemon [_thread_blocked, id=9412, stack(0x00000087aef00000,0x00000087af000000)]

Other Threads:
  0x000001a6ff3efc50 VMThread "VM Thread" [stack: 0x00000087aca00000,0x00000087acb00000] [id=13912]
  0x000001a69cae2f50 WatcherThread [stack: 0x00000087ad600000,0x00000087ad700000] [id=33772]
  0x000001a6fd2e9530 GCTaskThread "GC Thread#0" [stack: 0x00000087ac500000,0x00000087ac600000] [id=22380]
  0x000001a6e2350110 GCTaskThread "GC Thread#1" [stack: 0x00000087ad900000,0x00000087ada00000] [id=23408]
  0x000001a6e2375740 GCTaskThread "GC Thread#2" [stack: 0x00000087ada00000,0x00000087adb00000] [id=22664]
  0x000001a6e2375a00 GCTaskThread "GC Thread#3" [stack: 0x00000087adb00000,0x00000087adc00000] [id=31528]
  0x000001a6e2382ee0 GCTaskThread "GC Thread#4" [stack: 0x00000087adc00000,0x00000087add00000] [id=28436]
  0x000001a6e23831a0 GCTaskThread "GC Thread#5" [stack: 0x00000087add00000,0x00000087ade00000] [id=3724]
  0x000001a6e28409d0 GCTaskThread "GC Thread#6" [stack: 0x00000087ad400000,0x00000087ad500000] [id=14468]
  0x000001a6e26e1d10 GCTaskThread "GC Thread#7" [stack: 0x00000087ad800000,0x00000087ad900000] [id=18228]
  0x000001a6e2945be0 GCTaskThread "GC Thread#8" [stack: 0x00000087ade00000,0x00000087adf00000] [id=16320]
  0x000001a6e2945660 GCTaskThread "GC Thread#9" [stack: 0x00000087adf00000,0x00000087ae000000] [id=5856]
  0x000001a6e29450e0 GCTaskThread "GC Thread#10" [stack: 0x00000087ae900000,0x00000087aea00000] [id=12476]
  0x000001a6e29445e0 GCTaskThread "GC Thread#11" [stack: 0x00000087aed00000,0x00000087aee00000] [id=18848]
  0x000001a6e29448a0 GCTaskThread "GC Thread#12" [stack: 0x00000087aee00000,0x00000087aef00000] [id=22472]
  0x000001a6fd2fba90 ConcurrentGCThread "G1 Main Marker" [stack: 0x00000087ac600000,0x00000087ac700000] [id=27356]
  0x000001a6fd2fe090 ConcurrentGCThread "G1 Conc#0" [stack: 0x00000087ac700000,0x00000087ac800000] [id=19368]
  0x000001a6e2944b60 ConcurrentGCThread "G1 Conc#1" [stack: 0x00000087aea00000,0x00000087aeb00000] [id=14356]
  0x000001a6e2945920 ConcurrentGCThread "G1 Conc#2" [stack: 0x00000087aeb00000,0x00000087aec00000] [id=13796]
  0x000001a6fd33e470 ConcurrentGCThread "G1 Refine#0" [stack: 0x00000087ac800000,0x00000087ac900000] [id=32772]
  0x000001a6e3074fa0 ConcurrentGCThread "G1 Refine#1" [stack: 0x00000087ae000000,0x00000087ae100000] [id=14820]
  0x000001a6e2fdb710 ConcurrentGCThread "G1 Refine#2" [stack: 0x00000087ae100000,0x00000087ae200000] [id=12568]
  0x000001a6e2fdba00 ConcurrentGCThread "G1 Refine#3" [stack: 0x00000087ae200000,0x00000087ae300000] [id=33296]
  0x000001a6eb9bcd30 ConcurrentGCThread "G1 Refine#4" [stack: 0x00000087ae300000,0x00000087ae400000] [id=8644]
  0x000001a6eb9bd020 ConcurrentGCThread "G1 Refine#5" [stack: 0x00000087ae400000,0x00000087ae500000] [id=2440]
  0x000001a6eb9bd600 ConcurrentGCThread "G1 Refine#6" [stack: 0x00000087ae500000,0x00000087ae600000] [id=31860]
  0x000001a6eb9be1c0 ConcurrentGCThread "G1 Refine#7" [stack: 0x00000087ae600000,0x00000087ae700000] [id=29440]
  0x000001a6eb9be7a0 ConcurrentGCThread "G1 Refine#8" [stack: 0x00000087ae700000,0x00000087ae800000] [id=23440]
  0x000001a6eb9bd8f0 ConcurrentGCThread "G1 Refine#9" [stack: 0x00000087ae800000,0x00000087ae900000] [id=11024]
  0x000001a6fd33ec40 ConcurrentGCThread "G1 Service" [stack: 0x00000087ac900000,0x00000087aca00000] [id=6672]

Threads with active compile tasks:
C2 CompilerThread0    34491 14032       4       jdk.internal.org.objectweb.asm.SymbolTable::addConstantMemberReference (147 bytes)

VM state: not at safepoint (normal execution)

VM Mutex/Monitor currently owned by a thread: None

Heap address: 0x0000000084800000, size: 1976 MB, Compressed Oops mode: 32-bit

CDS archive(s) mapped at: [0x000001a69d000000-0x000001a69dbb0000-0x000001a69dbb0000), size 12255232, SharedBaseAddress: 0x000001a69d000000, ArchiveRelocationMode: 1.
Compressed class space mapped at: 0x000001a69e000000-0x000001a6de000000, reserved size: 1073741824
Narrow klass base: 0x000001a69d000000, Narrow klass shift: 0, Narrow klass range: 0x100000000

GC Precious Log:
 CPUs: 16 total, 16 available
 Memory: 7896M
 Large Page Support: Disabled
 NUMA Support: Disabled
 Compressed Oops: Enabled (32-bit)
 Heap Region Size: 1M
 Heap Min Capacity: 8M
 Heap Initial Capacity: 124M
 Heap Max Capacity: 1976M
 Pre-touch: Disabled
 Parallel Workers: 13
 Concurrent Workers: 3
 Concurrent Refinement Workers: 13
 Periodic GC: Disabled

Heap:
 garbage-first heap   total 152576K, used 88914K [0x0000000084800000, 0x0000000100000000)
  region size 1024K, 5 young (5120K), 4 survivors (4096K)
 Metaspace       used 62526K, committed 62912K, reserved 1114112K
  class space    used 6879K, committed 7104K, reserved 1048576K

Heap Regions: E=young(eden), S=young(survivor), O=old, HS=humongous(starts), HC=humongous(continues), CS=collection set, F=free, OA=open archive, CA=closed archive, TAMS=top-at-mark-start (previous, next)
|   0|0x0000000084800000, 0x0000000084900000, 0x0000000084900000|100%|HS|  |TAMS 0x0000000084900000, 0x0000000084800000| Complete 
|   1|0x0000000084900000, 0x0000000084a00000, 0x0000000084a00000|100%|HC|  |TAMS 0x0000000084a00000, 0x0000000084900000| Complete 
|   2|0x0000000084a00000, 0x0000000084b00000, 0x0000000084b00000|100%|HC|  |TAMS 0x0000000084b00000, 0x0000000084a00000| Complete 
|   3|0x0000000084b00000, 0x0000000084c00000, 0x0000000084c00000|100%| O|  |TAMS 0x0000000084c00000, 0x0000000084b00000| Untracked 
|   4|0x0000000084c00000, 0x0000000084d00000, 0x0000000084d00000|100%| O|  |TAMS 0x0000000084d00000, 0x0000000084c00000| Untracked 
|   5|0x0000000084d00000, 0x0000000084e00000, 0x0000000084e00000|100%| O|  |TAMS 0x0000000084e00000, 0x0000000084d00000| Untracked 
|   6|0x0000000084e00000, 0x0000000084f00000, 0x0000000084f00000|100%| O|  |TAMS 0x0000000084f00000, 0x0000000084e00000| Untracked 
|   7|0x0000000084f00000, 0x0000000085000000, 0x0000000085000000|100%| O|  |TAMS 0x0000000085000000, 0x0000000084f00000| Untracked 
|   8|0x0000000085000000, 0x0000000085100000, 0x0000000085100000|100%| O|  |TAMS 0x0000000085100000, 0x0000000085000000| Untracked 
|   9|0x0000000085100000, 0x0000000085200000, 0x0000000085200000|100%| O|  |TAMS 0x0000000085200000, 0x0000000085100000| Untracked 
|  10|0x0000000085200000, 0x0000000085300000, 0x0000000085300000|100%| O|  |TAMS 0x0000000085300000, 0x0000000085200000| Untracked 
|  11|0x0000000085300000, 0x0000000085400000, 0x0000000085400000|100%| O|  |TAMS 0x0000000085400000, 0x0000000085300000| Untracked 
|  12|0x0000000085400000, 0x0000000085500000, 0x0000000085500000|100%| O|  |TAMS 0x0000000085500000, 0x0000000085400000| Untracked 
|  13|0x0000000085500000, 0x0000000085600000, 0x0000000085600000|100%|HS|  |TAMS 0x0000000085600000, 0x0000000085500000| Complete 
|  14|0x0000000085600000, 0x0000000085700000, 0x0000000085700000|100%| O|  |TAMS 0x0000000085700000, 0x0000000085600000| Untracked 
|  15|0x0000000085700000, 0x0000000085800000, 0x0000000085800000|100%| O|  |TAMS 0x0000000085800000, 0x0000000085700000| Untracked 
|  16|0x0000000085800000, 0x0000000085900000, 0x0000000085900000|100%| O|  |TAMS 0x0000000085900000, 0x0000000085800000| Untracked 
|  17|0x0000000085900000, 0x0000000085980000, 0x0000000085a00000| 50%| O|  |TAMS 0x0000000085980000, 0x0000000085900000| Complete 
|  18|0x0000000085a00000, 0x0000000085b00000, 0x0000000085b00000|100%| O|  |TAMS 0x0000000085b00000, 0x0000000085a00000| Untracked 
|  19|0x0000000085b00000, 0x0000000085c00000, 0x0000000085c00000|100%| O|  |TAMS 0x0000000085c00000, 0x0000000085b00000| Untracked 
|  20|0x0000000085c00000, 0x0000000085d00000, 0x0000000085d00000|100%| O|  |TAMS 0x0000000085d00000, 0x0000000085c00000| Untracked 
|  21|0x0000000085d00000, 0x0000000085e00000, 0x0000000085e00000|100%| O|  |TAMS 0x0000000085e00000, 0x0000000085d00000| Untracked 
|  22|0x0000000085e00000, 0x0000000085f00000, 0x0000000085f00000|100%| O|  |TAMS 0x0000000085f00000, 0x0000000085e00000| Untracked 
|  23|0x0000000085f00000, 0x0000000086000000, 0x0000000086000000|100%| O|  |TAMS 0x0000000086000000, 0x0000000085f00000| Untracked 
|  24|0x0000000086000000, 0x0000000086100000, 0x0000000086100000|100%| O|  |TAMS 0x0000000086100000, 0x0000000086000000| Untracked 
|  25|0x0000000086100000, 0x0000000086100000, 0x0000000086200000|  0%| F|  |TAMS 0x0000000086100000, 0x0000000086100000| Untracked 
|  26|0x0000000086200000, 0x0000000086300000, 0x0000000086300000|100%| O|  |TAMS 0x0000000086300000, 0x0000000086200000| Untracked 
|  27|0x0000000086300000, 0x0000000086400000, 0x0000000086400000|100%|HS|  |TAMS 0x0000000086400000, 0x0000000086300000| Complete 
|  28|0x0000000086400000, 0x0000000086500000, 0x0000000086500000|100%|HC|  |TAMS 0x0000000086500000, 0x0000000086400000| Complete 
|  29|0x0000000086500000, 0x0000000086600000, 0x0000000086600000|100%|HC|  |TAMS 0x0000000086600000, 0x0000000086500000| Complete 
|  30|0x0000000086600000, 0x0000000086700000, 0x0000000086700000|100%|HC|  |TAMS 0x0000000086700000, 0x0000000086600000| Complete 
|  31|0x0000000086700000, 0x0000000086800000, 0x0000000086800000|100%|HC|  |TAMS 0x0000000086800000, 0x0000000086700000| Complete 
|  32|0x0000000086800000, 0x0000000086900000, 0x0000000086900000|100%|HC|  |TAMS 0x0000000086900000, 0x0000000086800000| Complete 
|  33|0x0000000086900000, 0x0000000086a00000, 0x0000000086a00000|100%|HS|  |TAMS 0x0000000086a00000, 0x0000000086900000| Complete 
|  34|0x0000000086a00000, 0x0000000086b00000, 0x0000000086b00000|100%|HS|  |TAMS 0x0000000086b00000, 0x0000000086a00000| Complete 
|  35|0x0000000086b00000, 0x0000000086c00000, 0x0000000086c00000|100%|HC|  |TAMS 0x0000000086c00000, 0x0000000086b00000| Complete 
|  36|0x0000000086c00000, 0x0000000086d00000, 0x0000000086d00000|100%|HS|  |TAMS 0x0000000086d00000, 0x0000000086c00000| Complete 
|  37|0x0000000086d00000, 0x0000000086e00000, 0x0000000086e00000|100%| O|  |TAMS 0x0000000086e00000, 0x0000000086d00000| Untracked 
|  38|0x0000000086e00000, 0x0000000086f00000, 0x0000000086f00000|100%| O|  |TAMS 0x0000000086f00000, 0x0000000086e00000| Untracked 
|  39|0x0000000086f00000, 0x0000000087000000, 0x0000000087000000|100%| O|  |TAMS 0x0000000087000000, 0x0000000086f00000| Untracked 
|  40|0x0000000087000000, 0x0000000087100000, 0x0000000087100000|100%| O|  |TAMS 0x0000000087100000, 0x0000000087000000| Untracked 
|  41|0x0000000087100000, 0x0000000087200000, 0x0000000087200000|100%| O|  |TAMS 0x0000000087200000, 0x0000000087100000| Untracked 
|  42|0x0000000087200000, 0x0000000087300000, 0x0000000087300000|100%| O|  |TAMS 0x0000000087300000, 0x0000000087200000| Untracked 
|  43|0x0000000087300000, 0x0000000087400000, 0x0000000087400000|100%| O|  |TAMS 0x0000000087400000, 0x0000000087300000| Untracked 
|  44|0x0000000087400000, 0x0000000087500000, 0x0000000087500000|100%| O|  |TAMS 0x0000000087500000, 0x0000000087400000| Untracked 
|  45|0x0000000087500000, 0x0000000087600000, 0x0000000087600000|100%| O|  |TAMS 0x0000000087600000, 0x0000000087500000| Untracked 
|  46|0x0000000087600000, 0x0000000087700000, 0x0000000087700000|100%| O|  |TAMS 0x0000000087700000, 0x0000000087600000| Untracked 
|  47|0x0000000087700000, 0x0000000087800000, 0x0000000087800000|100%| O|  |TAMS 0x0000000087800000, 0x0000000087700000| Untracked 
|  48|0x0000000087800000, 0x0000000087900000, 0x0000000087900000|100%| O|  |TAMS 0x0000000087900000, 0x0000000087800000| Untracked 
|  49|0x0000000087900000, 0x0000000087a00000, 0x0000000087a00000|100%| O|  |TAMS 0x0000000087a00000, 0x0000000087900000| Untracked 
|  50|0x0000000087a00000, 0x0000000087b00000, 0x0000000087b00000|100%| O|  |TAMS 0x0000000087b00000, 0x0000000087a00000| Untracked 
|  51|0x0000000087b00000, 0x0000000087c00000, 0x0000000087c00000|100%| O|  |TAMS 0x0000000087c00000, 0x0000000087b00000| Untracked 
|  52|0x0000000087c00000, 0x0000000087d00000, 0x0000000087d00000|100%| O|  |TAMS 0x0000000087d00000, 0x0000000087c00000| Untracked 
|  53|0x0000000087d00000, 0x0000000087e00000, 0x0000000087e00000|100%| O|  |TAMS 0x0000000087e00000, 0x0000000087d00000| Untracked 
|  54|0x0000000087e00000, 0x0000000087f00000, 0x0000000087f00000|100%| O|  |TAMS 0x0000000087f00000, 0x0000000087e00000| Untracked 
|  55|0x0000000087f00000, 0x0000000088000000, 0x0000000088000000|100%| O|  |TAMS 0x0000000088000000, 0x0000000087f00000| Untracked 
|  56|0x0000000088000000, 0x0000000088100000, 0x0000000088100000|100%| O|  |TAMS 0x0000000088100000, 0x0000000088000000| Untracked 
|  57|0x0000000088100000, 0x0000000088200000, 0x0000000088200000|100%| O|  |TAMS 0x0000000088200000, 0x0000000088100000| Untracked 
|  58|0x0000000088200000, 0x0000000088300000, 0x0000000088300000|100%| O|  |TAMS 0x0000000088300000, 0x0000000088200000| Untracked 
|  59|0x0000000088300000, 0x0000000088400000, 0x0000000088400000|100%| O|  |TAMS 0x0000000088400000, 0x0000000088300000| Untracked 
|  60|0x0000000088400000, 0x0000000088500000, 0x0000000088500000|100%| O|  |TAMS 0x0000000088500000, 0x0000000088400000| Untracked 
|  61|0x0000000088500000, 0x0000000088600000, 0x0000000088600000|100%| O|  |TAMS 0x0000000088600000, 0x0000000088500000| Untracked 
|  62|0x0000000088600000, 0x0000000088700000, 0x0000000088700000|100%| O|  |TAMS 0x0000000088700000, 0x0000000088600000| Untracked 
|  63|0x0000000088700000, 0x0000000088800000, 0x0000000088800000|100%| O|  |TAMS 0x0000000088800000, 0x0000000088700000| Untracked 
|  64|0x0000000088800000, 0x0000000088900000, 0x0000000088900000|100%| O|  |TAMS 0x0000000088900000, 0x0000000088800000| Untracked 
|  65|0x0000000088900000, 0x0000000088a00000, 0x0000000088a00000|100%| O|  |TAMS 0x0000000088a00000, 0x0000000088900000| Untracked 
|  66|0x0000000088a00000, 0x0000000088b00000, 0x0000000088b00000|100%| O|  |TAMS 0x0000000088b00000, 0x0000000088a00000| Untracked 
|  67|0x0000000088b00000, 0x0000000088c00000, 0x0000000088c00000|100%| O|  |TAMS 0x0000000088c00000, 0x0000000088b00000| Untracked 
|  68|0x0000000088c00000, 0x0000000088d00000, 0x0000000088d00000|100%| O|  |TAMS 0x0000000088d00000, 0x0000000088c00000| Untracked 
|  69|0x0000000088d00000, 0x0000000088e00000, 0x0000000088e00000|100%| O|  |TAMS 0x0000000088e00000, 0x0000000088d00000| Untracked 
|  70|0x0000000088e00000, 0x0000000088f00000, 0x0000000088f00000|100%|HS|  |TAMS 0x0000000088f00000, 0x0000000088e00000| Complete 
|  71|0x0000000088f00000, 0x0000000089000000, 0x0000000089000000|100%|HC|  |TAMS 0x0000000089000000, 0x0000000088f00000| Complete 
|  72|0x0000000089000000, 0x0000000089100000, 0x0000000089100000|100%| O|  |TAMS 0x0000000089100000, 0x0000000089000000| Untracked 
|  73|0x0000000089100000, 0x0000000089200000, 0x0000000089200000|100%| O|  |TAMS 0x0000000089200000, 0x0000000089100000| Untracked 
|  74|0x0000000089200000, 0x0000000089300000, 0x0000000089300000|100%| O|  |TAMS 0x0000000089300000, 0x0000000089200000| Untracked 
|  75|0x0000000089300000, 0x0000000089400000, 0x0000000089400000|100%| O|  |TAMS 0x0000000089400000, 0x0000000089300000| Untracked 
|  76|0x0000000089400000, 0x0000000089500000, 0x0000000089500000|100%| O|  |TAMS 0x0000000089500000, 0x0000000089400000| Untracked 
|  77|0x0000000089500000, 0x0000000089600000, 0x0000000089600000|100%| O|  |TAMS 0x0000000089600000, 0x0000000089500000| Untracked 
|  78|0x0000000089600000, 0x0000000089700000, 0x0000000089700000|100%| O|  |TAMS 0x0000000089700000, 0x0000000089600000| Untracked 
|  79|0x0000000089700000, 0x0000000089800000, 0x0000000089800000|100%| O|  |TAMS 0x0000000089800000, 0x0000000089700000| Untracked 
|  80|0x0000000089800000, 0x0000000089900000, 0x0000000089900000|100%| O|  |TAMS 0x0000000089900000, 0x0000000089800000| Untracked 
|  81|0x0000000089900000, 0x0000000089a00000, 0x0000000089a00000|100%| O|  |TAMS 0x0000000089a00000, 0x0000000089900000| Untracked 
|  82|0x0000000089a00000, 0x0000000089b00000, 0x0000000089b00000|100%| O|  |TAMS 0x0000000089b00000, 0x0000000089a00000| Untracked 
|  83|0x0000000089b00000, 0x0000000089c00000, 0x0000000089c00000|100%| O|  |TAMS 0x0000000089c00000, 0x0000000089b00000| Untracked 
|  84|0x0000000089c00000, 0x0000000089d00000, 0x0000000089d00000|100%| O|  |TAMS 0x0000000089d00000, 0x0000000089c00000| Untracked 
|  85|0x0000000089d00000, 0x0000000089d00000, 0x0000000089e00000|  0%| F|  |TAMS 0x0000000089d00000, 0x0000000089d00000| Untracked 
|  86|0x0000000089e00000, 0x0000000089e00000, 0x0000000089f00000|  0%| F|  |TAMS 0x0000000089e00000, 0x0000000089e00000| Untracked 
|  87|0x0000000089f00000, 0x0000000089f00000, 0x000000008a000000|  0%| F|  |TAMS 0x0000000089f00000, 0x0000000089f00000| Untracked 
|  88|0x000000008a000000, 0x000000008a000000, 0x000000008a100000|  0%| F|  |TAMS 0x000000008a000000, 0x000000008a000000| Untracked 
|  89|0x000000008a100000, 0x000000008a100000, 0x000000008a200000|  0%| F|  |TAMS 0x000000008a100000, 0x000000008a100000| Untracked 
|  90|0x000000008a200000, 0x000000008a200000, 0x000000008a300000|  0%| F|  |TAMS 0x000000008a200000, 0x000000008a200000| Untracked 
|  91|0x000000008a300000, 0x000000008a300000, 0x000000008a400000|  0%| F|  |TAMS 0x000000008a300000, 0x000000008a300000| Untracked 
|  92|0x000000008a400000, 0x000000008a400000, 0x000000008a500000|  0%| F|  |TAMS 0x000000008a400000, 0x000000008a400000| Untracked 
|  93|0x000000008a500000, 0x000000008a500000, 0x000000008a600000|  0%| F|  |TAMS 0x000000008a500000, 0x000000008a500000| Untracked 
|  94|0x000000008a600000, 0x000000008a600000, 0x000000008a700000|  0%| F|  |TAMS 0x000000008a600000, 0x000000008a600000| Untracked 
|  95|0x000000008a700000, 0x000000008a700000, 0x000000008a800000|  0%| F|  |TAMS 0x000000008a700000, 0x000000008a700000| Untracked 
|  96|0x000000008a800000, 0x000000008a800000, 0x000000008a900000|  0%| F|  |TAMS 0x000000008a800000, 0x000000008a800000| Untracked 
|  97|0x000000008a900000, 0x000000008a900000, 0x000000008aa00000|  0%| F|  |TAMS 0x000000008a900000, 0x000000008a900000| Untracked 
|  98|0x000000008aa00000, 0x000000008aa00000, 0x000000008ab00000|  0%| F|  |TAMS 0x000000008aa00000, 0x000000008aa00000| Untracked 
|  99|0x000000008ab00000, 0x000000008ab00000, 0x000000008ac00000|  0%| F|  |TAMS 0x000000008ab00000, 0x000000008ab00000| Untracked 
| 100|0x000000008ac00000, 0x000000008ac00000, 0x000000008ad00000|  0%| F|  |TAMS 0x000000008ac00000, 0x000000008ac00000| Untracked 
| 101|0x000000008ad00000, 0x000000008ad00000, 0x000000008ae00000|  0%| F|  |TAMS 0x000000008ad00000, 0x000000008ad00000| Untracked 
| 102|0x000000008ae00000, 0x000000008ae00000, 0x000000008af00000|  0%| F|  |TAMS 0x000000008ae00000, 0x000000008ae00000| Untracked 
| 103|0x000000008af00000, 0x000000008af00000, 0x000000008b000000|  0%| F|  |TAMS 0x000000008af00000, 0x000000008af00000| Untracked 
| 104|0x000000008b000000, 0x000000008b000000, 0x000000008b100000|  0%| F|  |TAMS 0x000000008b000000, 0x000000008b000000| Untracked 
| 105|0x000000008b100000, 0x000000008b100000, 0x000000008b200000|  0%| F|  |TAMS 0x000000008b100000, 0x000000008b100000| Untracked 
| 106|0x000000008b200000, 0x000000008b200000, 0x000000008b300000|  0%| F|  |TAMS 0x000000008b200000, 0x000000008b200000| Untracked 
| 107|0x000000008b300000, 0x000000008b300000, 0x000000008b400000|  0%| F|  |TAMS 0x000000008b300000, 0x000000008b300000| Untracked 
| 108|0x000000008b400000, 0x000000008b400000, 0x000000008b500000|  0%| F|  |TAMS 0x000000008b400000, 0x000000008b400000| Untracked 
| 109|0x000000008b500000, 0x000000008b500000, 0x000000008b600000|  0%| F|  |TAMS 0x000000008b500000, 0x000000008b500000| Untracked 
| 110|0x000000008b600000, 0x000000008b600000, 0x000000008b700000|  0%| F|  |TAMS 0x000000008b600000, 0x000000008b600000| Untracked 
| 111|0x000000008b700000, 0x000000008b700000, 0x000000008b800000|  0%| F|  |TAMS 0x000000008b700000, 0x000000008b700000| Untracked 
| 112|0x000000008b800000, 0x000000008b800000, 0x000000008b900000|  0%| F|  |TAMS 0x000000008b800000, 0x000000008b800000| Untracked 
| 113|0x000000008b900000, 0x000000008b954858, 0x000000008ba00000| 33%| S|CS|TAMS 0x000000008b900000, 0x000000008b900000| Complete 
| 114|0x000000008ba00000, 0x000000008bb00000, 0x000000008bb00000|100%| S|CS|TAMS 0x000000008ba00000, 0x000000008ba00000| Complete 
| 115|0x000000008bb00000, 0x000000008bc00000, 0x000000008bc00000|100%| S|CS|TAMS 0x000000008bb00000, 0x000000008bb00000| Complete 
| 116|0x000000008bc00000, 0x000000008bd00000, 0x000000008bd00000|100%| S|CS|TAMS 0x000000008bc00000, 0x000000008bc00000| Complete 
| 117|0x000000008bd00000, 0x000000008bd00000, 0x000000008be00000|  0%| F|  |TAMS 0x000000008bd00000, 0x000000008bd00000| Untracked 
| 118|0x000000008be00000, 0x000000008be00000, 0x000000008bf00000|  0%| F|  |TAMS 0x000000008be00000, 0x000000008be00000| Untracked 
| 119|0x000000008bf00000, 0x000000008bf00000, 0x000000008c000000|  0%| F|  |TAMS 0x000000008bf00000, 0x000000008bf00000| Untracked 
| 120|0x000000008c000000, 0x000000008c000000, 0x000000008c100000|  0%| F|  |TAMS 0x000000008c000000, 0x000000008c000000| Untracked 
| 121|0x000000008c100000, 0x000000008c100000, 0x000000008c200000|  0%| F|  |TAMS 0x000000008c100000, 0x000000008c100000| Untracked 
| 122|0x000000008c200000, 0x000000008c200000, 0x000000008c300000|  0%| F|  |TAMS 0x000000008c200000, 0x000000008c200000| Untracked 
| 123|0x000000008c300000, 0x000000008c300000, 0x000000008c400000|  0%| F|  |TAMS 0x000000008c300000, 0x000000008c300000| Untracked 
| 124|0x000000008c400000, 0x000000008c400000, 0x000000008c500000|  0%| F|  |TAMS 0x000000008c400000, 0x000000008c400000| Untracked 
| 125|0x000000008c500000, 0x000000008c500000, 0x000000008c600000|  0%| F|  |TAMS 0x000000008c500000, 0x000000008c500000| Untracked 
| 126|0x000000008c600000, 0x000000008c600000, 0x000000008c700000|  0%| F|  |TAMS 0x000000008c600000, 0x000000008c600000| Untracked 
| 127|0x000000008c700000, 0x000000008c700000, 0x000000008c800000|  0%| F|  |TAMS 0x000000008c700000, 0x000000008c700000| Untracked 
| 128|0x000000008c800000, 0x000000008c800000, 0x000000008c900000|  0%| F|  |TAMS 0x000000008c800000, 0x000000008c800000| Untracked 
| 129|0x000000008c900000, 0x000000008c900000, 0x000000008ca00000|  0%| F|  |TAMS 0x000000008c900000, 0x000000008c900000| Untracked 
| 130|0x000000008ca00000, 0x000000008ca00000, 0x000000008cb00000|  0%| F|  |TAMS 0x000000008ca00000, 0x000000008ca00000| Untracked 
| 131|0x000000008cb00000, 0x000000008cb00000, 0x000000008cc00000|  0%| F|  |TAMS 0x000000008cb00000, 0x000000008cb00000| Untracked 
| 132|0x000000008cc00000, 0x000000008cc00000, 0x000000008cd00000|  0%| F|  |TAMS 0x000000008cc00000, 0x000000008cc00000| Untracked 
| 133|0x000000008cd00000, 0x000000008cd00000, 0x000000008ce00000|  0%| F|  |TAMS 0x000000008cd00000, 0x000000008cd00000| Untracked 
| 134|0x000000008ce00000, 0x000000008ce00000, 0x000000008cf00000|  0%| F|  |TAMS 0x000000008ce00000, 0x000000008ce00000| Untracked 
| 135|0x000000008cf00000, 0x000000008cf00000, 0x000000008d000000|  0%| F|  |TAMS 0x000000008cf00000, 0x000000008cf00000| Untracked 
| 136|0x000000008d000000, 0x000000008d000000, 0x000000008d100000|  0%| F|  |TAMS 0x000000008d000000, 0x000000008d000000| Untracked 
| 137|0x000000008d100000, 0x000000008d100000, 0x000000008d200000|  0%| F|  |TAMS 0x000000008d100000, 0x000000008d100000| Untracked 
| 138|0x000000008d200000, 0x000000008d200000, 0x000000008d300000|  0%| F|  |TAMS 0x000000008d200000, 0x000000008d200000| Untracked 
| 139|0x000000008d300000, 0x000000008d300000, 0x000000008d400000|  0%| F|  |TAMS 0x000000008d300000, 0x000000008d300000| Untracked 
| 140|0x000000008d400000, 0x000000008d400000, 0x000000008d500000|  0%| F|  |TAMS 0x000000008d400000, 0x000000008d400000| Untracked 
| 141|0x000000008d500000, 0x000000008d500000, 0x000000008d600000|  0%| F|  |TAMS 0x000000008d500000, 0x000000008d500000| Untracked 
| 142|0x000000008d600000, 0x000000008d600000, 0x000000008d700000|  0%| F|  |TAMS 0x000000008d600000, 0x000000008d600000| Untracked 
| 143|0x000000008d700000, 0x000000008d700000, 0x000000008d800000|  0%| F|  |TAMS 0x000000008d700000, 0x000000008d700000| Untracked 
| 144|0x000000008d800000, 0x000000008d800000, 0x000000008d900000|  0%| F|  |TAMS 0x000000008d800000, 0x000000008d800000| Untracked 
| 145|0x000000008d900000, 0x000000008d900000, 0x000000008da00000|  0%| F|  |TAMS 0x000000008d900000, 0x000000008d900000| Untracked 
| 146|0x000000008da00000, 0x000000008da00000, 0x000000008db00000|  0%| F|  |TAMS 0x000000008da00000, 0x000000008da00000| Untracked 
| 147|0x000000008db00000, 0x000000008db10c48, 0x000000008dc00000|  6%| E|  |TAMS 0x000000008db00000, 0x000000008db00000| Complete 
| 148|0x000000008dc00000, 0x000000008dd00000, 0x000000008dd00000|100%| E|CS|TAMS 0x000000008dc00000, 0x000000008dc00000| Complete 

Card table byte_map: [0x000001a6fdfb0000,0x000001a6fe390000] _byte_map_base: 0x000001a6fdb8c000

Marking Bits (Prev, Next): (CMBitMap*) 0x000001a6fd2eba60, (CMBitMap*) 0x000001a6fd2ebaa0
 Prev Bits: [0x000001a696aa0000, 0x000001a698980000)
 Next Bits: [0x000001a698980000, 0x000001a69a860000)

Polling page: 0x000001a6fb130000

Metaspace:

Usage:
  Non-class:     54.36 MB used.
      Class:      6.72 MB used.
       Both:     61.08 MB used.

Virtual space:
  Non-class space:       64.00 MB reserved,      54.56 MB ( 85%) committed,  1 nodes.
      Class space:        1.00 GB reserved,       6.94 MB ( <1%) committed,  1 nodes.
             Both:        1.06 GB reserved,      61.50 MB (  6%) committed. 

Chunk freelists:
   Non-Class:  7.80 MB
       Class:  9.03 MB
        Both:  16.83 MB

MaxMetaspaceSize: unlimited
CompressedClassSpaceSize: 1.00 GB
Initial GC threshold: 21.00 MB
Current GC threshold: 93.75 MB
CDS: on
MetaspaceReclaimPolicy: balanced
 - commit_granule_bytes: 65536.
 - commit_granule_words: 8192.
 - virtual_space_node_default_size: 8388608.
 - enlarge_chunks_in_place: 1.
 - new_chunks_are_fully_committed: 0.
 - uncommit_free_chunks: 1.
 - use_allocation_guard: 0.
 - handle_deallocations: 1.


Internal statistics:

num_allocs_failed_limit: 6.
num_arena_births: 462.
num_arena_deaths: 0.
num_vsnodes_births: 2.
num_vsnodes_deaths: 0.
num_space_committed: 982.
num_space_uncommitted: 0.
num_chunks_returned_to_freelist: 6.
num_chunks_taken_from_freelist: 2846.
num_chunk_merges: 6.
num_chunk_splits: 2140.
num_chunks_enlarged: 1821.
num_inconsistent_stats: 0.

CodeHeap 'non-profiled nmethods': size=119168Kb used=5084Kb max_used=5352Kb free=114083Kb
 bounds [0x000001a68f640000, 0x000001a68fb80000, 0x000001a696aa0000]
CodeHeap 'profiled nmethods': size=119104Kb used=32606Kb max_used=35782Kb free=86498Kb
 bounds [0x000001a687aa0000, 0x000001a689da0000, 0x000001a68eef0000]
CodeHeap 'non-nmethods': size=7488Kb used=2510Kb max_used=2852Kb free=4977Kb
 bounds [0x000001a68eef0000, 0x000001a68f250000, 0x000001a68f640000]
 total_blobs=11831 nmethods=11115 adapters=623
 compilation: enabled
              stopped_count=0, restarted_count=0
 full_count=0

Compilation events (20 events):
Event: 34.292 Thread 0x000001a6e3654d70 14027       1       org.jetbrains.kotlin.com.intellij.openapi.util.TextRange::getEndOffset (5 bytes)
Event: 34.292 Thread 0x000001a6ff40e4c0 nmethod 14026 0x000001a68f92c110 code [0x000001a68f92c2a0, 0x000001a68f92c378]
Event: 34.292 Thread 0x000001a6e3654d70 nmethod 14027 0x000001a68f92be10 code [0x000001a68f92bfa0, 0x000001a68f92c078]
Event: 34.294 Thread 0x000001a6e3654d70 14028       1       org.jetbrains.kotlin.com.intellij.openapi.util.TextRange::getStartOffset (5 bytes)
Event: 34.294 Thread 0x000001a6ff40e4c0 14030       3       org.jetbrains.kotlin.utils.CollectionsKt::compactIfPossible (75 bytes)
Event: 34.294 Thread 0x000001a6ec348fa0 14029       1       org.jetbrains.kotlin.ir.types.impl.IrSimpleTypeBuilder::getClassifier (5 bytes)
Event: 34.294 Thread 0x000001a6e3654d70 nmethod 14028 0x000001a68f92bb10 code [0x000001a68f92bca0, 0x000001a68f92bd78]
Event: 34.294 Thread 0x000001a6ec348fa0 nmethod 14029 0x000001a68f92b810 code [0x000001a68f92b9a0, 0x000001a68f92ba78]
Event: 34.295 Thread 0x000001a6ff40e4c0 nmethod 14030 0x000001a688d70b10 code [0x000001a688d70e80, 0x000001a688d723d8]
Event: 34.297 Thread 0x000001a6ff40da10 14032       4       jdk.internal.org.objectweb.asm.SymbolTable::addConstantMemberReference (147 bytes)
Event: 34.298 Thread 0x000001a6e3654d70 14036       3       java.util.ImmutableCollections$AbstractImmutableList::<init> (5 bytes)
Event: 34.299 Thread 0x000001a6e3654d70 nmethod 14036 0x000001a687afb690 code [0x000001a687afb840, 0x000001a687afba78]
Event: 34.313 Thread 0x000001a6e3654d70 14039       1       org.jetbrains.kotlin.psi2ir.generators.BodyGenerator::getContext (5 bytes)
Event: 34.313 Thread 0x000001a6e3654d70 nmethod 14039 0x000001a68fa41f90 code [0x000001a68fa42120, 0x000001a68fa421f8]
Event: 34.329 Thread 0x000001a6ff40e4c0 14041       3       org.jetbrains.kotlin.ir.IrElementBase::<init> (5 bytes)
Event: 34.330 Thread 0x000001a6ff40e4c0 nmethod 14041 0x000001a687ec3a90 code [0x000001a687ec3c20, 0x000001a687ec3d78]
Event: 34.335 Thread 0x000001a6ff40e4c0 14044       1       kotlin.collections.builders.ListBuilder::access$getBacking$p (5 bytes)
Event: 34.335 Thread 0x000001a6ff40e4c0 nmethod 14044 0x000001a68fa41c90 code [0x000001a68fa41e20, 0x000001a68fa41ed8]
Event: 34.339 Thread 0x000001a6ff40e4c0 14046       1       org.jetbrains.kotlin.psi2ir.generators.DeclarationGenerator::getContext (5 bytes)
Event: 34.339 Thread 0x000001a6ff40e4c0 nmethod 14046 0x000001a68fa41990 code [0x000001a68fa41b20, 0x000001a68fa41bf8]

GC Heap History (20 events):
Event: 16.646 GC heap before
{Heap before GC invocations=12 (full 0):
 garbage-first heap   total 115712K, used 90054K [0x0000000084800000, 0x0000000100000000)
  region size 1024K, 39 young (39936K), 6 survivors (6144K)
 Metaspace       used 51273K, committed 51648K, reserved 1114112K
  class space    used 6001K, committed 6208K, reserved 1048576K
}
Event: 16.672 GC heap after
{Heap after GC invocations=13 (full 0):
 garbage-first heap   total 115712K, used 60914K [0x0000000084800000, 0x0000000100000000)
  region size 1024K, 4 young (4096K), 4 survivors (4096K)
 Metaspace       used 51273K, committed 51648K, reserved 1114112K
  class space    used 6001K, committed 6208K, reserved 1048576K
}
Event: 18.738 GC heap before
{Heap before GC invocations=13 (full 0):
 garbage-first heap   total 115712K, used 91634K [0x0000000084800000, 0x0000000100000000)
  region size 1024K, 34 young (34816K), 4 survivors (4096K)
 Metaspace       used 53074K, committed 53504K, reserved 1114112K
  class space    used 6119K, committed 6336K, reserved 1048576K
}
Event: 18.771 GC heap after
{Heap after GC invocations=14 (full 0):
 garbage-first heap   total 139264K, used 64952K [0x0000000084800000, 0x0000000100000000)
  region size 1024K, 4 young (4096K), 4 survivors (4096K)
 Metaspace       used 53074K, committed 53504K, reserved 1114112K
  class space    used 6119K, committed 6336K, reserved 1048576K
}
Event: 20.864 GC heap before
{Heap before GC invocations=15 (full 0):
 garbage-first heap   total 139264K, used 110008K [0x0000000084800000, 0x0000000100000000)
  region size 1024K, 47 young (48128K), 4 survivors (4096K)
 Metaspace       used 54132K, committed 54528K, reserved 1114112K
  class space    used 6153K, committed 6336K, reserved 1048576K
}
Event: 20.884 GC heap after
{Heap after GC invocations=16 (full 0):
 garbage-first heap   total 139264K, used 70950K [0x0000000084800000, 0x0000000100000000)
  region size 1024K, 6 young (6144K), 6 survivors (6144K)
 Metaspace       used 54132K, committed 54528K, reserved 1114112K
  class space    used 6153K, committed 6336K, reserved 1048576K
}
Event: 23.808 GC heap before
{Heap before GC invocations=16 (full 0):
 garbage-first heap   total 139264K, used 109862K [0x0000000084800000, 0x0000000100000000)
  region size 1024K, 44 young (45056K), 6 survivors (6144K)
 Metaspace       used 54741K, committed 55104K, reserved 1114112K
  class space    used 6170K, committed 6336K, reserved 1048576K
}
Event: 23.829 GC heap after
{Heap after GC invocations=17 (full 0):
 garbage-first heap   total 139264K, used 75861K [0x0000000084800000, 0x0000000100000000)
  region size 1024K, 6 young (6144K), 6 survivors (6144K)
 Metaspace       used 54741K, committed 55104K, reserved 1114112K
  class space    used 6170K, committed 6336K, reserved 1048576K
}
Event: 26.195 GC heap before
{Heap before GC invocations=18 (full 0):
 garbage-first heap   total 139264K, used 112725K [0x0000000084800000, 0x0000000100000000)
  region size 1024K, 40 young (40960K), 6 survivors (6144K)
 Metaspace       used 55048K, committed 55424K, reserved 1114112K
  class space    used 6180K, committed 6400K, reserved 1048576K
}
Event: 26.213 GC heap after
{Heap after GC invocations=19 (full 0):
 garbage-first heap   total 139264K, used 81679K [0x0000000084800000, 0x0000000100000000)
  region size 1024K, 4 young (4096K), 4 survivors (4096K)
 Metaspace       used 55048K, committed 55424K, reserved 1114112K
  class space    used 6180K, committed 6400K, reserved 1048576K
}
Event: 26.287 GC heap before
{Heap before GC invocations=19 (full 0):
 garbage-first heap   total 139264K, used 83727K [0x0000000084800000, 0x0000000100000000)
  region size 1024K, 6 young (6144K), 4 survivors (4096K)
 Metaspace       used 55054K, committed 55488K, reserved 1114112K
  class space    used 6180K, committed 6400K, reserved 1048576K
}
Event: 26.297 GC heap after
{Heap after GC invocations=20 (full 0):
 garbage-first heap   total 139264K, used 81468K [0x0000000084800000, 0x0000000100000000)
  region size 1024K, 1 young (1024K), 1 survivors (1024K)
 Metaspace       used 55054K, committed 55488K, reserved 1114112K
  class space    used 6180K, committed 6400K, reserved 1048576K
}
Event: 28.345 GC heap before
{Heap before GC invocations=20 (full 0):
 garbage-first heap   total 139264K, used 113212K [0x0000000084800000, 0x0000000100000000)
  region size 1024K, 32 young (32768K), 1 survivors (1024K)
 Metaspace       used 55479K, committed 55808K, reserved 1114112K
  class space    used 6222K, committed 6400K, reserved 1048576K
}
Event: 28.358 GC heap after
{Heap after GC invocations=21 (full 0):
 garbage-first heap   total 139264K, used 83985K [0x0000000084800000, 0x0000000100000000)
  region size 1024K, 4 young (4096K), 4 survivors (4096K)
 Metaspace       used 55479K, committed 55808K, reserved 1114112K
  class space    used 6222K, committed 6400K, reserved 1048576K
}
Event: 30.221 GC heap before
{Heap before GC invocations=22 (full 0):
 garbage-first heap   total 145408K, used 113681K [0x0000000084800000, 0x0000000100000000)
  region size 1024K, 33 young (33792K), 4 survivors (4096K)
 Metaspace       used 55859K, committed 56256K, reserved 1114112K
  class space    used 6249K, committed 6464K, reserved 1048576K
}
Event: 30.233 GC heap after
{Heap after GC invocations=23 (full 0):
 garbage-first heap   total 145408K, used 86299K [0x0000000084800000, 0x0000000100000000)
  region size 1024K, 3 young (3072K), 3 survivors (3072K)
 Metaspace       used 55859K, committed 56256K, reserved 1114112K
  class space    used 6249K, committed 6464K, reserved 1048576K
}
Event: 30.606 GC heap before
{Heap before GC invocations=23 (full 0):
 garbage-first heap   total 145408K, used 90395K [0x0000000084800000, 0x0000000100000000)
  region size 1024K, 7 young (7168K), 3 survivors (3072K)
 Metaspace       used 55918K, committed 56320K, reserved 1114112K
  class space    used 6250K, committed 6464K, reserved 1048576K
}
Event: 30.613 GC heap after
{Heap after GC invocations=24 (full 0):
 garbage-first heap   total 145408K, used 85954K [0x0000000084800000, 0x0000000100000000)
  region size 1024K, 1 young (1024K), 1 survivors (1024K)
 Metaspace       used 55918K, committed 56320K, reserved 1114112K
  class space    used 6250K, committed 6464K, reserved 1048576K
}
Event: 32.875 GC heap before
{Heap before GC invocations=24 (full 0):
 garbage-first heap   total 145408K, used 119746K [0x0000000084800000, 0x0000000100000000)
  region size 1024K, 34 young (34816K), 1 survivors (1024K)
 Metaspace       used 57152K, committed 57536K, reserved 1114112K
  class space    used 6357K, committed 6592K, reserved 1048576K
}
Event: 32.884 GC heap after
{Heap after GC invocations=25 (full 0):
 garbage-first heap   total 145408K, used 87552K [0x0000000084800000, 0x0000000100000000)
  region size 1024K, 2 young (2048K), 2 survivors (2048K)
 Metaspace       used 57152K, committed 57536K, reserved 1114112K
  class space    used 6357K, committed 6592K, reserved 1048576K
}

Dll operation events (7 events):
Event: 0.014 Loaded shared library C:\Program Files\Eclipse Adoptium\jdk-17.0.15.6-hotspot\bin\java.dll
Event: 0.054 Loaded shared library C:\Program Files\Eclipse Adoptium\jdk-17.0.15.6-hotspot\bin\jsvml.dll
Event: 0.130 Loaded shared library C:\Program Files\Eclipse Adoptium\jdk-17.0.15.6-hotspot\bin\net.dll
Event: 0.135 Loaded shared library C:\Program Files\Eclipse Adoptium\jdk-17.0.15.6-hotspot\bin\nio.dll
Event: 0.187 Loaded shared library C:\Program Files\Eclipse Adoptium\jdk-17.0.15.6-hotspot\bin\zip.dll
Event: 0.249 Loaded shared library C:\Program Files\Eclipse Adoptium\jdk-17.0.15.6-hotspot\bin\jimage.dll
Event: 7.084 Loaded shared library C:\Program Files\Eclipse Adoptium\jdk-17.0.15.6-hotspot\bin\verify.dll

Deoptimization events (20 events):
Event: 33.635 Thread 0x000001a6fd28bff0 DEOPT PACKING pc=0x000001a68f65d28c sp=0x00000087ac4fd7f0
Event: 33.636 Thread 0x000001a6fd28bff0 DEOPT UNPACKING pc=0x000001a68ef469a3 sp=0x00000087ac4fd790 mode 2
Event: 33.650 Thread 0x000001a6fd28bff0 DEOPT PACKING pc=0x000001a689d7ec2f sp=0x00000087ac4fdad0
Event: 33.650 Thread 0x000001a6fd28bff0 DEOPT UNPACKING pc=0x000001a68ef47143 sp=0x00000087ac4fd060 mode 0
Event: 33.924 Thread 0x000001a6fd28bff0 Uncommon trap: trap_request=0xffffff45 fr.pc=0x000001a68f93c99c relative=0x000000000000017c
Event: 33.924 Thread 0x000001a6fd28bff0 Uncommon trap: reason=unstable_if action=reinterpret pc=0x000001a68f93c99c method=org.jetbrains.kotlin.name.FqNameUnsafe.toSafe()Lorg/jetbrains/kotlin/name/FqName; @ 4 c2
Event: 33.924 Thread 0x000001a6fd28bff0 DEOPT PACKING pc=0x000001a68f93c99c sp=0x00000087ac4fe860
Event: 33.924 Thread 0x000001a6fd28bff0 DEOPT UNPACKING pc=0x000001a68ef469a3 sp=0x00000087ac4fe820 mode 2
Event: 34.010 Thread 0x000001a6fd28bff0 Uncommon trap: trap_request=0xffffffc6 fr.pc=0x000001a68f8bc42c relative=0x000000000000080c
Event: 34.010 Thread 0x000001a6fd28bff0 Uncommon trap: reason=bimorphic_or_optimized_type_check action=maybe_recompile pc=0x000001a68f8bc42c method=org.jetbrains.kotlin.storage.LockBasedStorageManager$LockBasedLazyValue.invoke()Ljava/lang/Object; @ 24 c2
Event: 34.010 Thread 0x000001a6fd28bff0 DEOPT PACKING pc=0x000001a68f8bc42c sp=0x00000087ac4fe790
Event: 34.010 Thread 0x000001a6fd28bff0 DEOPT UNPACKING pc=0x000001a68ef469a3 sp=0x00000087ac4fe6e0 mode 2
Event: 34.011 Thread 0x000001a6fd28bff0 Uncommon trap: trap_request=0xffffffc6 fr.pc=0x000001a68fa0615c relative=0x000000000000107c
Event: 34.011 Thread 0x000001a6fd28bff0 Uncommon trap: reason=bimorphic_or_optimized_type_check action=maybe_recompile pc=0x000001a68fa0615c method=org.jetbrains.kotlin.types.KotlinTypeFactory.computeMemberScope(Lorg/jetbrains/kotlin/types/TypeConstructor;Ljava/util/List;Lorg/jetbrains/kotlin/t
Event: 34.011 Thread 0x000001a6fd28bff0 DEOPT PACKING pc=0x000001a68fa0615c sp=0x00000087ac4fe6f0
Event: 34.011 Thread 0x000001a6fd28bff0 DEOPT UNPACKING pc=0x000001a68ef469a3 sp=0x00000087ac4fe5e0 mode 2
Event: 34.011 Thread 0x000001a6fd28bff0 Uncommon trap: trap_request=0xffffffc6 fr.pc=0x000001a68f8bc42c relative=0x000000000000080c
Event: 34.011 Thread 0x000001a6fd28bff0 Uncommon trap: reason=bimorphic_or_optimized_type_check action=maybe_recompile pc=0x000001a68f8bc42c method=org.jetbrains.kotlin.storage.LockBasedStorageManager$LockBasedLazyValue.invoke()Ljava/lang/Object; @ 24 c2
Event: 34.011 Thread 0x000001a6fd28bff0 DEOPT PACKING pc=0x000001a68f8bc42c sp=0x00000087ac4fe550
Event: 34.011 Thread 0x000001a6fd28bff0 DEOPT UNPACKING pc=0x000001a68ef469a3 sp=0x00000087ac4fe4a0 mode 2

Classes loaded (20 events):
Event: 20.704 Loading class java/util/concurrent/locks/AbstractQueuedSynchronizer$Node
Event: 20.705 Loading class java/util/concurrent/locks/AbstractQueuedSynchronizer$Node done
Event: 29.198 Loading class java/util/regex/Pattern$Bound
Event: 29.198 Loading class java/util/regex/Pattern$Bound done
Event: 29.199 Loading class java/util/regex/Pattern$LookBehindEndNode
Event: 29.199 Loading class java/util/regex/Pattern$LookBehindEndNode done
Event: 29.199 Loading class java/util/regex/Pattern$NotBehind
Event: 29.199 Loading class java/util/regex/Pattern$NotBehind done
Event: 33.523 Loading class java/text/MessageFormat
Event: 33.532 Loading class java/text/MessageFormat done
Event: 33.552 Loading class jdk/internal/reflect/UnsafeBooleanFieldAccessorImpl
Event: 33.553 Loading class jdk/internal/reflect/UnsafeBooleanFieldAccessorImpl done
Event: 33.554 Loading class jdk/internal/reflect/UnsafeQualifiedObjectFieldAccessorImpl
Event: 33.555 Loading class jdk/internal/reflect/UnsafeQualifiedFieldAccessorImpl
Event: 33.556 Loading class jdk/internal/reflect/UnsafeQualifiedFieldAccessorImpl done
Event: 33.556 Loading class jdk/internal/reflect/UnsafeQualifiedObjectFieldAccessorImpl done
Event: 33.625 Loading class java/text/ChoiceFormat
Event: 33.628 Loading class java/text/ChoiceFormat done
Event: 33.671 Loading class java/text/MessageFormat$Field
Event: 33.672 Loading class java/text/MessageFormat$Field done

Classes unloaded (0 events):
No events

Classes redefined (0 events):
No events

Internal exceptions (20 events):
Event: 17.042 Thread 0x000001a6fd28bff0 Exception <a 'java/lang/NoSuchMethodError'{0x000000008b0dee18}: 'java.lang.Object java.lang.invoke.Invokers$Holder.linkToTargetMethod(java.lang.Object, int, java.lang.Object, java.lang.Object)'> (0x000000008b0dee18) 
thrown [s\src\hotspot\share\interpreter\linkResolver.cpp, line 759]
Event: 22.584 Thread 0x000001a6fd28bff0 Implicit null exception at 0x000001a68f6aec12 to 0x000001a68f6af1c4
Event: 23.734 Thread 0x000001a6fd28bff0 Implicit null exception at 0x000001a68fa03f74 to 0x000001a68fa05948
Event: 25.138 Thread 0x000001a6fd28bff0 Implicit null exception at 0x000001a68fa218a0 to 0x000001a68fa23a70
Event: 32.337 Thread 0x000001a6fd28bff0 Exception <a 'java/lang/NoSuchMethodError'{0x000000008c5f39e8}: 'java.lang.Object java.lang.invoke.DirectMethodHandle$Holder.newInvokeSpecial(java.lang.Object, java.lang.Object, java.lang.Object, java.lang.Object, java.lang.Object, java.lang.Object, java.lang.Object, int)'> (0x000000008c5f39e8) 
thrown [s\src\hotspot\share\interpreter\linkResolver.cpp, line 759]
Event: 32.338 Thread 0x000001a6fd28bff0 Exception <a 'java/lang/NoSuchMethodError'{0x000000008c5f8d38}: 'java.lang.Object java.lang.invoke.DirectMethodHandle$Holder.invokeSpecial(java.lang.Object, java.lang.Object, java.lang.Object, java.lang.Object, java.lang.Object, java.lang.Object, java.lang.Object, java.lang.Object, int)'> (0x000000008c5f8d38) 
thrown [s\src\hotspot\share\interpreter\linkResolver.cpp, line 759]
Event: 32.338 Thread 0x000001a6fd28bff0 Exception <a 'java/lang/NoSuchMethodError'{0x000000008c5fd800}: 'java.lang.Object java.lang.invoke.Invokers$Holder.linkToTargetMethod(java.lang.Object, java.lang.Object, java.lang.Object, java.lang.Object, java.lang.Object, java.lang.Object, int, java.lang.Object)'> (0x000000008c5fd800) 
thrown [s\src\hotspot\share\interpreter\linkResolver.cpp, line 759]
Event: 32.358 Thread 0x000001a6fd28bff0 Implicit null exception at 0x000001a68f6d4c8f to 0x000001a68f6d51d8
Event: 33.962 Thread 0x000001a6fd28bff0 Exception <a 'java/lang/NoSuchMethodError'{0x000000008c7acb60}: 'java.lang.Object java.lang.invoke.DirectMethodHandle$Holder.newInvokeSpecial(java.lang.Object, java.lang.Object, java.lang.Object, java.lang.Object, java.lang.Object, int, java.lang.Object)'> (0x000000008c7acb60) 
thrown [s\src\hotspot\share\interpreter\linkResolver.cpp, line 759]
Event: 33.962 Thread 0x000001a6fd28bff0 Exception <a 'java/lang/NoSuchMethodError'{0x000000008c7b1800}: 'java.lang.Object java.lang.invoke.DirectMethodHandle$Holder.invokeSpecial(java.lang.Object, java.lang.Object, java.lang.Object, java.lang.Object, java.lang.Object, java.lang.Object, int, java.lang.Object)'> (0x000000008c7b1800) 
thrown [s\src\hotspot\share\interpreter\linkResolver.cpp, line 759]
Event: 33.963 Thread 0x000001a6fd28bff0 Exception <a 'java/lang/NoSuchMethodError'{0x000000008c7b5e28}: 'java.lang.Object java.lang.invoke.Invokers$Holder.linkToTargetMethod(java.lang.Object, java.lang.Object, java.lang.Object, java.lang.Object, int, java.lang.Object, java.lang.Object)'> (0x000000008c7b5e28) 
thrown [s\src\hotspot\share\interpreter\linkResolver.cpp, line 759]
Event: 34.155 Thread 0x000001a6fd28bff0 Exception <a 'java/lang/NoSuchMethodError'{0x000000008c2110c8}: 'java.lang.Object java.lang.invoke.DirectMethodHandle$Holder.newInvokeSpecial(java.lang.Object, java.lang.Object, int, int, java.lang.Object, java.lang.Object, java.lang.Object)'> (0x000000008c2110c8) 
thrown [s\src\hotspot\share\interpreter\linkResolver.cpp, line 759]
Event: 34.239 Thread 0x000001a6fd28bff0 Exception <a 'java/lang/NoSuchMethodError'{0x000000008c1aecf8}: 'java.lang.Object java.lang.invoke.DirectMethodHandle$Holder.newInvokeSpecial(java.lang.Object, java.lang.Object, int, int, java.lang.Object, java.lang.Object, java.lang.Object, java.lang.Object)'> (0x000000008c1aecf8) 
thrown [s\src\hotspot\share\interpreter\linkResolver.cpp, line 759]
Event: 34.253 Thread 0x000001a6fd28bff0 Exception <a 'java/lang/NoSuchMethodError'{0x000000008c005e00}: 'java.lang.Object java.lang.invoke.DirectMethodHandle$Holder.invokeStatic(java.lang.Object, java.lang.Object, java.lang.Object, int, int, java.lang.Object, java.lang.Object)'> (0x000000008c005e00) 
thrown [s\src\hotspot\share\interpreter\linkResolver.cpp, line 759]
Event: 34.254 Thread 0x000001a6fd28bff0 Exception <a 'java/lang/NoSuchMethodError'{0x000000008c00f378}: 'java.lang.Object java.lang.invoke.DirectMethodHandle$Holder.newInvokeSpecial(java.lang.Object, java.lang.Object, java.lang.Object, int, int, java.lang.Object)'> (0x000000008c00f378) 
thrown [s\src\hotspot\share\interpreter\linkResolver.cpp, line 759]
Event: 34.255 Thread 0x000001a6fd28bff0 Exception <a 'java/lang/NoSuchMethodError'{0x000000008c016d18}: 'java.lang.Object java.lang.invoke.Invokers$Holder.linkToTargetMethod(java.lang.Object, java.lang.Object, int, int, java.lang.Object, java.lang.Object)'> (0x000000008c016d18) 
thrown [s\src\hotspot\share\interpreter\linkResolver.cpp, line 759]
Event: 34.286 Thread 0x000001a6fd28bff0 Exception <a 'java/lang/NoSuchMethodError'{0x000000008c0ec7c8}: 'java.lang.Object java.lang.invoke.DirectMethodHandle$Holder.newInvokeSpecial(java.lang.Object, java.lang.Object, java.lang.Object, int, int, java.lang.Object, java.lang.Object)'> (0x000000008c0ec7c8) 
thrown [s\src\hotspot\share\interpreter\linkResolver.cpp, line 759]
Event: 34.287 Thread 0x000001a6fd28bff0 Exception <a 'java/lang/NoSuchMethodError'{0x000000008c0f44a8}: 'java.lang.Object java.lang.invoke.Invokers$Holder.linkToTargetMethod(java.lang.Object, java.lang.Object, int, int, java.lang.Object, java.lang.Object, java.lang.Object)'> (0x000000008c0f44a8) 
thrown [s\src\hotspot\share\interpreter\linkResolver.cpp, line 759]
Event: 34.298 Thread 0x000001a6fd28bff0 Exception <a 'java/lang/NoSuchMethodError'{0x000000008bf3b490}: 'java.lang.Object java.lang.invoke.DirectMethodHandle$Holder.newInvokeSpecial(java.lang.Object, java.lang.Object, java.lang.Object, int, int, java.lang.Object, java.lang.Object, java.lang.Object, java.lang.Object)'> (0x000000008bf3b490) 
thrown [s\src\hotspot\share\interpreter\linkResolver.cpp, line 759]
Event: 34.299 Thread 0x000001a6fd28bff0 Exception <a 'java/lang/NoSuchMethodError'{0x000000008bf44d38}: 'java.lang.Object java.lang.invoke.Invokers$Holder.linkToTargetMethod(java.lang.Object, java.lang.Object, int, int, java.lang.Object, java.lang.Object, java.lang.Object, java.lang.Object, java.lang.Object)'> (0x000000008bf44d38) 
thrown [s\src\hotspot\share\interpreter\linkResolver.cpp, line 759]

VM Operations (20 events):
Event: 33.849 Executing VM operation: HandshakeAllThreads
Event: 33.849 Executing VM operation: HandshakeAllThreads done
Event: 33.849 Executing VM operation: HandshakeAllThreads
Event: 33.849 Executing VM operation: HandshakeAllThreads done
Event: 33.854 Executing VM operation: ICBufferFull
Event: 33.854 Executing VM operation: ICBufferFull done
Event: 33.953 Executing VM operation: HandshakeAllThreads
Event: 33.953 Executing VM operation: HandshakeAllThreads done
Event: 33.959 Executing VM operation: HandshakeAllThreads
Event: 33.959 Executing VM operation: HandshakeAllThreads done
Event: 33.959 Executing VM operation: HandshakeAllThreads
Event: 33.959 Executing VM operation: HandshakeAllThreads done
Event: 33.986 Executing VM operation: HandshakeAllThreads
Event: 33.986 Executing VM operation: HandshakeAllThreads done
Event: 34.018 Executing VM operation: HandshakeAllThreads
Event: 34.018 Executing VM operation: HandshakeAllThreads done
Event: 34.249 Executing VM operation: HandshakeAllThreads
Event: 34.249 Executing VM operation: HandshakeAllThreads done
Event: 34.371 Executing VM operation: HandshakeAllThreads
Event: 34.371 Executing VM operation: HandshakeAllThreads done

Memory protections (0 events):
No events

Nmethod flushes (20 events):
Event: 34.276 Thread 0x000001a69c992f00 flushing  nmethod 0x000001a689493410
Event: 34.276 Thread 0x000001a69c992f00 flushing  nmethod 0x000001a6894db090
Event: 34.276 Thread 0x000001a69c992f00 flushing  nmethod 0x000001a689513410
Event: 34.276 Thread 0x000001a69c992f00 flushing  nmethod 0x000001a689529c10
Event: 34.277 Thread 0x000001a69c992f00 flushing  nmethod 0x000001a68958b190
Event: 34.277 Thread 0x000001a69c992f00 flushing  nmethod 0x000001a6895de110
Event: 34.277 Thread 0x000001a69c992f00 flushing  nmethod 0x000001a68963aa10
Event: 34.277 Thread 0x000001a69c992f00 flushing  nmethod 0x000001a6896d4390
Event: 34.278 Thread 0x000001a69c992f00 flushing  nmethod 0x000001a689784d10
Event: 34.278 Thread 0x000001a69c992f00 flushing  nmethod 0x000001a68979f390
Event: 34.278 Thread 0x000001a69c992f00 flushing  nmethod 0x000001a689876d90
Event: 34.279 Thread 0x000001a69c992f00 flushing  nmethod 0x000001a689952790
Event: 34.279 Thread 0x000001a69c992f00 flushing  nmethod 0x000001a689983e90
Event: 34.279 Thread 0x000001a69c992f00 flushing  nmethod 0x000001a689985310
Event: 34.279 Thread 0x000001a69c992f00 flushing  nmethod 0x000001a689985c90
Event: 34.280 Thread 0x000001a69c992f00 flushing  nmethod 0x000001a689bb2590
Event: 34.280 Thread 0x000001a69c992f00 flushing  nmethod 0x000001a689bde590
Event: 34.280 Thread 0x000001a69c992f00 flushing  nmethod 0x000001a689c54990
Event: 34.280 Thread 0x000001a69c992f00 flushing  nmethod 0x000001a689cfc310
Event: 34.280 Thread 0x000001a69c992f00 flushing  nmethod 0x000001a689d2a890

Events (20 events):
Event: 0.075 Thread 0x000001a6fd28bff0 Thread added: 0x000001a6ff40e4c0
Event: 0.075 Thread 0x000001a6fd28bff0 Thread added: 0x000001a69c992f00
Event: 0.115 Thread 0x000001a6ff40e4c0 Thread added: 0x000001a69cac7560
Event: 0.119 Thread 0x000001a6fd28bff0 Thread added: 0x000001a69cae04d0
Event: 0.124 Thread 0x000001a6fd28bff0 Thread added: 0x000001a69cae2330
Event: 0.174 Thread 0x000001a6ff40da10 Thread added: 0x000001a69cb56490
Event: 0.521 Thread 0x000001a6ff40e4c0 Thread added: 0x000001a6e219d010
Event: 1.618 Thread 0x000001a6e219d010 Thread exited: 0x000001a6e219d010
Event: 1.621 Thread 0x000001a69cac7560 Thread exited: 0x000001a69cac7560
Event: 1.652 Thread 0x000001a6ff40e4c0 Thread added: 0x000001a6e22087f0
Event: 1.653 Thread 0x000001a6ff40e4c0 Thread added: 0x000001a6e2207dc0
Event: 1.653 Thread 0x000001a6ff40e4c0 Thread added: 0x000001a6e2208d10
Event: 2.848 Thread 0x000001a6e2208d10 Thread exited: 0x000001a6e2208d10
Event: 2.848 Thread 0x000001a6e2207dc0 Thread exited: 0x000001a6e2207dc0
Event: 4.027 Thread 0x000001a6e22087f0 Thread exited: 0x000001a6e22087f0
Event: 4.911 Thread 0x000001a69cb56490 Thread exited: 0x000001a69cb56490
Event: 7.296 Thread 0x000001a6ff40e4c0 Thread added: 0x000001a6e27bf0b0
Event: 7.879 Thread 0x000001a6e27bf0b0 Thread exited: 0x000001a6e27bf0b0
Event: 9.881 Thread 0x000001a6ff40da10 Thread added: 0x000001a6e3654d70
Event: 10.585 Thread 0x000001a6ff40e4c0 Thread added: 0x000001a6ec348fa0


Dynamic libraries:
0x00007ff6484b0000 - 0x00007ff6484be000 	C:\Program Files\Eclipse Adoptium\jdk-17.0.15.6-hotspot\bin\java.exe
0x00007ffff21a0000 - 0x00007ffff2406000 	C:\WINDOWS\SYSTEM32\ntdll.dll
0x00007ffff0a70000 - 0x00007ffff0b39000 	C:\WINDOWS\System32\KERNEL32.DLL
0x00007fffef680000 - 0x00007fffefa7f000 	C:\WINDOWS\System32\KERNELBASE.dll
0x00007fffef520000 - 0x00007fffef66c000 	C:\WINDOWS\System32\ucrtbase.dll
0x00007fffb9fc0000 - 0x00007fffb9fde000 	C:\Program Files\Eclipse Adoptium\jdk-17.0.15.6-hotspot\bin\VCRUNTIME140.dll
0x00007fffcaa40000 - 0x00007fffcaa57000 	C:\Program Files\Eclipse Adoptium\jdk-17.0.15.6-hotspot\bin\jli.dll
0x00007ffff16e0000 - 0x00007ffff18a6000 	C:\WINDOWS\System32\USER32.dll
0x00007fffef4f0000 - 0x00007fffef517000 	C:\WINDOWS\System32\win32u.dll
0x00007fffdc0d0000 - 0x00007fffdc361000 	C:\WINDOWS\WinSxS\amd64_microsoft.windows.common-controls_6595b64144ccf1df_6.0.26100.8972_none_3e0da176e32f9d4b\COMCTL32.dll
0x00007ffff0180000 - 0x00007ffff01ab000 	C:\WINDOWS\System32\GDI32.dll
0x00007ffff0b50000 - 0x00007ffff0bf9000 	C:\WINDOWS\System32\msvcrt.dll
0x00007fffefc10000 - 0x00007fffefd39000 	C:\WINDOWS\System32\gdi32full.dll
0x00007fffef3b0000 - 0x00007fffef453000 	C:\WINDOWS\System32\msvcp_win.dll
0x00007ffff1f40000 - 0x00007ffff1f72000 	C:\WINDOWS\System32\IMM32.DLL
0x00007fffcaa30000 - 0x00007fffcaa3c000 	C:\Program Files\Eclipse Adoptium\jdk-17.0.15.6-hotspot\bin\vcruntime140_1.dll
0x00007fffa2640000 - 0x00007fffa26cd000 	C:\Program Files\Eclipse Adoptium\jdk-17.0.15.6-hotspot\bin\msvcp140.dll
0x00007fff777d0000 - 0x00007fff7843b000 	C:\Program Files\Eclipse Adoptium\jdk-17.0.15.6-hotspot\bin\server\jvm.dll
0x00007ffff00b0000 - 0x00007ffff016c000 	C:\WINDOWS\System32\ADVAPI32.dll
0x00007ffff02d0000 - 0x00007ffff037a000 	C:\WINDOWS\System32\sechost.dll
0x00007ffff1c50000 - 0x00007ffff1d68000 	C:\WINDOWS\System32\RPCRT4.dll
0x00007ffff0c00000 - 0x00007ffff0c82000 	C:\WINDOWS\System32\WS2_32.dll
0x00007fffef210000 - 0x00007fffef26e000 	C:\WINDOWS\SYSTEM32\POWRPROF.dll
0x00007fffdf7b0000 - 0x00007fffdf7e6000 	C:\WINDOWS\SYSTEM32\WINMM.dll
0x00007fffe50a0000 - 0x00007fffe50ab000 	C:\WINDOWS\SYSTEM32\VERSION.dll
0x00007fffef1f0000 - 0x00007fffef205000 	C:\WINDOWS\SYSTEM32\UMPDC.dll
0x00007fffee070000 - 0x00007fffee08b000 	C:\WINDOWS\SYSTEM32\kernel.appcore.dll
0x00007fffcaa00000 - 0x00007fffcaa0a000 	C:\Program Files\Eclipse Adoptium\jdk-17.0.15.6-hotspot\bin\jimage.dll
0x00007fffec970000 - 0x00007fffecbb2000 	C:\WINDOWS\SYSTEM32\DBGHELP.DLL
0x00007ffff18b0000 - 0x00007ffff1c35000 	C:\WINDOWS\System32\combase.dll
0x00007fffefed0000 - 0x00007fffeffa9000 	C:\WINDOWS\System32\OLEAUT32.dll
0x00007fffe95b0000 - 0x00007fffe95eb000 	C:\WINDOWS\SYSTEM32\dbgcore.DLL
0x00007fffefb50000 - 0x00007fffefbfc000 	C:\WINDOWS\System32\bcryptPrimitives.dll
0x00007fffa2610000 - 0x00007fffa2635000 	C:\Program Files\Eclipse Adoptium\jdk-17.0.15.6-hotspot\bin\java.dll
0x00007fffa2530000 - 0x00007fffa2607000 	C:\Program Files\Eclipse Adoptium\jdk-17.0.15.6-hotspot\bin\jsvml.dll
0x00007ffff0f50000 - 0x00007ffff16d8000 	C:\WINDOWS\System32\SHELL32.dll
0x00007fffece40000 - 0x00007fffed6db000 	C:\WINDOWS\SYSTEM32\windows.storage.dll
0x00007ffff0ce0000 - 0x00007ffff0dd9000 	C:\WINDOWS\System32\SHCORE.dll
0x00007fffeffc0000 - 0x00007ffff0026000 	C:\WINDOWS\System32\shlwapi.dll
0x00007fffef2d0000 - 0x00007fffef2f9000 	C:\WINDOWS\SYSTEM32\profapi.dll
0x00007fffb56c0000 - 0x00007fffb56d9000 	C:\Program Files\Eclipse Adoptium\jdk-17.0.15.6-hotspot\bin\net.dll
0x00007fffe50b0000 - 0x00007fffe51d8000 	C:\WINDOWS\SYSTEM32\WINHTTP.dll
0x00007fffee650000 - 0x00007fffee6bc000 	C:\WINDOWS\system32\mswsock.dll
0x00007fffac5f0000 - 0x00007fffac606000 	C:\Program Files\Eclipse Adoptium\jdk-17.0.15.6-hotspot\bin\nio.dll
0x00007fffa2510000 - 0x00007fffa2528000 	C:\Program Files\Eclipse Adoptium\jdk-17.0.15.6-hotspot\bin\zip.dll
0x00007fffc9d50000 - 0x00007fffc9d60000 	C:\Program Files\Eclipse Adoptium\jdk-17.0.15.6-hotspot\bin\verify.dll

dbghelp: loaded successfully - version: 4.0.5 - missing functions: none
symbol engine: initialized successfully - sym options: 0x614 - pdb path: .;C:\Program Files\Eclipse Adoptium\jdk-17.0.15.6-hotspot\bin;C:\WINDOWS\SYSTEM32;C:\WINDOWS\WinSxS\amd64_microsoft.windows.common-controls_6595b64144ccf1df_6.0.26100.8972_none_3e0da176e32f9d4b;C:\Program Files\Eclipse Adoptium\jdk-17.0.15.6-hotspot\bin\server

VM Arguments:
java_command: org.jetbrains.kotlin.cli.jvm.K2JVMCompiler @D:\src\flutter\packages\flutter_tools\gradle\build\20260820_16076617395644503259.compiler.options
java_class_path (initial): C:\Users\Acer\.gradle\caches\modules-2\files-2.1\org.jetbrains.kotlin\kotlin-compiler-embeddable\2.0.21\79346ed53db48b18312a472602eb5c057070c54d\kotlin-compiler-embeddable-2.0.21.jar;C:\Users\Acer\.gradle\caches\modules-2\files-2.1\org.jetbrains.kotlin\kotlin-stdlib\2.0.21\618b539767b4899b4660a83006e052b63f1db551\kotlin-stdlib-2.0.21.jar;C:\Users\Acer\.gradle\caches\modules-2\files-2.1\org.jetbrains.kotlin\kotlin-script-runtime\2.0.21\c9b044380ad41f89aa89aa896c2d32a8c0b2129d\kotlin-script-runtime-2.0.21.jar;C:\Users\Acer\.gradle\caches\modules-2\files-2.1\org.jetbrains.kotlin\kotlin-reflect\1.6.10\1cbe9c92c12a94eea200d23c2bbaedaf3daf5132\kotlin-reflect-1.6.10.jar;C:\Users\Acer\.gradle\caches\modules-2\files-2.1\org.jetbrains.kotlin\kotlin-daemon-embeddable\2.0.21\c9e933b23287de9b5a17e2116b4657bb91aea72c\kotlin-daemon-embeddable-2.0.21.jar;C:\Users\Acer\.gradle\caches\modules-2\files-2.1\org.jetbrains.intellij.deps\trove4j\1.0.20200330\3afb14d5f9ceb459d724e907a21145e8ff394f02\trove4j-1.0.20200330.jar;C:\Users\Acer\.gradle\caches\modules-2\files-2.1\org.jetbrains.kotlinx\kotlinx-coroutines-core-jvm\1.6.4\2c997cd1c0ef33f3e751d3831929aeff1390cb30\kotlinx-coroutines-core-jvm-1.6.4.jar;C:\Users\Acer\.gradle\caches\modules-2\files-2.1\org.jetbrains\annotations\13.0\919f0dfe192fb4e063e7dacadee7f8bb9a2672a9\annotations-13.0.jar
Launcher Type: SUN_STANDARD

[Global flags]
     intx CICompilerCount                          = 12                                        {product} {ergonomic}
     uint ConcGCThreads                            = 3                                         {product} {ergonomic}
     uint G1ConcRefinementThreads                  = 13                                        {product} {ergonomic}
   size_t G1HeapRegionSize                         = 1048576                                   {product} {ergonomic}
    uintx GCDrainStackTargetSize                   = 64                                        {product} {ergonomic}
   size_t InitialHeapSize                          = 130023424                                 {product} {ergonomic}
   size_t MarkStackSize                            = 4194304                                   {product} {ergonomic}
   size_t MaxHeapSize                              = 2071986176                                {product} {ergonomic}
   size_t MaxNewSize                               = 1242562560                                {product} {ergonomic}
   size_t MinHeapDeltaBytes                        = 1048576                                   {product} {ergonomic}
   size_t MinHeapSize                              = 8388608                                   {product} {ergonomic}
    uintx NonNMethodCodeHeapSize                   = 7602480                                {pd product} {ergonomic}
    uintx NonProfiledCodeHeapSize                  = 122027880                              {pd product} {ergonomic}
    uintx ProfiledCodeHeapSize                     = 122027880                              {pd product} {ergonomic}
    uintx ReservedCodeCacheSize                    = 251658240                              {pd product} {ergonomic}
     bool SegmentedCodeCache                       = true                                      {product} {ergonomic}
   size_t SoftMaxHeapSize                          = 2071986176                             {manageable} {ergonomic}
     bool UseCompressedClassPointers               = true                           {product lp64_product} {ergonomic}
     bool UseCompressedOops                        = true                           {product lp64_product} {ergonomic}
     bool UseG1GC                                  = true                                      {product} {ergonomic}
     bool UseLargePagesIndividualAllocation        = false                                  {pd product} {ergonomic}

Logging:
Log output configuration:
 #0: stdout all=warning uptime,level,tags
 #1: stderr all=off uptime,level,tags

Environment Variables:
JAVA_HOME=C:\Program Files\Eclipse Adoptium\jdk-17.0.15.6-hotspot
CLASSPATH=D:\Kuliah\Ta\New folder\Mobile\android\\gradle\wrapper\gradle-wrapper.jar
PATH=C:\Program Files\Eclipse Adoptium\jdk-17.0.15.6-hotspot\bin;D:\src\flutter\bin\;C:\Program Files\Eclipse Adoptium\jdk-17.0.15.6-hotspot\bin;C:\Program Files\Eclipse Adoptium\jdk-21.0.5.11-hotspot\bin;C:\Program Files\Common Files\Oracle\Java\javapath;C:\WINDOWS\system32;C:\WINDOWS;C:\WINDOWS\System32\Wbem;C:\WINDOWS\System32\WindowsPowerShell\v1.0\;C:\WINDOWS\System32\OpenSSH\;C:\xampp\php;C:\ProgramData\ComposerSetup\bin;C:\xampp\php\php.exe;C:\Program Files\Git\cmd;C:\android\sdk\cmdline-tools\latest\cmdline-tools\bin;C:\android\sdk\cmdline-tools\latest\cmdline-tools;D:\src\flutter\bin;C:\Program Files\NVIDIA Corporation\NVIDIA app\NvDLISR;C:\Program Files (x86)\NVIDIA Corporation\PhysX\Common;C:\Program Files\Go\bin;C:\Program Files\nodejs\;C:\Program Files\Erlang OTP\bin;C:\Program Files\RabbitMQ Server\rabbitmq_server-4.0.7\sbin;C:\Program Files\PuTTY\;C:\Program Files\Docker\Docker\resources\bin;C:\Users\Acer\AppData\Roaming\npm;C:\Users\Acer\.local\bin;C:\Users\Acer\AppData\Local\Programs\Antigravity IDE\bin;C:\Users\Acer\AppData\Local\Microsoft\WindowsApps;c:\Users\Acer\.antigravity-ide\extensions\vscjava.vscode-java-debug-0.59.0-universal\bundled\scripts\noConfigScripts;c:\Users\Acer\.antigravity-ide\extensions\ms-python.debugpy-2026.6.0-win32-x64\bundled\scripts\noConfigScripts;D:\src\flutter\bin\mingit\cmd
USERNAME=Acer
LANG=en_US.UTF-8
OS=Windows_NT
PROCESSOR_IDENTIFIER=Intel64 Family 6 Model 154 Stepping 3, GenuineIntel
TMP=C:\Users\Acer\AppData\Local\Temp
TEMP=C:\Users\Acer\AppData\Local\Temp



Periodic native trim disabled


---------------  S Y S T E M  ---------------

OS:
 Windows 11 , 64 bit Build 26100 (10.0.26100.9168)
OS uptime: 3 days 3:56 hours
Hyper-V role detected

CPU: total 16 (initial active 16) (8 cores per cpu, 2 threads per core) family 6 model 154 stepping 3 microcode 0x423, cx8, cmov, fxsr, ht, mmx, 3dnowpref, sse, sse2, sse3, ssse3, sse4.1, sse4.2, popcnt, lzcnt, tsc, tscinvbit, avx, avx2, aes, erms, clmul, bmi1, bmi2, adx, sha, fma, vzeroupper, clflush, clflushopt, clwb, hv
Processor Information for processor 0
  Max Mhz: 3100, Current Mhz: 1500, Mhz Limit: 3100
Processor Information for processor 1
  Max Mhz: 3100, Current Mhz: 3100, Mhz Limit: 3100
Processor Information for processor 2
  Max Mhz: 3100, Current Mhz: 3100, Mhz Limit: 3100
Processor Information for processor 3
  Max Mhz: 3100, Current Mhz: 3100, Mhz Limit: 3100
Processor Information for processor 4
  Max Mhz: 3100, Current Mhz: 3100, Mhz Limit: 3100
Processor Information for processor 5
  Max Mhz: 3100, Current Mhz: 3100, Mhz Limit: 3100
Processor Information for processor 6
  Max Mhz: 3100, Current Mhz: 3100, Mhz Limit: 3100
Processor Information for processor 7
  Max Mhz: 3100, Current Mhz: 3100, Mhz Limit: 3100
Processor Information for processor 8
  Max Mhz: 3100, Current Mhz: 2232, Mhz Limit: 2232
Processor Information for processor 9
  Max Mhz: 3100, Current Mhz: 2232, Mhz Limit: 2232
Processor Information for processor 10
  Max Mhz: 3100, Current Mhz: 2232, Mhz Limit: 2232
Processor Information for processor 11
  Max Mhz: 3100, Current Mhz: 2232, Mhz Limit: 2232
Processor Information for processor 12
  Max Mhz: 3100, Current Mhz: 2232, Mhz Limit: 2232
Processor Information for processor 13
  Max Mhz: 3100, Current Mhz: 2232, Mhz Limit: 2232
Processor Information for processor 14
  Max Mhz: 3100, Current Mhz: 2232, Mhz Limit: 2232
Processor Information for processor 15
  Max Mhz: 3100, Current Mhz: 1488, Mhz Limit: 2232

Memory: 4k page, system-wide physical 7896M (354M free)
TotalPageFile size 32472M (AvailPageFile size 18M)
current process WorkingSet (physical memory assigned to process): 298M, peak: 321M
current process commit charge ("private bytes"): 404M, peak: 404M

vm_info: OpenJDK 64-Bit Server VM (17.0.15+6) for windows-amd64 JRE (17.0.15+6), built on Apr 15 2025 21:25:47 by "admin" with MS VC++ 17.7 (VS2022)

END.
