#
# There is insufficient memory for the Java Runtime Environment to continue.
# Native memory allocation (mmap) failed to map 8388608 bytes. Error detail: G1 virtual space
# Possible reasons:
#   The system is out of physical RAM or swap space
#   This process is running with CompressedOops enabled, and the Java Heap may be blocking the growth of the native heap
# Possible solutions:
#   Reduce memory load on the system
#   Increase physical memory or swap space
#   Check if swap backing store is full
#   Decrease Java heap size (-Xmx/-Xms)
#   Decrease number of Java threads
#   Decrease Java thread stack sizes (-Xss)
#   Set larger code cache with -XX:ReservedCodeCacheSize=
#   JVM is running with Unscaled Compressed Oops mode in which the Java heap is
#     placed in the first 4GB address space. The Java Heap base address is the
#     maximum limit for the native heap growth. Please use -XX:HeapBaseMinAddress
#     to set the Java Heap base and to place the Java Heap above 4GB virtual address.
# This output file may be truncated or incomplete.
#
#  Out of Memory Error (os_windows.cpp:3618), pid=3656, tid=34348
#
# JRE version: OpenJDK Runtime Environment Temurin-17.0.15+6 (17.0.15+6) (build 17.0.15+6)
# Java VM: OpenJDK 64-Bit Server VM Temurin-17.0.15+6 (17.0.15+6, mixed mode, sharing, tiered, compressed oops, compressed class ptrs, g1 gc, windows-amd64)
# No core dump will be written. Minidumps are not enabled by default on client versions of Windows
#

---------------  S U M M A R Y ------------

Command Line: org.jetbrains.kotlin.cli.jvm.K2JVMCompiler @D:\Kuliah\Ta\New folder\Mobile\build\google_sign_in_android\20260817_10566243769284060867.compiler.options

Host: 12th Gen Intel(R) Core(TM) i5-12500H, 16 cores, 7G,  Windows 11 , 64 bit Build 26100 (10.0.26100.9168)
Time: Mon Aug 17 13:51:21 2026 SE Asia Standard Time elapsed time: 9.068016 seconds (0d 0h 0m 9s)

---------------  T H R E A D  ---------------

Current thread (0x0000025bd126cac0):  VMThread "VM Thread" [stack: 0x00000084c2b00000,0x00000084c2c00000] [id=34348]

Stack: [0x00000084c2b00000,0x00000084c2c00000]
Native frames: (J=compiled Java code, j=interpreted, Vv=VM code, C=native code)
V  [jvm.dll+0x682fc9]
V  [jvm.dll+0x839878]
V  [jvm.dll+0x83b323]
V  [jvm.dll+0x83b993]
V  [jvm.dll+0x24725f]
V  [jvm.dll+0x67fda9]
V  [jvm.dll+0x674c9a]
V  [jvm.dll+0x304d06]
V  [jvm.dll+0x30c1c6]
V  [jvm.dll+0x35dd4e]
V  [jvm.dll+0x35df8d]
V  [jvm.dll+0x2dc0cc]
V  [jvm.dll+0x2da46f]
V  [jvm.dll+0x2d9bdc]
V  [jvm.dll+0x31d3bb]
V  [jvm.dll+0x8401cd]
V  [jvm.dll+0x840f03]
V  [jvm.dll+0x84142f]
V  [jvm.dll+0x841814]
V  [jvm.dll+0x8418de]
V  [jvm.dll+0x7e94dc]
V  [jvm.dll+0x681ea7]
C  [ucrtbase.dll+0x2cd30]
C  [KERNEL32.DLL+0x2ccb7]
C  [ntdll.dll+0xaad6c]

VM_Operation (0x00000084c25fd030): G1CollectForAllocation, mode: safepoint, requested by thread 0x0000025bb25bb750


---------------  P R O C E S S  ---------------

Threads class SMR info:
_java_thread_list=0x0000025c18eea260, length=15, elements={
0x0000025bb25bb750, 0x0000025bd1273f10, 0x0000025bd1277500, 0x0000025bd1291600,
0x0000025bd1291bd0, 0x0000025bd12921a0, 0x0000025bd1296780, 0x0000025bd1297080,
0x0000025bd1299cb0, 0x0000025bd12ad610, 0x0000025bd125d0b0, 0x0000025bd151e0e0,
0x0000025bd151f550, 0x0000025c177daaf0, 0x0000025c177db820
}

Java Threads: ( => current thread )
  0x0000025bb25bb750 JavaThread "main" [_thread_blocked, id=34300, stack(0x00000084c2500000,0x00000084c2600000)]
  0x0000025bd1273f10 JavaThread "Reference Handler" daemon [_thread_blocked, id=33028, stack(0x00000084c2c00000,0x00000084c2d00000)]
  0x0000025bd1277500 JavaThread "Finalizer" daemon [_thread_blocked, id=6812, stack(0x00000084c2d00000,0x00000084c2e00000)]
  0x0000025bd1291600 JavaThread "Signal Dispatcher" daemon [_thread_blocked, id=20760, stack(0x00000084c2e00000,0x00000084c2f00000)]
  0x0000025bd1291bd0 JavaThread "Attach Listener" daemon [_thread_blocked, id=3200, stack(0x00000084c2f00000,0x00000084c3000000)]
  0x0000025bd12921a0 JavaThread "Service Thread" daemon [_thread_blocked, id=11344, stack(0x00000084c3000000,0x00000084c3100000)]
  0x0000025bd1296780 JavaThread "Monitor Deflation Thread" daemon [_thread_blocked, id=9596, stack(0x00000084c3100000,0x00000084c3200000)]
  0x0000025bd1297080 JavaThread "C2 CompilerThread0" daemon [_thread_blocked, id=17236, stack(0x00000084c3200000,0x00000084c3300000)]
  0x0000025bd1299cb0 JavaThread "C1 CompilerThread0" daemon [_thread_blocked, id=32808, stack(0x00000084c3300000,0x00000084c3400000)]
  0x0000025bd12ad610 JavaThread "Sweeper thread" daemon [_thread_blocked, id=21612, stack(0x00000084c3400000,0x00000084c3500000)]
  0x0000025bd125d0b0 JavaThread "C1 CompilerThread1" daemon [_thread_blocked, id=6892, stack(0x00000084c3500000,0x00000084c3600000)]
  0x0000025bd151e0e0 JavaThread "Notification Thread" daemon [_thread_blocked, id=19408, stack(0x00000084c3600000,0x00000084c3700000)]
  0x0000025bd151f550 JavaThread "Common-Cleaner" daemon [_thread_blocked, id=30388, stack(0x00000084c3800000,0x00000084c3900000)]
  0x0000025c177daaf0 JavaThread "C1 CompilerThread2" daemon [_thread_blocked, id=10948, stack(0x00000084c4500000,0x00000084c4600000)]
  0x0000025c177db820 JavaThread "C1 CompilerThread3" daemon [_thread_blocked, id=19364, stack(0x00000084c4600000,0x00000084c4700000)]

Other Threads:
=>0x0000025bd126cac0 VMThread "VM Thread" [stack: 0x00000084c2b00000,0x00000084c2c00000] [id=34348]
  0x0000025bd151e6d0 WatcherThread [stack: 0x00000084c3700000,0x00000084c3800000] [id=26164]
  0x0000025bb2618c90 GCTaskThread "GC Thread#0" [stack: 0x00000084c2600000,0x00000084c2700000] [id=30900]
  0x0000025bd1a73600 GCTaskThread "GC Thread#1" [stack: 0x00000084c3900000,0x00000084c3a00000] [id=15164]
  0x0000025bd1a7c9c0 GCTaskThread "GC Thread#2" [stack: 0x00000084c3a00000,0x00000084c3b00000] [id=30768]
  0x0000025bd1a7cc80 GCTaskThread "GC Thread#3" [stack: 0x00000084c3b00000,0x00000084c3c00000] [id=21632]
  0x0000025bd1a7f360 GCTaskThread "GC Thread#4" [stack: 0x00000084c3c00000,0x00000084c3d00000] [id=24004]
  0x0000025bd1daa230 GCTaskThread "GC Thread#5" [stack: 0x00000084c3d00000,0x00000084c3e00000] [id=19000]
  0x0000025bd1d41890 GCTaskThread "GC Thread#6" [stack: 0x00000084c3e00000,0x00000084c3f00000] [id=30968]
  0x0000025bd1f00970 GCTaskThread "GC Thread#7" [stack: 0x00000084c3f00000,0x00000084c4000000] [id=30684]
  0x0000025bd1fc5550 GCTaskThread "GC Thread#8" [stack: 0x00000084c4000000,0x00000084c4100000] [id=27192]
  0x0000025bd1fc5290 GCTaskThread "GC Thread#9" [stack: 0x00000084c4100000,0x00000084c4200000] [id=18944]
  0x0000025c1871b650 GCTaskThread "GC Thread#10" [stack: 0x00000084c4700000,0x00000084c4800000] [id=14204]
  0x0000025c1871c6d0 GCTaskThread "GC Thread#11" [stack: 0x00000084c4800000,0x00000084c4900000] [id=30844]
  0x0000025c1871be90 GCTaskThread "GC Thread#12" [stack: 0x00000084c4900000,0x00000084c4a00000] [id=30248]
  0x0000025bb262b350 ConcurrentGCThread "G1 Main Marker" [stack: 0x00000084c2700000,0x00000084c2800000] [id=21904]
  0x0000025bb262e6a0 ConcurrentGCThread "G1 Conc#0" [stack: 0x00000084c2800000,0x00000084c2900000] [id=17872]
  0x0000025bd1fc4fd0 ConcurrentGCThread "G1 Conc#1" [stack: 0x00000084c4200000,0x00000084c4300000] [id=23372]
  0x0000025bd1fc5810 ConcurrentGCThread "G1 Conc#2" [stack: 0x00000084c4300000,0x00000084c4400000] [id=25516]
  0x0000025bd112ad20 ConcurrentGCThread "G1 Refine#0" [stack: 0x00000084c2900000,0x00000084c2a00000] [id=17204]
  0x0000025bd112b100 ConcurrentGCThread "G1 Service" [stack: 0x00000084c2a00000,0x00000084c2b00000] [id=28780]

Threads with active compile tasks:

VM state: at safepoint (normal execution)

VM Mutex/Monitor currently owned by a thread:  ([mutex/lock_event])
[0x0000025bb25b7550] Threads_lock - owner thread: 0x0000025bd126cac0
[0x0000025bb25b67d0] Heap_lock - owner thread: 0x0000025bb25bb750

Heap address: 0x0000000084800000, size: 1976 MB, Compressed Oops mode: 32-bit

CDS archive(s) mapped at: [0x0000025bd2000000-0x0000025bd2bb0000-0x0000025bd2bb0000), size 12255232, SharedBaseAddress: 0x0000025bd2000000, ArchiveRelocationMode: 1.
Compressed class space mapped at: 0x0000025bd3000000-0x0000025c13000000, reserved size: 1073741824
Narrow klass base: 0x0000025bd2000000, Narrow klass shift: 0, Narrow klass range: 0x100000000

GC Precious Log:
 CPUs: 16 total, 16 available
 Memory: 7896M
 Large Page Support: Disabled
 NUMA Support: Disabled
 Compressed Oops: Enabled (32-bit)
 Heap Region Size: 1M
 Heap Min Capacity: 8M
 Heap Initial Capacity: 124M
 Heap Max Capacity: 1976M
 Pre-touch: Disabled
 Parallel Workers: 13
 Concurrent Workers: 3
 Concurrent Refinement Workers: 13
 Periodic GC: Disabled

Heap:
 garbage-first heap   total 126976K, used 47211K [0x0000000084800000, 0x0000000100000000)
  region size 1024K, 1 young (1024K), 1 survivors (1024K)
 Metaspace       used 56557K, committed 56896K, reserved 1114112K
  class space    used 6291K, committed 6464K, reserved 1048576K

Heap Regions: E=young(eden), S=young(survivor), O=old, HS=humongous(starts), HC=humongous(continues), CS=collection set, F=free, OA=open archive, CA=closed archive, TAMS=top-at-mark-start (previous, next)
|   0|0x0000000084800000, 0x0000000084900000, 0x0000000084900000|100%|HS|  |TAMS 0x0000000084900000, 0x0000000084800000| Complete 
|   1|0x0000000084900000, 0x0000000084a00000, 0x0000000084a00000|100%|HC|  |TAMS 0x0000000084a00000, 0x0000000084900000| Complete 
|   2|0x0000000084a00000, 0x0000000084b00000, 0x0000000084b00000|100%|HC|  |TAMS 0x0000000084b00000, 0x0000000084a00000| Complete 
|   3|0x0000000084b00000, 0x0000000084c00000, 0x0000000084c00000|100%|HC|  |TAMS 0x0000000084c00000, 0x0000000084b00000| Complete 
|   4|0x0000000084c00000, 0x0000000084d00000, 0x0000000084d00000|100%| O|  |TAMS 0x0000000084d00000, 0x0000000084c00000| Untracked 
|   5|0x0000000084d00000, 0x0000000084e00000, 0x0000000084e00000|100%| O|  |TAMS 0x0000000084e00000, 0x0000000084d00000| Untracked 
|   6|0x0000000084e00000, 0x0000000084ec2600, 0x0000000084f00000| 75%| O|  |TAMS 0x0000000084ec2600, 0x0000000084e00000| Untracked 
|   7|0x0000000084f00000, 0x0000000085000000, 0x0000000085000000|100%| O|  |TAMS 0x0000000085000000, 0x0000000084f00000| Untracked 
|   8|0x0000000085000000, 0x0000000085100000, 0x0000000085100000|100%| O|  |TAMS 0x0000000085100000, 0x0000000085000000| Untracked 
|   9|0x0000000085100000, 0x0000000085200000, 0x0000000085200000|100%| O|  |TAMS 0x0000000085200000, 0x0000000085100000| Untracked 
|  10|0x0000000085200000, 0x0000000085300000, 0x0000000085300000|100%| O|  |TAMS 0x0000000085300000, 0x0000000085200000| Untracked 
|  11|0x0000000085300000, 0x0000000085400000, 0x0000000085400000|100%| O|  |TAMS 0x0000000085400000, 0x0000000085300000| Untracked 
|  12|0x0000000085400000, 0x0000000085500000, 0x0000000085500000|100%| O|  |TAMS 0x0000000085500000, 0x0000000085400000| Untracked 
|  13|0x0000000085500000, 0x0000000085600000, 0x0000000085600000|100%| O|  |TAMS 0x0000000085600000, 0x0000000085500000| Untracked 
|  14|0x0000000085600000, 0x0000000085700000, 0x0000000085700000|100%| O|  |TAMS 0x0000000085700000, 0x0000000085600000| Untracked 
|  15|0x0000000085700000, 0x0000000085800000, 0x0000000085800000|100%| O|  |TAMS 0x0000000085800000, 0x0000000085700000| Untracked 
|  16|0x0000000085800000, 0x0000000085900000, 0x0000000085900000|100%| O|  |TAMS 0x0000000085900000, 0x0000000085800000| Untracked 
|  17|0x0000000085900000, 0x0000000085a00000, 0x0000000085a00000|100%| O|  |TAMS 0x0000000085a00000, 0x0000000085900000| Untracked 
|  18|0x0000000085a00000, 0x0000000085b00000, 0x0000000085b00000|100%| O|  |TAMS 0x0000000085b00000, 0x0000000085a00000| Untracked 
|  19|0x0000000085b00000, 0x0000000085c00000, 0x0000000085c00000|100%| O|  |TAMS 0x0000000085c00000, 0x0000000085b00000| Untracked 
|  20|0x0000000085c00000, 0x0000000085d00000, 0x0000000085d00000|100%| O|  |TAMS 0x0000000085d00000, 0x0000000085c00000| Untracked 
|  21|0x0000000085d00000, 0x0000000085e00000, 0x0000000085e00000|100%| O|  |TAMS 0x0000000085e00000, 0x0000000085d00000| Untracked 
|  22|0x0000000085e00000, 0x0000000085f00000, 0x0000000085f00000|100%| O|  |TAMS 0x0000000085f00000, 0x0000000085e00000| Untracked 
|  23|0x0000000085f00000, 0x0000000086000000, 0x0000000086000000|100%| O|  |TAMS 0x0000000086000000, 0x0000000085f00000| Untracked 
|  24|0x0000000086000000, 0x0000000086100000, 0x0000000086100000|100%| O|  |TAMS 0x0000000086100000, 0x0000000086000000| Untracked 
|  25|0x0000000086100000, 0x0000000086200000, 0x0000000086200000|100%| O|  |TAMS 0x0000000086200000, 0x0000000086100000| Untracked 
|  26|0x0000000086200000, 0x0000000086300000, 0x0000000086300000|100%| O|  |TAMS 0x0000000086300000, 0x0000000086200000| Untracked 
|  27|0x0000000086300000, 0x0000000086400000, 0x0000000086400000|100%| O|  |TAMS 0x0000000086400000, 0x0000000086300000| Untracked 
|  28|0x0000000086400000, 0x0000000086500000, 0x0000000086500000|100%| O|  |TAMS 0x0000000086500000, 0x0000000086400000| Untracked 
|  29|0x0000000086500000, 0x0000000086600000, 0x0000000086600000|100%| O|  |TAMS 0x0000000086600000, 0x0000000086500000| Untracked 
|  30|0x0000000086600000, 0x0000000086700000, 0x0000000086700000|100%| O|  |TAMS 0x0000000086700000, 0x0000000086600000| Untracked 
|  31|0x0000000086700000, 0x0000000086800000, 0x0000000086800000|100%| O|  |TAMS 0x0000000086800000, 0x0000000086700000| Untracked 
|  32|0x0000000086800000, 0x0000000086900000, 0x0000000086900000|100%| O|  |TAMS 0x0000000086900000, 0x0000000086800000| Untracked 
|  33|0x0000000086900000, 0x0000000086a00000, 0x0000000086a00000|100%| O|  |TAMS 0x0000000086900000, 0x0000000086900000| Untracked 
|  34|0x0000000086a00000, 0x0000000086b00000, 0x0000000086b00000|100%| O|  |TAMS 0x0000000086b00000, 0x0000000086a00000| Untracked 
|  35|0x0000000086b00000, 0x0000000086c00000, 0x0000000086c00000|100%| O|  |TAMS 0x0000000086c00000, 0x0000000086b00000| Untracked 
|  36|0x0000000086c00000, 0x0000000086d00000, 0x0000000086d00000|100%| O|  |TAMS 0x0000000086d00000, 0x0000000086c00000| Untracked 
|  37|0x0000000086d00000, 0x0000000086e00000, 0x0000000086e00000|100%| O|  |TAMS 0x0000000086e00000, 0x0000000086d00000| Untracked 
|  38|0x0000000086e00000, 0x0000000086f00000, 0x0000000086f00000|100%| O|  |TAMS 0x0000000086f00000, 0x0000000086e00000| Untracked 
|  39|0x0000000086f00000, 0x0000000087000000, 0x0000000087000000|100%| O|  |TAMS 0x0000000087000000, 0x0000000086f00000| Untracked 
|  40|0x0000000087000000, 0x0000000087100000, 0x0000000087100000|100%| O|  |TAMS 0x0000000087100000, 0x0000000087000000| Untracked 
|  41|0x0000000087100000, 0x0000000087200000, 0x0000000087200000|100%| O|  |TAMS 0x0000000087200000, 0x0000000087100000| Untracked 
|  42|0x0000000087200000, 0x0000000087200000, 0x0000000087300000|  0%| F|  |TAMS 0x0000000087200000, 0x0000000087200000| Untracked 
|  43|0x0000000087300000, 0x0000000087400000, 0x0000000087400000|100%| O|  |TAMS 0x0000000087400000, 0x0000000087300000| Untracked 
|  44|0x0000000087400000, 0x0000000087500000, 0x0000000087500000|100%| O|  |TAMS 0x00000000874cb608, 0x0000000087400000| Untracked 
|  45|0x0000000087500000, 0x0000000087600000, 0x0000000087600000|100%| O|  |TAMS 0x0000000087500000, 0x0000000087500000| Untracked 
|  46|0x0000000087600000, 0x00000000876e5400, 0x0000000087700000| 89%| O|  |TAMS 0x0000000087600000, 0x0000000087600000| Untracked 
|  47|0x0000000087700000, 0x0000000087700000, 0x0000000087800000|  0%| F|  |TAMS 0x0000000087700000, 0x0000000087700000| Untracked 
|  48|0x0000000087800000, 0x0000000087800000, 0x0000000087900000|  0%| F|  |TAMS 0x0000000087800000, 0x0000000087800000| Untracked 
|  49|0x0000000087900000, 0x0000000087900000, 0x0000000087a00000|  0%| F|  |TAMS 0x0000000087900000, 0x0000000087900000| Untracked 
|  50|0x0000000087a00000, 0x0000000087a00000, 0x0000000087b00000|  0%| F|  |TAMS 0x0000000087a00000, 0x0000000087a00000| Untracked 
|  51|0x0000000087b00000, 0x0000000087b00000, 0x0000000087c00000|  0%| F|  |TAMS 0x0000000087b00000, 0x0000000087b00000| Untracked 
|  52|0x0000000087c00000, 0x0000000087c00000, 0x0000000087d00000|  0%| F|  |TAMS 0x0000000087c00000, 0x0000000087c00000| Untracked 
|  53|0x0000000087d00000, 0x0000000087d00000, 0x0000000087e00000|  0%| F|  |TAMS 0x0000000087d00000, 0x0000000087d00000| Untracked 
|  54|0x0000000087e00000, 0x0000000087e00000, 0x0000000087f00000|  0%| F|  |TAMS 0x0000000087e00000, 0x0000000087e00000| Untracked 
|  55|0x0000000087f00000, 0x0000000087f00000, 0x0000000088000000|  0%| F|  |TAMS 0x0000000087f00000, 0x0000000087f00000| Untracked 
|  56|0x0000000088000000, 0x0000000088000000, 0x0000000088100000|  0%| F|  |TAMS 0x0000000088000000, 0x0000000088000000| Untracked 
|  57|0x0000000088100000, 0x0000000088100000, 0x0000000088200000|  0%| F|  |TAMS 0x0000000088100000, 0x0000000088100000| Untracked 
|  58|0x0000000088200000, 0x0000000088200000, 0x0000000088300000|  0%| F|  |TAMS 0x0000000088200000, 0x0000000088200000| Untracked 
|  59|0x0000000088300000, 0x0000000088300000, 0x0000000088400000|  0%| F|  |TAMS 0x0000000088300000, 0x0000000088300000| Untracked 
|  60|0x0000000088400000, 0x0000000088400000, 0x0000000088500000|  0%| F|  |TAMS 0x0000000088400000, 0x0000000088400000| Untracked 
|  61|0x0000000088500000, 0x0000000088500000, 0x0000000088600000|  0%| F|  |TAMS 0x0000000088500000, 0x0000000088500000| Untracked 
|  62|0x0000000088600000, 0x0000000088600000, 0x0000000088700000|  0%| F|  |TAMS 0x0000000088600000, 0x0000000088600000| Untracked 
|  63|0x0000000088700000, 0x0000000088700000, 0x0000000088800000|  0%| F|  |TAMS 0x0000000088700000, 0x0000000088700000| Untracked 
|  64|0x0000000088800000, 0x0000000088800000, 0x0000000088900000|  0%| F|  |TAMS 0x0000000088800000, 0x0000000088800000| Untracked 
|  65|0x0000000088900000, 0x0000000088900000, 0x0000000088a00000|  0%| F|  |TAMS 0x0000000088900000, 0x0000000088900000| Untracked 
|  66|0x0000000088a00000, 0x0000000088a00000, 0x0000000088b00000|  0%| F|  |TAMS 0x0000000088a00000, 0x0000000088a00000| Untracked 
|  67|0x0000000088b00000, 0x0000000088b00000, 0x0000000088c00000|  0%| F|  |TAMS 0x0000000088b00000, 0x0000000088b00000| Untracked 
|  68|0x0000000088c00000, 0x0000000088c00000, 0x0000000088d00000|  0%| F|  |TAMS 0x0000000088c00000, 0x0000000088c00000| Untracked 
|  69|0x0000000088d00000, 0x0000000088d00000, 0x0000000088e00000|  0%| F|  |TAMS 0x0000000088d00000, 0x0000000088d00000| Untracked 
|  70|0x0000000088e00000, 0x0000000088e00000, 0x0000000088f00000|  0%| F|  |TAMS 0x0000000088e00000, 0x0000000088e00000| Untracked 
|  71|0x0000000088f00000, 0x0000000088f00000, 0x0000000089000000|  0%| F|  |TAMS 0x0000000088f00000, 0x0000000088f00000| Untracked 
|  72|0x0000000089000000, 0x0000000089000000, 0x0000000089100000|  0%| F|  |TAMS 0x0000000089000000, 0x0000000089000000| Untracked 
|  73|0x0000000089100000, 0x0000000089100000, 0x0000000089200000|  0%| F|  |TAMS 0x0000000089100000, 0x0000000089100000| Untracked 
|  74|0x0000000089200000, 0x0000000089200000, 0x0000000089300000|  0%| F|  |TAMS 0x0000000089200000, 0x0000000089200000| Untracked 
|  75|0x0000000089300000, 0x0000000089300000, 0x0000000089400000|  0%| F|  |TAMS 0x0000000089300000, 0x0000000089300000| Untracked 
|  76|0x0000000089400000, 0x0000000089400000, 0x0000000089500000|  0%| F|  |TAMS 0x0000000089400000, 0x0000000089400000| Untracked 
|  77|0x0000000089500000, 0x0000000089500000, 0x0000000089600000|  0%| F|  |TAMS 0x0000000089500000, 0x0000000089500000| Untracked 
|  78|0x0000000089600000, 0x0000000089600000, 0x0000000089700000|  0%| F|  |TAMS 0x0000000089600000, 0x0000000089600000| Untracked 
|  79|0x0000000089700000, 0x0000000089700000, 0x0000000089800000|  0%| F|  |TAMS 0x0000000089700000, 0x0000000089700000| Untracked 
|  80|0x0000000089800000, 0x0000000089800000, 0x0000000089900000|  0%| F|  |TAMS 0x0000000089800000, 0x0000000089800000| Untracked 
|  81|0x0000000089900000, 0x0000000089900000, 0x0000000089a00000|  0%| F|  |TAMS 0x0000000089900000, 0x0000000089900000| Untracked 
|  82|0x0000000089a00000, 0x0000000089a00000, 0x0000000089b00000|  0%| F|  |TAMS 0x0000000089a00000, 0x0000000089a00000| Untracked 
|  83|0x0000000089b00000, 0x0000000089b00000, 0x0000000089c00000|  0%| F|  |TAMS 0x0000000089b00000, 0x0000000089b00000| Untracked 
|  84|0x0000000089c00000, 0x0000000089c00000, 0x0000000089d00000|  0%| F|  |TAMS 0x0000000089c00000, 0x0000000089c00000| Untracked 
|  85|0x0000000089d00000, 0x0000000089d00000, 0x0000000089e00000|  0%| F|  |TAMS 0x0000000089d00000, 0x0000000089d00000| Untracked 
|  86|0x0000000089e00000, 0x0000000089e00000, 0x0000000089f00000|  0%| F|  |TAMS 0x0000000089e00000, 0x0000000089e00000| Untracked 
|  87|0x0000000089f00000, 0x0000000089f00000, 0x000000008a000000|  0%| F|  |TAMS 0x0000000089f00000, 0x0000000089f00000| Untracked 
|  88|0x000000008a000000, 0x000000008a000000, 0x000000008a100000|  0%| F|  |TAMS 0x000000008a000000, 0x000000008a000000| Untracked 
|  89|0x000000008a100000, 0x000000008a100000, 0x000000008a200000|  0%| F|  |TAMS 0x000000008a100000, 0x000000008a100000| Untracked 
|  90|0x000000008a200000, 0x000000008a200000, 0x000000008a300000|  0%| F|  |TAMS 0x000000008a200000, 0x000000008a200000| Untracked 
|  91|0x000000008a300000, 0x000000008a373280, 0x000000008a400000| 44%| S|CS|TAMS 0x000000008a300000, 0x000000008a300000| Complete 
|  92|0x000000008a400000, 0x000000008a400000, 0x000000008a500000|  0%| F|  |TAMS 0x000000008a400000, 0x000000008a400000| Untracked 
|  93|0x000000008a500000, 0x000000008a500000, 0x000000008a600000|  0%| F|  |TAMS 0x000000008a500000, 0x000000008a500000| Untracked 
|  94|0x000000008a600000, 0x000000008a600000, 0x000000008a700000|  0%| F|  |TAMS 0x000000008a600000, 0x000000008a600000| Untracked 
|  95|0x000000008a700000, 0x000000008a700000, 0x000000008a800000|  0%| F|  |TAMS 0x000000008a700000, 0x000000008a700000| Untracked 
|  96|0x000000008a800000, 0x000000008a800000, 0x000000008a900000|  0%| F|  |TAMS 0x000000008a800000, 0x000000008a800000| Untracked 
|  97|0x000000008a900000, 0x000000008a900000, 0x000000008aa00000|  0%| F|  |TAMS 0x000000008a900000, 0x000000008a900000| Untracked 
|  98|0x000000008aa00000, 0x000000008aa00000, 0x000000008ab00000|  0%| F|  |TAMS 0x000000008aa00000, 0x000000008aa00000| Untracked 
|  99|0x000000008ab00000, 0x000000008ab00000, 0x000000008ac00000|  0%| F|  |TAMS 0x000000008ab00000, 0x000000008ab00000| Untracked 
| 100|0x000000008ac00000, 0x000000008ac00000, 0x000000008ad00000|  0%| F|  |TAMS 0x000000008ac00000, 0x000000008ac00000| Untracked 
| 101|0x000000008ad00000, 0x000000008ad00000, 0x000000008ae00000|  0%| F|  |TAMS 0x000000008ad00000, 0x000000008ad00000| Untracked 
| 102|0x000000008ae00000, 0x000000008ae00000, 0x000000008af00000|  0%| F|  |TAMS 0x000000008ae00000, 0x000000008ae00000| Untracked 
| 103|0x000000008af00000, 0x000000008af00000, 0x000000008b000000|  0%| F|  |TAMS 0x000000008af00000, 0x000000008af00000| Untracked 
| 104|0x000000008b000000, 0x000000008b000000, 0x000000008b100000|  0%| F|  |TAMS 0x000000008b000000, 0x000000008b000000| Untracked 
| 105|0x000000008b100000, 0x000000008b100000, 0x000000008b200000|  0%| F|  |TAMS 0x000000008b100000, 0x000000008b100000| Untracked 
| 106|0x000000008b200000, 0x000000008b200000, 0x000000008b300000|  0%| F|  |TAMS 0x000000008b200000, 0x000000008b200000| Untracked 
| 107|0x000000008b300000, 0x000000008b300000, 0x000000008b400000|  0%| F|  |TAMS 0x000000008b300000, 0x000000008b300000| Untracked 
| 108|0x000000008b400000, 0x000000008b400000, 0x000000008b500000|  0%| F|  |TAMS 0x000000008b400000, 0x000000008b400000| Untracked 
| 109|0x000000008b500000, 0x000000008b500000, 0x000000008b600000|  0%| F|  |TAMS 0x000000008b500000, 0x000000008b500000| Untracked 
| 110|0x000000008b600000, 0x000000008b600000, 0x000000008b700000|  0%| F|  |TAMS 0x000000008b600000, 0x000000008b600000| Untracked 
| 111|0x000000008b700000, 0x000000008b700000, 0x000000008b800000|  0%| F|  |TAMS 0x000000008b700000, 0x000000008b700000| Untracked 
| 112|0x000000008b800000, 0x000000008b800000, 0x000000008b900000|  0%| F|  |TAMS 0x000000008b800000, 0x000000008b800000| Untracked 
| 113|0x000000008b900000, 0x000000008b900000, 0x000000008ba00000|  0%| F|  |TAMS 0x000000008b900000, 0x000000008b900000| Untracked 
| 114|0x000000008ba00000, 0x000000008ba00000, 0x000000008bb00000|  0%| F|  |TAMS 0x000000008ba00000, 0x000000008ba00000| Untracked 
| 115|0x000000008bb00000, 0x000000008bb00000, 0x000000008bc00000|  0%| F|  |TAMS 0x000000008bb00000, 0x000000008bb00000| Untracked 
| 116|0x000000008bc00000, 0x000000008bc00000, 0x000000008bd00000|  0%| F|  |TAMS 0x000000008bc00000, 0x000000008bc00000| Untracked 
| 117|0x000000008bd00000, 0x000000008bd00000, 0x000000008be00000|  0%| F|  |TAMS 0x000000008bd00000, 0x000000008bd00000| Untracked 
| 118|0x000000008be00000, 0x000000008be00000, 0x000000008bf00000|  0%| F|  |TAMS 0x000000008be00000, 0x000000008be00000| Untracked 
| 119|0x000000008bf00000, 0x000000008bf00000, 0x000000008c000000|  0%| F|  |TAMS 0x000000008bf00000, 0x000000008bf00000| Untracked 
| 120|0x000000008c000000, 0x000000008c000000, 0x000000008c100000|  0%| F|  |TAMS 0x000000008c000000, 0x000000008c000000| Untracked 
| 121|0x000000008c100000, 0x000000008c100000, 0x000000008c200000|  0%| F|  |TAMS 0x000000008c100000, 0x000000008c100000| Untracked 
| 122|0x000000008c200000, 0x000000008c200000, 0x000000008c300000|  0%| F|  |TAMS 0x000000008c200000, 0x000000008c200000| Untracked 
| 123|0x000000008c300000, 0x000000008c300000, 0x000000008c400000|  0%| F|  |TAMS 0x000000008c300000, 0x000000008c300000| Untracked 

Card table byte_map: [0x0000025bc9d70000,0x0000025bca150000] _byte_map_base: 0x0000025bc994c000

Marking Bits (Prev, Next): (CMBitMap*) 0x0000025bb261b200, (CMBitMap*) 0x0000025bb261b1c0
 Prev Bits: [0x0000025bcc410000, 0x0000025bce2f0000)
 Next Bits: [0x0000025bca530000, 0x0000025bcc410000)

Polling page: 0x0000025bb04b0000

Metaspace:

Usage:
  Non-class:     49.09 MB used.
      Class:      6.14 MB used.
       Both:     55.23 MB used.

Virtual space:
  Non-class space:       64.00 MB reserved,      49.25 MB ( 77%) committed,  1 nodes.
      Class space:        1.00 GB reserved,       6.31 MB ( <1%) committed,  1 nodes.
             Both:        1.06 GB reserved,      55.56 MB (  5%) committed. 

Chunk freelists:
   Non-Class:  13.52 MB
       Class:  9.73 MB
        Both:  23.25 MB

MaxMetaspaceSize: unlimited
CompressedClassSpaceSize: 1.00 GB
Initial GC threshold: 21.00 MB
Current GC threshold: 85.94 MB
CDS: on
MetaspaceReclaimPolicy: balanced
 - commit_granule_bytes: 65536.
 - commit_granule_words: 8192.
 - virtual_space_node_default_size: 8388608.
 - enlarge_chunks_in_place: 1.
 - new_chunks_are_fully_committed: 0.
 - uncommit_free_chunks: 1.
 - use_allocation_guard: 0.
 - handle_deallocations: 1.


Internal statistics:

num_allocs_failed_limit: 6.
num_arena_births: 286.
num_arena_deaths: 0.
num_vsnodes_births: 2.
num_vsnodes_deaths: 0.
num_space_committed: 888.
num_space_uncommitted: 0.
num_chunks_returned_to_freelist: 6.
num_chunks_taken_from_freelist: 2226.
num_chunk_merges: 3.
num_chunk_splits: 1850.
num_chunks_enlarged: 1679.
num_inconsistent_stats: 0.

CodeHeap 'non-profiled nmethods': size=119168Kb used=3121Kb max_used=3121Kb free=116046Kb
 bounds [0x0000025bc1cb0000, 0x0000025bc1fc0000, 0x0000025bc9110000]
CodeHeap 'profiled nmethods': size=119104Kb used=27113Kb max_used=27113Kb free=91990Kb
 bounds [0x0000025bba110000, 0x0000025bbbba0000, 0x0000025bc1560000]
CodeHeap 'non-nmethods': size=7488Kb used=3098Kb max_used=3122Kb free=4390Kb
 bounds [0x0000025bc1560000, 0x0000025bc1880000, 0x0000025bc1cb0000]
 total_blobs=8334 nmethods=7582 adapters=659
 compilation: enabled
              stopped_count=0, restarted_count=0
 full_count=0

Compilation events (20 events):
Event: 7.032 Thread 0x0000025bd125d0b0 nmethod 8336 0x0000025bbbb82e10 code [0x0000025bbbb83120, 0x0000025bbbb845a8]
Event: 7.032 Thread 0x0000025bd125d0b0 8338       3       org.jetbrains.kotlin.ir.expressions.IrExpressionsKt::hasNoSideEffects (26 bytes)
Event: 7.032 Thread 0x0000025c177daaf0 8339       3       org.jetbrains.kotlin.ir.expressions.IrExpressionsKt::isUnchanging (108 bytes)
Event: 7.032 Thread 0x0000025c177db820 nmethod 8337 0x0000025bbbb84a90 code [0x0000025bbbb84ca0, 0x0000025bbbb85328]
Event: 7.032 Thread 0x0000025bd1299cb0 8340       1       org.jetbrains.kotlin.fir.expressions.impl.FirVarargArgumentsExpressionImpl::getArguments (5 bytes)
Event: 7.032 Thread 0x0000025bd1299cb0 nmethod 8340 0x0000025bc1d5d710 code [0x0000025bc1d5d8a0, 0x0000025bc1d5d978]
Event: 7.032 Thread 0x0000025bd125d0b0 nmethod 8338 0x0000025bbbb85590 code [0x0000025bbbb857c0, 0x0000025bbbb85ee8]
Event: 7.033 Thread 0x0000025c177daaf0 nmethod 8339 0x0000025bbbb86110 code [0x0000025bbbb863a0, 0x0000025bbbb87668]
Event: 7.033 Thread 0x0000025bd125d0b0 8341       1       org.jetbrains.kotlin.fir.lazy.Fir2IrLazySimpleFunction::getFir (5 bytes)
Event: 7.033 Thread 0x0000025bd125d0b0 nmethod 8341 0x0000025bc1fbc190 code [0x0000025bc1fbc320, 0x0000025bc1fbc3f8]
Event: 7.033 Thread 0x0000025c177db820 8342       3       org.jetbrains.kotlin.types.AbstractTypeApproximator::approximateToSubType (246 bytes)
Event: 7.033 Thread 0x0000025bd1299cb0 8343       1       org.jetbrains.kotlin.fir.expressions.impl.FirImplicitInvokeCallImpl::getExplicitReceiver (5 bytes)
Event: 7.034 Thread 0x0000025bd1299cb0 nmethod 8343 0x0000025bc1fbc490 code [0x0000025bc1fbc620, 0x0000025bc1fbc6f8]
Event: 7.034 Thread 0x0000025bd125d0b0 8344       3       org.jetbrains.kotlin.ir.types.IrTypePredicatesKt::hasFqNameEqualToSignature (41 bytes)
Event: 7.034 Thread 0x0000025c177daaf0 8345       3       org.jetbrains.kotlin.fir.backend.generators.CallAndReferenceGenerator::superQualifierSymbolForFunctionAndPropertyAccess (78 bytes)
Event: 7.034 Thread 0x0000025bd1299cb0 8346       3       org.jetbrains.kotlin.fir.backend.utils.VariousUtilsKt::buildSubstitutorByCalledCallable (214 bytes)
Event: 7.034 Thread 0x0000025bd125d0b0 nmethod 8344 0x0000025bbbb87a10 code [0x0000025bbbb87c20, 0x0000025bbbb88128]
Event: 7.035 Thread 0x0000025c177daaf0 nmethod 8345 0x0000025bbbb88310 code [0x0000025bbbb88640, 0x0000025bbbb89978]
Event: 7.036 Thread 0x0000025bd1299cb0 nmethod 8346 0x0000025bbbb89f10 code [0x0000025bbbb8a3e0, 0x0000025bbbb8cb68]
Event: 7.036 Thread 0x0000025c177db820 nmethod 8342 0x0000025bbbb8d710 code [0x0000025bbbb8df80, 0x0000025bbbb92988]

GC Heap History (20 events):
Event: 2.732 GC heap after
{Heap after GC invocations=7 (full 0):
 garbage-first heap   total 66560K, used 20451K [0x0000000084800000, 0x0000000100000000)
  region size 1024K, 3 young (3072K), 3 survivors (3072K)
 Metaspace       used 35863K, committed 36096K, reserved 1114112K
  class space    used 4381K, committed 4480K, reserved 1048576K
}
Event: 2.975 GC heap before
{Heap before GC invocations=8 (full 0):
 garbage-first heap   total 66560K, used 49123K [0x0000000084800000, 0x0000000100000000)
  region size 1024K, 30 young (30720K), 3 survivors (3072K)
 Metaspace       used 38434K, committed 38656K, reserved 1114112K
  class space    used 4658K, committed 4800K, reserved 1048576K
}
Event: 2.982 GC heap after
{Heap after GC invocations=9 (full 0):
 garbage-first heap   total 66560K, used 27731K [0x0000000084800000, 0x0000000100000000)
  region size 1024K, 4 young (4096K), 4 survivors (4096K)
 Metaspace       used 38434K, committed 38656K, reserved 1114112K
  class space    used 4658K, committed 4800K, reserved 1048576K
}
Event: 3.176 GC heap before
{Heap before GC invocations=9 (full 0):
 garbage-first heap   total 66560K, used 48211K [0x0000000084800000, 0x0000000100000000)
  region size 1024K, 24 young (24576K), 4 survivors (4096K)
 Metaspace       used 39638K, committed 39872K, reserved 1114112K
  class space    used 4752K, committed 4864K, reserved 1048576K
}
Event: 3.185 GC heap after
{Heap after GC invocations=10 (full 0):
 garbage-first heap   total 66560K, used 33899K [0x0000000084800000, 0x0000000100000000)
  region size 1024K, 3 young (3072K), 3 survivors (3072K)
 Metaspace       used 39638K, committed 39872K, reserved 1114112K
  class space    used 4752K, committed 4864K, reserved 1048576K
}
Event: 3.591 GC heap before
{Heap before GC invocations=10 (full 0):
 garbage-first heap   total 66560K, used 49259K [0x0000000084800000, 0x0000000100000000)
  region size 1024K, 18 young (18432K), 3 survivors (3072K)
 Metaspace       used 42781K, committed 43072K, reserved 1114112K
  class space    used 5112K, committed 5248K, reserved 1048576K
}
Event: 3.600 GC heap after
{Heap after GC invocations=11 (full 0):
 garbage-first heap   total 80896K, used 36221K [0x0000000084800000, 0x0000000100000000)
  region size 1024K, 2 young (2048K), 2 survivors (2048K)
 Metaspace       used 42781K, committed 43072K, reserved 1114112K
  class space    used 5112K, committed 5248K, reserved 1048576K
}
Event: 4.172 GC heap before
{Heap before GC invocations=12 (full 0):
 garbage-first heap   total 80896K, used 59773K [0x0000000084800000, 0x0000000100000000)
  region size 1024K, 25 young (25600K), 2 survivors (2048K)
 Metaspace       used 44300K, committed 44608K, reserved 1114112K
  class space    used 5292K, committed 5440K, reserved 1048576K
}
Event: 4.187 GC heap after
{Heap after GC invocations=13 (full 0):
 garbage-first heap   total 80896K, used 41436K [0x0000000084800000, 0x0000000100000000)
  region size 1024K, 4 young (4096K), 4 survivors (4096K)
 Metaspace       used 44300K, committed 44608K, reserved 1114112K
  class space    used 5292K, committed 5440K, reserved 1048576K
}
Event: 5.313 GC heap before
{Heap before GC invocations=13 (full 0):
 garbage-first heap   total 80896K, used 60892K [0x0000000084800000, 0x0000000100000000)
  region size 1024K, 23 young (23552K), 4 survivors (4096K)
 Metaspace       used 46295K, committed 46656K, reserved 1114112K
  class space    used 5410K, committed 5568K, reserved 1048576K
}
Event: 5.334 GC heap after
{Heap after GC invocations=14 (full 0):
 garbage-first heap   total 80896K, used 44251K [0x0000000084800000, 0x0000000100000000)
  region size 1024K, 3 young (3072K), 3 survivors (3072K)
 Metaspace       used 46295K, committed 46656K, reserved 1114112K
  class space    used 5410K, committed 5568K, reserved 1048576K
}
Event: 5.927 GC heap before
{Heap before GC invocations=15 (full 0):
 garbage-first heap   total 80896K, used 59611K [0x0000000084800000, 0x0000000100000000)
  region size 1024K, 20 young (20480K), 3 survivors (3072K)
 Metaspace       used 49202K, committed 49472K, reserved 1114112K
  class space    used 5675K, committed 5824K, reserved 1048576K
}
Event: 5.935 GC heap after
{Heap after GC invocations=16 (full 0):
 garbage-first heap   total 80896K, used 45063K [0x0000000084800000, 0x0000000100000000)
  region size 1024K, 2 young (2048K), 2 survivors (2048K)
 Metaspace       used 49202K, committed 49472K, reserved 1114112K
  class space    used 5675K, committed 5824K, reserved 1048576K
}
Event: 5.959 GC heap before
{Heap before GC invocations=16 (full 0):
 garbage-first heap   total 80896K, used 46087K [0x0000000084800000, 0x0000000100000000)
  region size 1024K, 3 young (3072K), 2 survivors (2048K)
 Metaspace       used 49389K, committed 49728K, reserved 1114112K
  class space    used 5692K, committed 5824K, reserved 1048576K
}
Event: 5.965 GC heap after
{Heap after GC invocations=17 (full 0):
 garbage-first heap   total 80896K, used 44962K [0x0000000084800000, 0x0000000100000000)
  region size 1024K, 1 young (1024K), 1 survivors (1024K)
 Metaspace       used 49389K, committed 49728K, reserved 1114112K
  class space    used 5692K, committed 5824K, reserved 1048576K
}
Event: 6.551 GC heap before
{Heap before GC invocations=17 (full 0):
 garbage-first heap   total 80896K, used 63394K [0x0000000084800000, 0x0000000100000000)
  region size 1024K, 19 young (19456K), 1 survivors (1024K)
 Metaspace       used 52386K, committed 52672K, reserved 1114112K
  class space    used 5910K, committed 6080K, reserved 1048576K
}
Event: 6.555 GC heap after
{Heap after GC invocations=18 (full 0):
 garbage-first heap   total 80896K, used 46205K [0x0000000084800000, 0x0000000100000000)
  region size 1024K, 2 young (2048K), 2 survivors (2048K)
 Metaspace       used 52386K, committed 52672K, reserved 1114112K
  class space    used 5910K, committed 6080K, reserved 1048576K
}
Event: 7.005 GC heap before
{Heap before GC invocations=19 (full 0):
 garbage-first heap   total 80896K, used 63613K [0x0000000084800000, 0x0000000100000000)
  region size 1024K, 19 young (19456K), 2 survivors (2048K)
 Metaspace       used 56389K, committed 56768K, reserved 1114112K
  class space    used 6278K, committed 6464K, reserved 1048576K
}
Event: 7.012 GC heap after
{Heap after GC invocations=20 (full 0):
 garbage-first heap   total 80896K, used 47574K [0x0000000084800000, 0x0000000100000000)
  region size 1024K, 3 young (3072K), 3 survivors (3072K)
 Metaspace       used 56389K, committed 56768K, reserved 1114112K
  class space    used 6278K, committed 6464K, reserved 1048576K
}
Event: 7.040 GC heap before
{Heap before GC invocations=20 (full 0):
 garbage-first heap   total 80896K, used 48598K [0x0000000084800000, 0x0000000100000000)
  region size 1024K, 4 young (4096K), 3 survivors (3072K)
 Metaspace       used 56557K, committed 56896K, reserved 1114112K
  class space    used 6291K, committed 6464K, reserved 1048576K
}

Dll operation events (7 events):
Event: 0.006 Loaded shared library C:\Program Files\Eclipse Adoptium\jdk-17.0.15.6-hotspot\bin\java.dll
Event: 0.023 Loaded shared library C:\Program Files\Eclipse Adoptium\jdk-17.0.15.6-hotspot\bin\jsvml.dll
Event: 0.056 Loaded shared library C:\Program Files\Eclipse Adoptium\jdk-17.0.15.6-hotspot\bin\net.dll
Event: 0.059 Loaded shared library C:\Program Files\Eclipse Adoptium\jdk-17.0.15.6-hotspot\bin\nio.dll
Event: 0.089 Loaded shared library C:\Program Files\Eclipse Adoptium\jdk-17.0.15.6-hotspot\bin\zip.dll
Event: 0.110 Loaded shared library C:\Program Files\Eclipse Adoptium\jdk-17.0.15.6-hotspot\bin\jimage.dll
Event: 1.288 Loaded shared library C:\Program Files\Eclipse Adoptium\jdk-17.0.15.6-hotspot\bin\verify.dll

Deoptimization events (20 events):
Event: 6.719 Thread 0x0000025bb25bb750 DEOPT PACKING pc=0x0000025bc1f94f5c sp=0x00000084c25fcba0
Event: 6.719 Thread 0x0000025bb25bb750 DEOPT UNPACKING pc=0x0000025bc15b69a3 sp=0x00000084c25fcb38 mode 2
Event: 6.793 Thread 0x0000025bb25bb750 Uncommon trap: trap_request=0xffffffc6 fr.pc=0x0000025bc1fa5800 relative=0x0000000000000580
Event: 6.793 Thread 0x0000025bb25bb750 Uncommon trap: reason=bimorphic_or_optimized_type_check action=maybe_recompile pc=0x0000025bc1fa5800 method=kotlin.collections.CollectionsKt___CollectionsKt.toList(Ljava/lang/Iterable;)Ljava/util/List; @ 62 c2
Event: 6.793 Thread 0x0000025bb25bb750 DEOPT PACKING pc=0x0000025bc1fa5800 sp=0x00000084c25fdf80
Event: 6.793 Thread 0x0000025bb25bb750 DEOPT UNPACKING pc=0x0000025bc15b69a3 sp=0x00000084c25fdf48 mode 2
Event: 6.793 Thread 0x0000025bb25bb750 Uncommon trap: trap_request=0xffffffc6 fr.pc=0x0000025bc1fa5800 relative=0x0000000000000580
Event: 6.793 Thread 0x0000025bb25bb750 Uncommon trap: reason=bimorphic_or_optimized_type_check action=maybe_recompile pc=0x0000025bc1fa5800 method=kotlin.collections.CollectionsKt___CollectionsKt.toList(Ljava/lang/Iterable;)Ljava/util/List; @ 62 c2
Event: 6.793 Thread 0x0000025bb25bb750 DEOPT PACKING pc=0x0000025bc1fa5800 sp=0x00000084c25fe020
Event: 6.793 Thread 0x0000025bb25bb750 DEOPT UNPACKING pc=0x0000025bc15b69a3 sp=0x00000084c25fdfe8 mode 2
Event: 6.822 Thread 0x0000025bb25bb750 Uncommon trap: trap_request=0xffffffc6 fr.pc=0x0000025bc1fa5800 relative=0x0000000000000580
Event: 6.822 Thread 0x0000025bb25bb750 Uncommon trap: reason=bimorphic_or_optimized_type_check action=maybe_recompile pc=0x0000025bc1fa5800 method=kotlin.collections.CollectionsKt___CollectionsKt.toList(Ljava/lang/Iterable;)Ljava/util/List; @ 62 c2
Event: 6.822 Thread 0x0000025bb25bb750 DEOPT PACKING pc=0x0000025bc1fa5800 sp=0x00000084c25fdf80
Event: 6.822 Thread 0x0000025bb25bb750 DEOPT UNPACKING pc=0x0000025bc15b69a3 sp=0x00000084c25fdf48 mode 2
Event: 6.822 Thread 0x0000025bb25bb750 Uncommon trap: trap_request=0xffffffc6 fr.pc=0x0000025bc1fa5800 relative=0x0000000000000580
Event: 6.822 Thread 0x0000025bb25bb750 Uncommon trap: reason=bimorphic_or_optimized_type_check action=maybe_recompile pc=0x0000025bc1fa5800 method=kotlin.collections.CollectionsKt___CollectionsKt.toList(Ljava/lang/Iterable;)Ljava/util/List; @ 62 c2
Event: 6.822 Thread 0x0000025bb25bb750 DEOPT PACKING pc=0x0000025bc1fa5800 sp=0x00000084c25fe020
Event: 6.822 Thread 0x0000025bb25bb750 DEOPT UNPACKING pc=0x0000025bc15b69a3 sp=0x00000084c25fdfe8 mode 2
Event: 6.911 Thread 0x0000025bb25bb750 DEOPT PACKING pc=0x0000025bbba8127c sp=0x00000084c25fa630
Event: 6.911 Thread 0x0000025bb25bb750 DEOPT UNPACKING pc=0x0000025bc15b7143 sp=0x00000084c25f9de8 mode 0

Classes loaded (20 events):
Event: 3.396 Loading class java/util/AbstractList$SubList done
Event: 3.396 Loading class java/util/AbstractList$RandomAccessSubList done
Event: 3.602 Loading class java/util/AbstractList$SubList$1
Event: 3.602 Loading class java/util/AbstractList$SubList$1 done
Event: 5.209 Loading class java/util/RegularEnumSet$EnumSetIterator
Event: 5.209 Loading class java/util/RegularEnumSet$EnumSetIterator done
Event: 5.828 Loading class java/text/MessageFormat
Event: 5.829 Loading class java/text/MessageFormat done
Event: 5.862 Loading class java/text/ChoiceFormat
Event: 5.863 Loading class java/text/ChoiceFormat done
Event: 5.957 Loading class java/util/EnumMap$EntrySet
Event: 5.957 Loading class java/util/EnumMap$EntrySet done
Event: 5.957 Loading class java/util/EnumMap$EntryIterator
Event: 5.957 Loading class java/util/EnumMap$EnumMapIterator
Event: 5.957 Loading class java/util/EnumMap$EnumMapIterator done
Event: 5.957 Loading class java/util/EnumMap$EntryIterator done
Event: 5.957 Loading class java/util/EnumMap$EntryIterator$Entry
Event: 5.958 Loading class java/util/EnumMap$EntryIterator$Entry done
Event: 6.888 Loading class java/util/Formatter$FixedString
Event: 6.888 Loading class java/util/Formatter$FixedString done

Classes unloaded (0 events):
No events

Classes redefined (0 events):
No events

Internal exceptions (20 events):
Event: 3.629 Thread 0x0000025bb25bb750 Exception <a 'java/lang/NoSuchMethodError'{0x000000008c396278}: 'java.lang.Object java.lang.invoke.DirectMethodHandle$Holder.invokeSpecial(java.lang.Object, java.lang.Object, java.lang.Object, java.lang.Object, java.lang.Object, java.lang.Object, int)'> (0x000000008c396278) 
thrown [s\src\hotspot\share\interpreter\linkResolver.cpp, line 759]
Event: 3.629 Thread 0x0000025bb25bb750 Exception <a 'java/lang/NoSuchMethodError'{0x000000008c39a5b8}: 'java.lang.Object java.lang.invoke.Invokers$Holder.linkToTargetMethod(java.lang.Object, java.lang.Object, java.lang.Object, java.lang.Object, int, java.lang.Object)'> (0x000000008c39a5b8) 
thrown [s\src\hotspot\share\interpreter\linkResolver.cpp, line 759]
Event: 3.766 Thread 0x0000025bb25bb750 Exception <a 'java/lang/NoSuchMethodError'{0x0000000089e58e18}: 'java.lang.Object java.lang.invoke.DirectMethodHandle$Holder.invokeSpecial(java.lang.Object, java.lang.Object, int, java.lang.Object, java.lang.Object)'> (0x0000000089e58e18) 
thrown [s\src\hotspot\share\interpreter\linkResolver.cpp, line 759]
Event: 4.094 Thread 0x0000025bb25bb750 Exception <a 'java/lang/NoSuchMethodError'{0x0000000088338c20}: 'java.lang.Object java.lang.invoke.DirectMethodHandle$Holder.invokeStatic(java.lang.Object, java.lang.Object, java.lang.Object, java.lang.Object, int)'> (0x0000000088338c20) 
thrown [s\src\hotspot\share\interpreter\linkResolver.cpp, line 759]
Event: 4.096 Thread 0x0000025bb25bb750 Exception <a 'java/lang/NoSuchMethodError'{0x0000000088341498}: 'java.lang.Object java.lang.invoke.DirectMethodHandle$Holder.newInvokeSpecial(java.lang.Object, java.lang.Object, java.lang.Object, java.lang.Object, int)'> (0x0000000088341498) 
thrown [s\src\hotspot\share\interpreter\linkResolver.cpp, line 759]
Event: 4.096 Thread 0x0000025bb25bb750 Exception <a 'java/lang/NoSuchMethodError'{0x00000000883460e8}: 'java.lang.Object java.lang.invoke.DirectMethodHandle$Holder.invokeSpecial(java.lang.Object, java.lang.Object, java.lang.Object, java.lang.Object, java.lang.Object, int)'> (0x00000000883460e8) 
thrown [s\src\hotspot\share\interpreter\linkResolver.cpp, line 759]
Event: 4.096 Thread 0x0000025bb25bb750 Exception <a 'java/lang/NoSuchMethodError'{0x000000008834a670}: 'java.lang.Object java.lang.invoke.Invokers$Holder.linkToTargetMethod(java.lang.Object, java.lang.Object, java.lang.Object, int, java.lang.Object)'> (0x000000008834a670) 
thrown [s\src\hotspot\share\interpreter\linkResolver.cpp, line 759]
Event: 4.592 Thread 0x0000025bb25bb750 Exception <a 'java/lang/NoSuchMethodError'{0x0000000089b58158}: 'java.lang.Object java.lang.invoke.DirectMethodHandle$Holder.invokeStatic(java.lang.Object, java.lang.Object, java.lang.Object, int, java.lang.Object, java.lang.Object)'> (0x0000000089b58158) 
thrown [s\src\hotspot\share\interpreter\linkResolver.cpp, line 759]
Event: 5.211 Thread 0x0000025bb25bb750 Exception <a 'java/lang/NoSuchMethodError'{0x0000000088565050}: 'java.lang.Object java.lang.invoke.DirectMethodHandle$Holder.invokeStatic(java.lang.Object, int, java.lang.Object, java.lang.Object)'> (0x0000000088565050) 
thrown [s\src\hotspot\share\interpreter\linkResolver.cpp, line 759]
Event: 5.913 Thread 0x0000025bb25bb750 Implicit null exception at 0x0000025bc1d79bcc to 0x0000025bc1d79ca8
Event: 5.955 Thread 0x0000025bb25bb750 Implicit null exception at 0x0000025bc1eb2455 to 0x0000025bc1eb25f0
Event: 6.315 Thread 0x0000025bb25bb750 Exception <a 'java/lang/NoSuchMethodError'{0x0000000089aba878}: 'java.lang.Object java.lang.invoke.DirectMethodHandle$Holder.invokeSpecial(java.lang.Object, java.lang.Object, java.lang.Object, int, java.lang.Object, java.lang.Object, java.lang.Object)'> (0x0000000089aba878) 
thrown [s\src\hotspot\share\interpreter\linkResolver.cpp, line 759]
Event: 6.315 Thread 0x0000025bb25bb750 Exception <a 'java/lang/NoSuchMethodError'{0x0000000089abe158}: 'java.lang.Object java.lang.invoke.Invokers$Holder.linkToTargetMethod(java.lang.Object, int, java.lang.Object, java.lang.Object, java.lang.Object, java.lang.Object)'> (0x0000000089abe158) 
thrown [s\src\hotspot\share\interpreter\linkResolver.cpp, line 759]
Event: 6.545 Thread 0x0000025bb25bb750 Implicit null exception at 0x0000025bc1cdcaf4 to 0x0000025bc1cdd20c
Event: 6.547 Thread 0x0000025bb25bb750 Implicit null exception at 0x0000025bc1ce6174 to 0x0000025bc1ce6874
Event: 6.603 Thread 0x0000025bb25bb750 Exception <a 'java/lang/NoSuchMethodError'{0x000000008a3a0c70}: 'java.lang.Object java.lang.invoke.DirectMethodHandle$Holder.invokeStatic(java.lang.Object, java.lang.Object, int)'> (0x000000008a3a0c70) 
thrown [s\src\hotspot\share\interpreter\linkResolver.cpp, line 759]
Event: 6.798 Thread 0x0000025bb25bb750 Exception <a 'java/lang/NoSuchMethodError'{0x0000000088bf9da0}: 'java.lang.Object java.lang.invoke.DirectMethodHandle$Holder.newInvokeSpecial(java.lang.Object, java.lang.Object, java.lang.Object, java.lang.Object, java.lang.Object, java.lang.Object, java.lang.Object, java.lang.Object, int)'> (0x0000000088bf9da0) 
thrown [s\src\hotspot\share\interpreter\linkResolver.cpp, line 759]
Event: 6.799 Thread 0x0000025bb25bb750 Exception <a 'java/lang/NoSuchMethodError'{0x0000000088bff5b0}: 'java.lang.Object java.lang.invoke.DirectMethodHandle$Holder.invokeSpecial(java.lang.Object, java.lang.Object, java.lang.Object, java.lang.Object, java.lang.Object, java.lang.Object, java.lang.Object, java.lang.Object, java.lang.Object, int)'> (0x0000000088bff5b0) 
thrown [s\src\hotspot\share\interpreter\linkResolver.cpp, line 759]
Event: 6.995 Thread 0x0000025bb25bb750 Exception <a 'java/lang/NoSuchMethodError'{0x00000000886af638}: 'java.lang.Object java.lang.invoke.DirectMethodHandle$Holder.newInvokeSpecial(java.lang.Object, java.lang.Object, java.lang.Object, java.lang.Object, java.lang.Object, java.lang.Object, java.lang.Object, int)'> (0x00000000886af638) 
thrown [s\src\hotspot\share\interpreter\linkResolver.cpp, line 759]
Event: 6.996 Thread 0x0000025bb25bb750 Exception <a 'java/lang/NoSuchMethodError'{0x00000000886b46f8}: 'java.lang.Object java.lang.invoke.DirectMethodHandle$Holder.invokeSpecial(java.lang.Object, java.lang.Object, java.lang.Object, java.lang.Object, java.lang.Object, java.lang.Object, java.lang.Object, java.lang.Object, int)'> (0x00000000886b46f8) 
thrown [s\src\hotspot\share\interpreter\linkResolver.cpp, line 759]

VM Operations (20 events):
Event: 6.529 Executing VM operation: HandshakeAllThreads done
Event: 6.551 Executing VM operation: G1CollectForAllocation
Event: 6.556 Executing VM operation: G1CollectForAllocation done
Event: 6.571 Executing VM operation: HandshakeAllThreads
Event: 6.571 Executing VM operation: HandshakeAllThreads done
Event: 6.573 Executing VM operation: HandshakeAllThreads
Event: 6.573 Executing VM operation: HandshakeAllThreads done
Event: 6.573 Executing VM operation: G1PauseRemark
Event: 6.580 Executing VM operation: G1PauseRemark done
Event: 6.594 Executing VM operation: G1PauseCleanup
Event: 6.594 Executing VM operation: G1PauseCleanup done
Event: 6.664 Executing VM operation: HandshakeAllThreads
Event: 6.664 Executing VM operation: HandshakeAllThreads done
Event: 6.875 Executing VM operation: HandshakeAllThreads
Event: 6.875 Executing VM operation: HandshakeAllThreads done
Event: 6.961 Executing VM operation: ICBufferFull
Event: 6.961 Executing VM operation: ICBufferFull done
Event: 7.005 Executing VM operation: G1CollectForAllocation
Event: 7.012 Executing VM operation: G1CollectForAllocation done
Event: 7.040 Executing VM operation: G1CollectForAllocation

Memory protections (0 events):
No events

Nmethod flushes (20 events):
Event: 6.527 Thread 0x0000025bd12ad610 flushing  nmethod 0x0000025bbb243e10
Event: 6.530 Thread 0x0000025bd12ad610 flushing  nmethod 0x0000025bbb403a10
Event: 6.530 Thread 0x0000025bd12ad610 flushing  nmethod 0x0000025bbb420390
Event: 6.530 Thread 0x0000025bd12ad610 flushing  nmethod 0x0000025bbb460610
Event: 6.530 Thread 0x0000025bd12ad610 flushing  nmethod 0x0000025bbb473410
Event: 6.530 Thread 0x0000025bd12ad610 flushing  nmethod 0x0000025bbb476e10
Event: 6.530 Thread 0x0000025bd12ad610 flushing  nmethod 0x0000025bbb4e9190
Event: 6.530 Thread 0x0000025bd12ad610 flushing  nmethod 0x0000025bbb4ed910
Event: 6.530 Thread 0x0000025bd12ad610 flushing  nmethod 0x0000025bbb4eee10
Event: 6.530 Thread 0x0000025bd12ad610 flushing  nmethod 0x0000025bbb4f0e90
Event: 6.530 Thread 0x0000025bd12ad610 flushing  nmethod 0x0000025bbb4f2290
Event: 6.530 Thread 0x0000025bd12ad610 flushing  nmethod 0x0000025bbb4f2f10
Event: 6.530 Thread 0x0000025bd12ad610 flushing  nmethod 0x0000025bbb4f3990
Event: 6.530 Thread 0x0000025bd12ad610 flushing  nmethod 0x0000025bbb504810
Event: 6.530 Thread 0x0000025bd12ad610 flushing  nmethod 0x0000025bbb514a90
Event: 6.530 Thread 0x0000025bd12ad610 flushing  nmethod 0x0000025bbb51ec10
Event: 6.530 Thread 0x0000025bd12ad610 flushing  nmethod 0x0000025bbb526d10
Event: 6.530 Thread 0x0000025bd12ad610 flushing  nmethod 0x0000025bbb533490
Event: 6.530 Thread 0x0000025bd12ad610 flushing  nmethod 0x0000025bbb547010
Event: 6.530 Thread 0x0000025bd12ad610 flushing  nmethod 0x0000025bbb632610

Events (17 events):
Event: 0.023 Thread 0x0000025bb25bb750 Thread added: 0x0000025bb25bb750
Event: 0.026 Thread 0x0000025bb25bb750 Thread added: 0x0000025bd1273f10
Event: 0.026 Thread 0x0000025bb25bb750 Thread added: 0x0000025bd1277500
Event: 0.033 Thread 0x0000025bb25bb750 Thread added: 0x0000025bd1291600
Event: 0.033 Thread 0x0000025bb25bb750 Thread added: 0x0000025bd1291bd0
Event: 0.033 Thread 0x0000025bb25bb750 Thread added: 0x0000025bd12921a0
Event: 0.033 Thread 0x0000025bb25bb750 Thread added: 0x0000025bd1296780
Event: 0.033 Thread 0x0000025bb25bb750 Thread added: 0x0000025bd1297080
Event: 0.033 Thread 0x0000025bb25bb750 Thread added: 0x0000025bd1299cb0
Event: 0.033 Thread 0x0000025bb25bb750 Thread added: 0x0000025bd12ad610
Event: 0.046 Thread 0x0000025bd1299cb0 Thread added: 0x0000025bd125d0b0
Event: 0.049 Thread 0x0000025bb25bb750 Thread added: 0x0000025bd151e0e0
Event: 0.052 Thread 0x0000025bb25bb750 Thread added: 0x0000025bd151f550
Event: 1.794 Thread 0x0000025bd1299cb0 Thread added: 0x0000025c174ba020
Event: 1.880 Thread 0x0000025bd1299cb0 Thread added: 0x0000025c177daaf0
Event: 1.880 Thread 0x0000025bd1299cb0 Thread added: 0x0000025c177db820
Event: 4.658 Thread 0x0000025c174ba020 Thread exited: 0x0000025c174ba020


Dynamic libraries:
0x00007ff7a11e0000 - 0x00007ff7a11ee000 	C:\Program Files\Eclipse Adoptium\jdk-17.0.15.6-hotspot\bin\java.exe
0x00007ff8ebcc0000 - 0x00007ff8ebf26000 	C:\WINDOWS\SYSTEM32\ntdll.dll
0x00007ff8ea3d0000 - 0x00007ff8ea499000 	C:\WINDOWS\System32\KERNEL32.DLL
0x00007ff8e9460000 - 0x00007ff8e985f000 	C:\WINDOWS\System32\KERNELBASE.dll
0x00007ff8e9120000 - 0x00007ff8e926c000 	C:\WINDOWS\System32\ucrtbase.dll
0x00007ff86c710000 - 0x00007ff86c727000 	C:\Program Files\Eclipse Adoptium\jdk-17.0.15.6-hotspot\bin\jli.dll
0x00007ff873b40000 - 0x00007ff873b5e000 	C:\Program Files\Eclipse Adoptium\jdk-17.0.15.6-hotspot\bin\VCRUNTIME140.dll
0x00007ff8ea500000 - 0x00007ff8ea6c6000 	C:\WINDOWS\System32\USER32.dll
0x00007ff8d7050000 - 0x00007ff8d72e1000 	C:\WINDOWS\WinSxS\amd64_microsoft.windows.common-controls_6595b64144ccf1df_6.0.26100.8972_none_3e0da176e32f9d4b\COMCTL32.dll
0x00007ff8e99c0000 - 0x00007ff8e99e7000 	C:\WINDOWS\System32\win32u.dll
0x00007ff8ebad0000 - 0x00007ff8ebb79000 	C:\WINDOWS\System32\msvcrt.dll
0x00007ff8e9fd0000 - 0x00007ff8e9ffb000 	C:\WINDOWS\System32\GDI32.dll
0x00007ff8e9280000 - 0x00007ff8e93a9000 	C:\WINDOWS\System32\gdi32full.dll
0x00007ff8e93b0000 - 0x00007ff8e9453000 	C:\WINDOWS\System32\msvcp_win.dll
0x00007ff8ea390000 - 0x00007ff8ea3c2000 	C:\WINDOWS\System32\IMM32.DLL
0x00007ff8a2b20000 - 0x00007ff8a2b2c000 	C:\Program Files\Eclipse Adoptium\jdk-17.0.15.6-hotspot\bin\vcruntime140_1.dll
0x00007ff86c680000 - 0x00007ff86c70d000 	C:\Program Files\Eclipse Adoptium\jdk-17.0.15.6-hotspot\bin\msvcp140.dll
0x00007ff837650000 - 0x00007ff8382bb000 	C:\Program Files\Eclipse Adoptium\jdk-17.0.15.6-hotspot\bin\server\jvm.dll
0x00007ff8eb0e0000 - 0x00007ff8eb19c000 	C:\WINDOWS\System32\ADVAPI32.dll
0x00007ff8eb030000 - 0x00007ff8eb0da000 	C:\WINDOWS\System32\sechost.dll
0x00007ff8eaf10000 - 0x00007ff8eb028000 	C:\WINDOWS\System32\RPCRT4.dll
0x00007ff8eb9d0000 - 0x00007ff8eba52000 	C:\WINDOWS\System32\WS2_32.dll
0x00007ff8e8d30000 - 0x00007ff8e8d8e000 	C:\WINDOWS\SYSTEM32\POWRPROF.dll
0x00007ff8d9cc0000 - 0x00007ff8d9cf6000 	C:\WINDOWS\SYSTEM32\WINMM.dll
0x00007ff8dea50000 - 0x00007ff8dea5b000 	C:\WINDOWS\SYSTEM32\VERSION.dll
0x00007ff8e8d10000 - 0x00007ff8e8d25000 	C:\WINDOWS\SYSTEM32\UMPDC.dll
0x00007ff8e7af0000 - 0x00007ff8e7b0b000 	C:\WINDOWS\SYSTEM32\kernel.appcore.dll
0x00007ff8a07a0000 - 0x00007ff8a07aa000 	C:\Program Files\Eclipse Adoptium\jdk-17.0.15.6-hotspot\bin\jimage.dll
0x00007ff8e6640000 - 0x00007ff8e6882000 	C:\WINDOWS\SYSTEM32\DBGHELP.DLL
0x00007ff8ea000000 - 0x00007ff8ea385000 	C:\WINDOWS\System32\combase.dll
0x00007ff8eabd0000 - 0x00007ff8eaca9000 	C:\WINDOWS\System32\OLEAUT32.dll
0x00007ff8b2c90000 - 0x00007ff8b2ccb000 	C:\WINDOWS\SYSTEM32\dbgcore.DLL
0x00007ff8e9060000 - 0x00007ff8e910c000 	C:\WINDOWS\System32\bcryptPrimitives.dll
0x00007ff86c650000 - 0x00007ff86c675000 	C:\Program Files\Eclipse Adoptium\jdk-17.0.15.6-hotspot\bin\java.dll
0x00007ff86c570000 - 0x00007ff86c647000 	C:\Program Files\Eclipse Adoptium\jdk-17.0.15.6-hotspot\bin\jsvml.dll
0x00007ff8eb220000 - 0x00007ff8eb9a8000 	C:\WINDOWS\System32\SHELL32.dll
0x00007ff8e6960000 - 0x00007ff8e71fb000 	C:\WINDOWS\SYSTEM32\windows.storage.dll
0x00007ff8ea840000 - 0x00007ff8ea939000 	C:\WINDOWS\System32\SHCORE.dll
0x00007ff8eba60000 - 0x00007ff8ebac6000 	C:\WINDOWS\System32\shlwapi.dll
0x00007ff8e8df0000 - 0x00007ff8e8e19000 	C:\WINDOWS\SYSTEM32\profapi.dll
0x00007ff86c550000 - 0x00007ff86c569000 	C:\Program Files\Eclipse Adoptium\jdk-17.0.15.6-hotspot\bin\net.dll
0x00007ff8de870000 - 0x00007ff8de998000 	C:\WINDOWS\SYSTEM32\WINHTTP.dll
0x00007ff8e8170000 - 0x00007ff8e81dc000 	C:\WINDOWS\system32\mswsock.dll
0x00007ff86c530000 - 0x00007ff86c546000 	C:\Program Files\Eclipse Adoptium\jdk-17.0.15.6-hotspot\bin\nio.dll
0x00007ff86c510000 - 0x00007ff86c528000 	C:\Program Files\Eclipse Adoptium\jdk-17.0.15.6-hotspot\bin\zip.dll
0x00007ff8a0760000 - 0x00007ff8a0770000 	C:\Program Files\Eclipse Adoptium\jdk-17.0.15.6-hotspot\bin\verify.dll

dbghelp: loaded successfully - version: 4.0.5 - missing functions: none
symbol engine: initialized successfully - sym options: 0x614 - pdb path: .;C:\Program Files\Eclipse Adoptium\jdk-17.0.15.6-hotspot\bin;C:\WINDOWS\SYSTEM32;C:\WINDOWS\WinSxS\amd64_microsoft.windows.common-controls_6595b64144ccf1df_6.0.26100.8972_none_3e0da176e32f9d4b;C:\Program Files\Eclipse Adoptium\jdk-17.0.15.6-hotspot\bin\server

VM Arguments:
java_command: org.jetbrains.kotlin.cli.jvm.K2JVMCompiler @D:\Kuliah\Ta\New folder\Mobile\build\google_sign_in_android\20260817_10566243769284060867.compiler.options
java_class_path (initial): C:\Users\Acer\.gradle\caches\modules-2\files-2.1\org.jetbrains.kotlin\kotlin-compiler-embeddable\2.1.0\988bf980588bbbcfa1ba19c1ffd7aa869b335a31\kotlin-compiler-embeddable-2.1.0.jar;C:\Users\Acer\.gradle\caches\modules-2\files-2.1\org.jetbrains.kotlin\kotlin-stdlib\2.1.0\85f8b81009cda5890e54ba67d64b5e599c645020\kotlin-stdlib-2.1.0.jar;C:\Users\Acer\.gradle\caches\modules-2\files-2.1\org.jetbrains.kotlin\kotlin-script-runtime\2.1.0\5909da8c57b75a117714ab0e348c86101b7a3284\kotlin-script-runtime-2.1.0.jar;C:\Users\Acer\.gradle\caches\modules-2\files-2.1\org.jetbrains.kotlin\kotlin-reflect\1.6.10\1cbe9c92c12a94eea200d23c2bbaedaf3daf5132\kotlin-reflect-1.6.10.jar;C:\Users\Acer\.gradle\caches\modules-2\files-2.1\org.jetbrains.kotlin\kotlin-daemon-embeddable\2.1.0\420bae1908e4a353f5b56c3c850d24d86367b25d\kotlin-daemon-embeddable-2.1.0.jar;C:\Users\Acer\.gradle\caches\modules-2\files-2.1\org.jetbrains.intellij.deps\trove4j\1.0.20200330\3afb14d5f9ceb459d724e907a21145e8ff394f02\trove4j-1.0.20200330.jar;C:\Users\Acer\.gradle\caches\modules-2\files-2.1\org.jetbrains.kotlinx\kotlinx-coroutines-core-jvm\1.6.4\2c997cd1c0ef33f3e751d3831929aeff1390cb30\kotlinx-coroutines-core-jvm-1.6.4.jar;C:\Users\Acer\.gradle\caches\modules-2\files-2.1\org.jetbrains\annotations\13.0\919f0dfe192fb4e063e7dacadee7f8bb9a2672a9\annotations-13.0.jar
Launcher Type: SUN_STANDARD

[Global flags]
     intx CICompilerCount                          = 12                                        {product} {ergonomic}
     uint ConcGCThreads                            = 3                                         {product} {ergonomic}
     uint G1ConcRefinementThreads                  = 13                                        {product} {ergonomic}
   size_t G1HeapRegionSize                         = 1048576                                   {product} {ergonomic}
    uintx GCDrainStackTargetSize                   = 64                                        {product} {ergonomic}
   size_t InitialHeapSize                          = 130023424                                 {product} {ergonomic}
   size_t MarkStackSize                            = 4194304                                   {product} {ergonomic}
   size_t MaxHeapSize                              = 2071986176                                {product} {ergonomic}
   size_t MaxNewSize                               = 1242562560                                {product} {ergonomic}
   size_t MinHeapDeltaBytes                        = 1048576                                   {product} {ergonomic}
   size_t MinHeapSize                              = 8388608                                   {product} {ergonomic}
    uintx NonNMethodCodeHeapSize                   = 7602480                                {pd product} {ergonomic}
    uintx NonProfiledCodeHeapSize                  = 122027880                              {pd product} {ergonomic}
    uintx ProfiledCodeHeapSize                     = 122027880                              {pd product} {ergonomic}
    uintx ReservedCodeCacheSize                    = 251658240                              {pd product} {ergonomic}
     bool SegmentedCodeCache                       = true                                      {product} {ergonomic}
   size_t SoftMaxHeapSize                          = 2071986176                             {manageable} {ergonomic}
     bool UseCompressedClassPointers               = true                           {product lp64_product} {ergonomic}
     bool UseCompressedOops                        = true                           {product lp64_product} {ergonomic}
     bool UseG1GC                                  = true                                      {product} {ergonomic}
     bool UseLargePagesIndividualAllocation        = false                                  {pd product} {ergonomic}

Logging:
Log output configuration:
 #0: stdout all=warning uptime,level,tags
 #1: stderr all=off uptime,level,tags

Environment Variables:
JAVA_HOME=C:\Program Files\Eclipse Adoptium\jdk-17.0.15.6-hotspot
CLASSPATH=D:\Kuliah\Ta\New folder\Mobile\android\\gradle\wrapper\gradle-wrapper.jar
PATH=C:\Program Files\Eclipse Adoptium\jdk-17.0.15.6-hotspot\bin;D:\src\flutter\bin\;C:\Program Files\Eclipse Adoptium\jdk-17.0.15.6-hotspot\bin;C:\Program Files\Eclipse Adoptium\jdk-21.0.5.11-hotspot\bin;C:\Program Files\Common Files\Oracle\Java\javapath;C:\WINDOWS\system32;C:\WINDOWS;C:\WINDOWS\System32\Wbem;C:\WINDOWS\System32\WindowsPowerShell\v1.0\;C:\WINDOWS\System32\OpenSSH\;C:\xampp\php;C:\ProgramData\ComposerSetup\bin;C:\xampp\php\php.exe;C:\Program Files\Git\cmd;C:\android\sdk\cmdline-tools\latest\cmdline-tools\bin;C:\android\sdk\cmdline-tools\latest\cmdline-tools;D:\src\flutter\bin;C:\Program Files\NVIDIA Corporation\NVIDIA app\NvDLISR;C:\Program Files (x86)\NVIDIA Corporation\PhysX\Common;C:\Program Files\Go\bin;C:\Program Files\nodejs\;C:\Program Files\Erlang OTP\bin;C:\Program Files\RabbitMQ Server\rabbitmq_server-4.0.7\sbin;C:\Program Files\PuTTY\;C:\Program Files\Docker\Docker\resources\bin;C:\Users\Acer\AppData\Roaming\npm;C:\Users\Acer\.local\bin;C:\Users\Acer\AppData\Local\Programs\Antigravity IDE\bin;C:\Users\Acer\AppData\Local\Microsoft\WindowsApps;c:\Users\Acer\.antigravity-ide\extensions\vscjava.vscode-java-debug-0.59.0-universal\bundled\scripts\noConfigScripts;c:\Users\Acer\.antigravity-ide\extensions\ms-python.debugpy-2026.6.0-win32-x64\bundled\scripts\noConfigScripts;D:\src\flutter\bin\mingit\cmd
USERNAME=Acer
LANG=en_US.UTF-8
OS=Windows_NT
PROCESSOR_IDENTIFIER=Intel64 Family 6 Model 154 Stepping 3, GenuineIntel
TMP=C:\Users\Acer\AppData\Local\Temp
TEMP=C:\Users\Acer\AppData\Local\Temp



Periodic native trim disabled


---------------  S Y S T E M  ---------------

OS:
 Windows 11 , 64 bit Build 26100 (10.0.26100.9168)
OS uptime: 1 days 22:32 hours
Hyper-V role detected

CPU: total 16 (initial active 16) (8 cores per cpu, 2 threads per core) family 6 model 154 stepping 3 microcode 0x423, cx8, cmov, fxsr, ht, mmx, 3dnowpref, sse, sse2, sse3, ssse3, sse4.1, sse4.2, popcnt, lzcnt, tsc, tscinvbit, avx, avx2, aes, erms, clmul, bmi1, bmi2, adx, sha, fma, vzeroupper, clflush, clflushopt, clwb, hv
Processor Information for processor 0
  Max Mhz: 3100, Current Mhz: 1500, Mhz Limit: 3100
Processor Information for processor 1
  Max Mhz: 3100, Current Mhz: 3100, Mhz Limit: 3100
Processor Information for processor 2
  Max Mhz: 3100, Current Mhz: 3100, Mhz Limit: 3100
Processor Information for processor 3
  Max Mhz: 3100, Current Mhz: 1500, Mhz Limit: 3100
Processor Information for processor 4
  Max Mhz: 3100, Current Mhz: 3100, Mhz Limit: 3100
Processor Information for processor 5
  Max Mhz: 3100, Current Mhz: 3100, Mhz Limit: 3100
Processor Information for processor 6
  Max Mhz: 3100, Current Mhz: 3100, Mhz Limit: 3100
Processor Information for processor 7
  Max Mhz: 3100, Current Mhz: 1500, Mhz Limit: 3100
Processor Information for processor 8
  Max Mhz: 3100, Current Mhz: 2232, Mhz Limit: 2232
Processor Information for processor 9
  Max Mhz: 3100, Current Mhz: 2232, Mhz Limit: 2232
Processor Information for processor 10
  Max Mhz: 3100, Current Mhz: 2232, Mhz Limit: 2232
Processor Information for processor 11
  Max Mhz: 3100, Current Mhz: 1488, Mhz Limit: 2232
Processor Information for processor 12
  Max Mhz: 3100, Current Mhz: 1488, Mhz Limit: 2232
Processor Information for processor 13
  Max Mhz: 3100, Current Mhz: 1488, Mhz Limit: 2232
Processor Information for processor 14
  Max Mhz: 3100, Current Mhz: 1488, Mhz Limit: 2232
Processor Information for processor 15
  Max Mhz: 3100, Current Mhz: 1488, Mhz Limit: 2232

Memory: 4k page, system-wide physical 7896M (114M free)
TotalPageFile size 32472M (AvailPageFile size 1M)
current process WorkingSet (physical memory assigned to process): 251M, peak: 254M
current process commit charge ("private bytes"): 344M, peak: 352M

vm_info: OpenJDK 64-Bit Server VM (17.0.15+6) for windows-amd64 JRE (17.0.15+6), built on Apr 15 2025 21:25:47 by "admin" with MS VC++ 17.7 (VS2022)

END.
