#
# There is insufficient memory for the Java Runtime Environment to continue.
# Native memory allocation (malloc) failed to allocate 1436704 bytes. Error detail: Chunk::new
# Possible reasons:
#   The system is out of physical RAM or swap space
#   This process is running with CompressedOops enabled, and the Java Heap may be blocking the growth of the native heap
# Possible solutions:
#   Reduce memory load on the system
#   Increase physical memory or swap space
#   Check if swap backing store is full
#   Decrease Java heap size (-Xmx/-Xms)
#   Decrease number of Java threads
#   Decrease Java thread stack sizes (-Xss)
#   Set larger code cache with -XX:ReservedCodeCacheSize=
#   JVM is running with Unscaled Compressed Oops mode in which the Java heap is
#     placed in the first 4GB address space. The Java Heap base address is the
#     maximum limit for the native heap growth. Please use -XX:HeapBaseMinAddress
#     to set the Java Heap base and to place the Java Heap above 4GB virtual address.
# This output file may be truncated or incomplete.
#
#  Out of Memory Error (arena.cpp:191), pid=20844, tid=23756
#
# JRE version: OpenJDK Runtime Environment Temurin-17.0.15+6 (17.0.15+6) (build 17.0.15+6)
# Java VM: OpenJDK 64-Bit Server VM Temurin-17.0.15+6 (17.0.15+6, mixed mode, sharing, tiered, compressed oops, compressed class ptrs, g1 gc, windows-amd64)
# No core dump will be written. Minidumps are not enabled by default on client versions of Windows
#

---------------  S U M M A R Y ------------

Command Line: --add-opens=java.base/java.lang=ALL-UNNAMED --add-opens=java.base/java.lang.invoke=ALL-UNNAMED --add-opens=java.base/java.util=ALL-UNNAMED --add-opens=java.prefs/java.util.prefs=ALL-UNNAMED --add-exports=jdk.compiler/com.sun.tools.javac.api=ALL-UNNAMED --add-exports=jdk.compiler/com.sun.tools.javac.util=ALL-UNNAMED --add-opens=java.base/java.util=ALL-UNNAMED --add-opens=java.prefs/java.util.prefs=ALL-UNNAMED --add-opens=java.base/java.nio.charset=ALL-UNNAMED --add-opens=java.base/java.net=ALL-UNNAMED --add-opens=java.base/java.util.concurrent.atomic=ALL-UNNAMED --add-opens=java.xml/javax.xml.namespace=ALL-UNNAMED -XX:MaxMetaspaceSize=512m -XX:ReservedCodeCacheSize=128m -XX:+HeapDumpOnOutOfMemoryError -Xms256m -Xmx1536m -Dfile.encoding=UTF-8 -Duser.country=US -Duser.language=en -Duser.variant -javaagent:C:\Users\Acer\.gradle\wrapper\dists\gradle-8.12-all\ejduaidbjup3bmmkhw3rie4zb\gradle-8.12\lib\agents\gradle-instrumentation-agent-8.12.jar org.gradle.launcher.daemon.bootstrap.GradleDaemon 8.12

Host: 12th Gen Intel(R) Core(TM) i5-12500H, 16 cores, 7G,  Windows 11 , 64 bit Build 26100 (10.0.26100.8328)
Time: Thu Jun  4 00:06:41 2026 SE Asia Standard Time elapsed time: 30.343737 seconds (0d 0h 0m 30s)

---------------  T H R E A D  ---------------

Current thread (0x0000015cdddf8810):  JavaThread "C2 CompilerThread2" daemon [_thread_in_native, id=23756, stack(0x00000035b7e00000,0x00000035b7f00000)]


Current CompileTask:
C2:  30343 12094       4       org.gradle.internal.reflect.ClassInspector::inspectClass (179 bytes)

Stack: [0x00000035b7e00000,0x00000035b7f00000]
Native frames: (J=compiled Java code, j=interpreted, Vv=VM code, C=native code)
V  [jvm.dll+0x682fc9]
V  [jvm.dll+0x839878]
V  [jvm.dll+0x83b323]
V  [jvm.dll+0x83b993]
V  [jvm.dll+0x24725f]
V  [jvm.dll+0xacea4]
V  [jvm.dll+0xad53c]
V  [jvm.dll+0x365c6e]
V  [jvm.dll+0x32fe58]
V  [jvm.dll+0x32f2da]
V  [jvm.dll+0x21824f]
V  [jvm.dll+0x21768f]
V  [jvm.dll+0x1a31b0]
V  [jvm.dll+0x227a9c]
V  [jvm.dll+0x225bfb]
V  [jvm.dll+0x7ef018]
V  [jvm.dll+0x7e94dc]
V  [jvm.dll+0x681ea7]
C  [ucrtbase.dll+0x37b0]
C  [KERNEL32.DLL+0x2e957]
C  [ntdll.dll+0x427c]


---------------  P R O C E S S  ---------------

Threads class SMR info:
_java_thread_list=0x0000015cdd3ab320, length=59, elements={
0x0000015ca3a10cd0, 0x0000015cba5c2560, 0x0000015cba5c2e30, 0x0000015cba5d4940,
0x0000015cba5d5210, 0x0000015cba5d5ae0, 0x0000015cba5d83c0, 0x0000015cba5dafd0,
0x0000015cba5de140, 0x0000015cba5ea6a0, 0x0000015cba7384a0, 0x0000015cba8a8460,
0x0000015cdbb0d6e0, 0x0000015cdabb0ea0, 0x0000015cdabdd5e0, 0x0000015cdabe2420,
0x0000015cdabe2900, 0x0000015cdaaf9c60, 0x0000015cdaaf9240, 0x0000015cdaaf9750,
0x0000015cdaafa170, 0x0000015cdaafa680, 0x0000015cdbe06130, 0x0000015cdbe05710,
0x0000015cdbe07060, 0x0000015cdbe07a80, 0x0000015cdbe07f90, 0x0000015cdbe093d0,
0x0000015cdbe05c20, 0x0000015cdbe0a300, 0x0000015cdbe0a810, 0x0000015cdbe0b230,
0x0000015cdbe0b740, 0x0000015cdbe0bc50, 0x0000015cdbe0c670, 0x0000015cdbe0cb80,
0x0000015cdbe0d090, 0x0000015cba950df0, 0x0000015cba94f9b0, 0x0000015cba94e060,
0x0000015cba951d20, 0x0000015cba9503d0, 0x0000015cba94e570, 0x0000015cba952230,
0x0000015cba9508e0, 0x0000015cba94ea80, 0x0000015cba952740, 0x0000015cba954fc0,
0x0000015cba9554d0, 0x0000015cba952c50, 0x0000015cba953160, 0x0000015cba851e90,
0x0000015cba94ef90, 0x0000015cba953670, 0x0000015cba953b80, 0x0000015cdc36dab0,
0x0000015cdfcaa570, 0x0000015ce045a030, 0x0000015cdddf8810
}

Java Threads: ( => current thread )
  0x0000015ca3a10cd0 JavaThread "main" [_thread_blocked, id=13704, stack(0x00000035b3400000,0x00000035b3500000)]
  0x0000015cba5c2560 JavaThread "Reference Handler" daemon [_thread_blocked, id=23016, stack(0x00000035b3b00000,0x00000035b3c00000)]
  0x0000015cba5c2e30 JavaThread "Finalizer" daemon [_thread_blocked, id=18324, stack(0x00000035b3c00000,0x00000035b3d00000)]
  0x0000015cba5d4940 JavaThread "Signal Dispatcher" daemon [_thread_blocked, id=26656, stack(0x00000035b3d00000,0x00000035b3e00000)]
  0x0000015cba5d5210 JavaThread "Attach Listener" daemon [_thread_blocked, id=24324, stack(0x00000035b3e00000,0x00000035b3f00000)]
  0x0000015cba5d5ae0 JavaThread "Service Thread" daemon [_thread_blocked, id=27584, stack(0x00000035b3f00000,0x00000035b4000000)]
  0x0000015cba5d83c0 JavaThread "Monitor Deflation Thread" daemon [_thread_blocked, id=14376, stack(0x00000035b4000000,0x00000035b4100000)]
  0x0000015cba5dafd0 JavaThread "C2 CompilerThread0" daemon [_thread_blocked, id=16632, stack(0x00000035b4100000,0x00000035b4200000)]
  0x0000015cba5de140 JavaThread "C1 CompilerThread0" daemon [_thread_blocked, id=9624, stack(0x00000035b4200000,0x00000035b4300000)]
  0x0000015cba5ea6a0 JavaThread "Sweeper thread" daemon [_thread_blocked, id=24568, stack(0x00000035b4300000,0x00000035b4400000)]
  0x0000015cba7384a0 JavaThread "Common-Cleaner" daemon [_thread_blocked, id=5216, stack(0x00000035b4500000,0x00000035b4600000)]
  0x0000015cba8a8460 JavaThread "Notification Thread" daemon [_thread_blocked, id=8600, stack(0x00000035b4900000,0x00000035b4a00000)]
  0x0000015cdbb0d6e0 JavaThread "Daemon health stats" [_thread_blocked, id=20016, stack(0x00000035b4b00000,0x00000035b4c00000)]
  0x0000015cdabb0ea0 JavaThread "Incoming local TCP Connector on port 62368" [_thread_in_native, id=4560, stack(0x00000035b4800000,0x00000035b4900000)]
  0x0000015cdabdd5e0 JavaThread "Daemon periodic checks" [_thread_blocked, id=16676, stack(0x00000035b5100000,0x00000035b5200000)]
  0x0000015cdabe2420 JavaThread "Daemon" [_thread_blocked, id=3288, stack(0x00000035b5200000,0x00000035b5300000)]
  0x0000015cdabe2900 JavaThread "Handler for socket connection from /127.0.0.1:62368 to /127.0.0.1:62369" [_thread_in_native, id=25232, stack(0x00000035b5300000,0x00000035b5400000)]
  0x0000015cdaaf9c60 JavaThread "Cancel handler" [_thread_blocked, id=27016, stack(0x00000035b5400000,0x00000035b5500000)]
  0x0000015cdaaf9240 JavaThread "Daemon worker" [_thread_in_native, id=13108, stack(0x00000035b5500000,0x00000035b5600000)]
  0x0000015cdaaf9750 JavaThread "Asynchronous log dispatcher for DefaultDaemonConnection: socket connection from /127.0.0.1:62368 to /127.0.0.1:62369" [_thread_blocked, id=21312, stack(0x00000035b5600000,0x00000035b5700000)]
  0x0000015cdaafa170 JavaThread "Stdin handler" [_thread_blocked, id=20688, stack(0x00000035b5700000,0x00000035b5800000)]
  0x0000015cdaafa680 JavaThread "Daemon client event forwarder" [_thread_blocked, id=5144, stack(0x00000035b5800000,0x00000035b5900000)]
  0x0000015cdbe06130 JavaThread "Cache worker for journal cache (C:\Users\Acer\.gradle\caches\journal-1)" [_thread_blocked, id=6176, stack(0x00000035b5a00000,0x00000035b5b00000)]
  0x0000015cdbe05710 JavaThread "File lock request listener" [_thread_in_native, id=10756, stack(0x00000035b5b00000,0x00000035b5c00000)]
  0x0000015cdbe07060 JavaThread "Cache worker for file hash cache (C:\Users\Acer\.gradle\caches\8.12\fileHashes)" [_thread_blocked, id=13984, stack(0x00000035b5900000,0x00000035b5a00000)]
  0x0000015cdbe07a80 JavaThread "Cache worker for file hash cache (D:\Kuliah\Ta\New folder\Mobile\android\.gradle\8.12\fileHashes)" [_thread_blocked, id=22944, stack(0x00000035b5d00000,0x00000035b5e00000)]
  0x0000015cdbe07f90 JavaThread "Cache worker for Build Output Cleanup Cache (D:\Kuliah\Ta\New folder\Mobile\android\.gradle\buildOutputCleanup)" [_thread_blocked, id=4812, stack(0x00000035b5e00000,0x00000035b5f00000)]
  0x0000015cdbe093d0 JavaThread "File watcher server" daemon [_thread_in_native, id=13512, stack(0x00000035b6800000,0x00000035b6900000)]
  0x0000015cdbe05c20 JavaThread "File watcher consumer" daemon [_thread_blocked, id=15788, stack(0x00000035b6900000,0x00000035b6a00000)]
  0x0000015cdbe0a300 JavaThread "Cache worker for checksums cache (D:\Kuliah\Ta\New folder\Mobile\android\.gradle\8.12\checksums)" [_thread_blocked, id=3440, stack(0x00000035b6a00000,0x00000035b6b00000)]
  0x0000015cdbe0a810 JavaThread "Cache worker for file content cache (C:\Users\Acer\.gradle\caches\8.12\fileContent)" [_thread_blocked, id=17212, stack(0x00000035b6b00000,0x00000035b6c00000)]
  0x0000015cdbe0b230 JavaThread "Cache worker for cache directory md-rule (C:\Users\Acer\.gradle\caches\8.12\md-rule)" [_thread_blocked, id=21484, stack(0x00000035b6c00000,0x00000035b6d00000)]
  0x0000015cdbe0b740 JavaThread "Cache worker for cache directory md-supplier (C:\Users\Acer\.gradle\caches\8.12\md-supplier)" [_thread_blocked, id=10804, stack(0x00000035b6d00000,0x00000035b6e00000)]
  0x0000015cdbe0bc50 JavaThread "Cache worker for Build Output Cleanup Cache (D:\src\flutter\packages\flutter_tools\gradle\.gradle\buildOutputCleanup)" [_thread_blocked, id=25976, stack(0x00000035b6e00000,0x00000035b6f00000)]
  0x0000015cdbe0c670 JavaThread "Unconstrained build operations" [_thread_blocked, id=12912, stack(0x00000035b6f00000,0x00000035b7000000)]
  0x0000015cdbe0cb80 JavaThread "Unconstrained build operations Thread 2" [_thread_blocked, id=16608, stack(0x00000035b7000000,0x00000035b7100000)]
  0x0000015cdbe0d090 JavaThread "Unconstrained build operations Thread 3" [_thread_blocked, id=17736, stack(0x00000035b7100000,0x00000035b7200000)]
  0x0000015cba950df0 JavaThread "Memory manager" [_thread_blocked, id=3836, stack(0x00000035b7200000,0x00000035b7300000)]
  0x0000015cba94f9b0 JavaThread "build event listener" [_thread_blocked, id=11932, stack(0x00000035b5c00000,0x00000035b5d00000)]
  0x0000015cba94e060 JavaThread "included builds" [_thread_blocked, id=1500, stack(0x00000035b7500000,0x00000035b7600000)]
  0x0000015cba951d20 JavaThread "Cache worker for execution history cache (D:\src\flutter\packages\flutter_tools\gradle\.gradle\8.12\executionHistory)" [_thread_blocked, id=19752, stack(0x00000035b7600000,0x00000035b7700000)]
  0x0000015cba9503d0 JavaThread "Unconstrained build operations Thread 4" [_thread_blocked, id=22812, stack(0x00000035b7800000,0x00000035b7900000)]
  0x0000015cba94e570 JavaThread "Unconstrained build operations Thread 5" [_thread_blocked, id=19312, stack(0x00000035b7900000,0x00000035b7a00000)]
  0x0000015cba952230 JavaThread "Unconstrained build operations Thread 6" [_thread_blocked, id=15156, stack(0x00000035b7a00000,0x00000035b7b00000)]
  0x0000015cba9508e0 JavaThread "Unconstrained build operations Thread 7" [_thread_blocked, id=1056, stack(0x00000035b7b00000,0x00000035b7c00000)]
  0x0000015cba94ea80 JavaThread "WorkerExecutor Queue" [_thread_blocked, id=3344, stack(0x00000035b7c00000,0x00000035b7d00000)]
  0x0000015cba952740 JavaThread "RMI Scheduler(0)" daemon [_thread_blocked, id=23580, stack(0x00000035b7d00000,0x00000035b7e00000)]
  0x0000015cba954fc0 JavaThread "RMI GC Daemon" daemon [_thread_blocked, id=1772, stack(0x00000035b7f00000,0x00000035b8000000)]
  0x0000015cba9554d0 JavaThread "RMI TCP Accept-0" daemon [_thread_in_native, id=21936, stack(0x00000035b8000000,0x00000035b8100000)]
  0x0000015cba952c50 JavaThread "RMI Reaper" [_thread_blocked, id=16440, stack(0x00000035b8100000,0x00000035b8200000)]
  0x0000015cba953160 JavaThread "RMI TCP Connection(1)-127.0.0.1" daemon [_thread_in_native, id=18320, stack(0x00000035b8200000,0x00000035b8300000)]
  0x0000015cba851e90 JavaThread "C1 CompilerThread1" daemon [_thread_blocked, id=3312, stack(0x00000035b4700000,0x00000035b4800000)]
  0x0000015cba94ef90 JavaThread "Unconstrained build operations Thread 8" [_thread_blocked, id=26560, stack(0x00000035b8300000,0x00000035b8400000)]
  0x0000015cba953670 JavaThread "Unconstrained build operations Thread 9" [_thread_blocked, id=22888, stack(0x00000035b8400000,0x00000035b8500000)]
  0x0000015cba953b80 JavaThread "Unconstrained build operations Thread 10" [_thread_blocked, id=14744, stack(0x00000035b8500000,0x00000035b8600000)]
  0x0000015cdc36dab0 JavaThread "C2 CompilerThread1" daemon [_thread_blocked, id=24948, stack(0x00000035b4400000,0x00000035b4500000)]
  0x0000015cdfcaa570 JavaThread "C1 CompilerThread2" daemon [_thread_blocked, id=3216, stack(0x00000035b4600000,0x00000035b4700000)]
  0x0000015ce045a030 JavaThread "C1 CompilerThread3" daemon [_thread_blocked, id=21772, stack(0x00000035b7700000,0x00000035b7800000)]
=>0x0000015cdddf8810 JavaThread "C2 CompilerThread2" daemon [_thread_in_native, id=23756, stack(0x00000035b7e00000,0x00000035b7f00000)]

Other Threads:
  0x0000015cba5bc850 VMThread "VM Thread" [stack: 0x00000035b3a00000,0x00000035b3b00000] [id=11552]
  0x0000015cba8a8940 WatcherThread [stack: 0x00000035b4a00000,0x00000035b4b00000] [id=19100]
  0x0000015ca3a601e0 GCTaskThread "GC Thread#0" [stack: 0x00000035b3500000,0x00000035b3600000] [id=2732]
  0x0000015cda3941e0 GCTaskThread "GC Thread#1" [stack: 0x00000035b4c00000,0x00000035b4d00000] [id=24696]
  0x0000015cdaa607f0 GCTaskThread "GC Thread#2" [stack: 0x00000035b4d00000,0x00000035b4e00000] [id=13360]
  0x0000015cda7b5c70 GCTaskThread "GC Thread#3" [stack: 0x00000035b4e00000,0x00000035b4f00000] [id=5832]
  0x0000015cda3ff7e0 GCTaskThread "GC Thread#4" [stack: 0x00000035b4f00000,0x00000035b5000000] [id=14800]
  0x0000015cda3ffea0 GCTaskThread "GC Thread#5" [stack: 0x00000035b5000000,0x00000035b5100000] [id=11916]
  0x0000015cdbc6c420 GCTaskThread "GC Thread#6" [stack: 0x00000035b5f00000,0x00000035b6000000] [id=17248]
  0x0000015cda7e41c0 GCTaskThread "GC Thread#7" [stack: 0x00000035b6000000,0x00000035b6100000] [id=14684]
  0x0000015cda1e8c40 GCTaskThread "GC Thread#8" [stack: 0x00000035b6100000,0x00000035b6200000] [id=16720]
  0x0000015cba8d6e60 GCTaskThread "GC Thread#9" [stack: 0x00000035b6200000,0x00000035b6300000] [id=1692]
  0x0000015cdcc8fc10 GCTaskThread "GC Thread#10" [stack: 0x00000035b6300000,0x00000035b6400000] [id=19520]
  0x0000015cdca04820 GCTaskThread "GC Thread#11" [stack: 0x00000035b6400000,0x00000035b6500000] [id=24036]
  0x0000015cda60ac40 GCTaskThread "GC Thread#12" [stack: 0x00000035b6500000,0x00000035b6600000] [id=23936]
  0x0000015ca3a6dd10 ConcurrentGCThread "G1 Main Marker" [stack: 0x00000035b3600000,0x00000035b3700000] [id=23364]
  0x0000015ca3a6e640 ConcurrentGCThread "G1 Conc#0" [stack: 0x00000035b3700000,0x00000035b3800000] [id=4816]
  0x0000015cdcd4be60 ConcurrentGCThread "G1 Conc#1" [stack: 0x00000035b6600000,0x00000035b6700000] [id=20132]
  0x0000015cdcd4b8e0 ConcurrentGCThread "G1 Conc#2" [stack: 0x00000035b6700000,0x00000035b6800000] [id=9252]
  0x0000015ca3abd000 ConcurrentGCThread "G1 Refine#0" [stack: 0x00000035b3800000,0x00000035b3900000] [id=15924]
  0x0000015cde1503f0 ConcurrentGCThread "G1 Refine#1" [stack: 0x00000035b7300000,0x00000035b7400000] [id=17996]
  0x0000015cde1506e0 ConcurrentGCThread "G1 Refine#2" [stack: 0x00000035b7400000,0x00000035b7500000] [id=3448]
  0x0000015ca3abe7f0 ConcurrentGCThread "G1 Service" [stack: 0x00000035b3900000,0x00000035b3a00000] [id=21644]

Threads with active compile tasks:
C2 CompilerThread2    30391 12094       4       org.gradle.internal.reflect.ClassInspector::inspectClass (179 bytes)

VM state: not at safepoint (normal execution)

VM Mutex/Monitor currently owned by a thread: None

Heap address: 0x00000000a0000000, size: 1536 MB, Compressed Oops mode: 32-bit

CDS archive(s) mapped at: [0x0000015cbb000000-0x0000015cbbbb0000-0x0000015cbbbb0000), size 12255232, SharedBaseAddress: 0x0000015cbb000000, ArchiveRelocationMode: 1.
Compressed class space mapped at: 0x0000015cbc000000-0x0000015cd6000000, reserved size: 436207616
Narrow klass base: 0x0000015cbb000000, Narrow klass shift: 0, Narrow klass range: 0x100000000

GC Precious Log:
 CPUs: 16 total, 16 available
 Memory: 7896M
 Large Page Support: Disabled
 NUMA Support: Disabled
 Compressed Oops: Enabled (32-bit)
 Heap Region Size: 1M
 Heap Min Capacity: 256M
 Heap Initial Capacity: 256M
 Heap Max Capacity: 1536M
 Pre-touch: Disabled
 Parallel Workers: 13
 Concurrent Workers: 3
 Concurrent Refinement Workers: 13
 Periodic GC: Disabled

Heap:
 garbage-first heap   total 262144K, used 142190K [0x00000000a0000000, 0x0000000100000000)
  region size 1024K, 60 young (61440K), 18 survivors (18432K)
 Metaspace       used 83638K, committed 84416K, reserved 557056K
  class space    used 11542K, committed 11904K, reserved 425984K

Heap Regions: E=young(eden), S=young(survivor), O=old, HS=humongous(starts), HC=humongous(continues), CS=collection set, F=free, OA=open archive, CA=closed archive, TAMS=top-at-mark-start (previous, next)
|   0|0x00000000a0000000, 0x00000000a0100000, 0x00000000a0100000|100%| O|  |TAMS 0x00000000a0100000, 0x00000000a0000000| Untracked 
|   1|0x00000000a0100000, 0x00000000a0200000, 0x00000000a0200000|100%|HS|  |TAMS 0x00000000a0200000, 0x00000000a0100000| Complete 
|   2|0x00000000a0200000, 0x00000000a0300000, 0x00000000a0300000|100%|HC|  |TAMS 0x00000000a0300000, 0x00000000a0200000| Complete 
|   3|0x00000000a0300000, 0x00000000a0400000, 0x00000000a0400000|100%|HC|  |TAMS 0x00000000a0400000, 0x00000000a0300000| Complete 
|   4|0x00000000a0400000, 0x00000000a0500000, 0x00000000a0500000|100%| O|  |TAMS 0x00000000a0500000, 0x00000000a0400000| Untracked 
|   5|0x00000000a0500000, 0x00000000a0600000, 0x00000000a0600000|100%| O|  |TAMS 0x00000000a0600000, 0x00000000a0500000| Untracked 
|   6|0x00000000a0600000, 0x00000000a0700000, 0x00000000a0700000|100%| O|  |TAMS 0x00000000a0700000, 0x00000000a0600000| Untracked 
|   7|0x00000000a0700000, 0x00000000a0800000, 0x00000000a0800000|100%|HS|  |TAMS 0x00000000a0800000, 0x00000000a0700000| Complete 
|   8|0x00000000a0800000, 0x00000000a0900000, 0x00000000a0900000|100%| O|  |TAMS 0x00000000a0900000, 0x00000000a0800000| Untracked 
|   9|0x00000000a0900000, 0x00000000a0a00000, 0x00000000a0a00000|100%| O|  |TAMS 0x00000000a0a00000, 0x00000000a0900000| Untracked 
|  10|0x00000000a0a00000, 0x00000000a0b00000, 0x00000000a0b00000|100%| O|  |TAMS 0x00000000a0b00000, 0x00000000a0a00000| Untracked 
|  11|0x00000000a0b00000, 0x00000000a0c00000, 0x00000000a0c00000|100%| O|  |TAMS 0x00000000a0c00000, 0x00000000a0b00000| Untracked 
|  12|0x00000000a0c00000, 0x00000000a0d00000, 0x00000000a0d00000|100%| O|  |TAMS 0x00000000a0d00000, 0x00000000a0c00000| Untracked 
|  13|0x00000000a0d00000, 0x00000000a0e00000, 0x00000000a0e00000|100%| O|  |TAMS 0x00000000a0e00000, 0x00000000a0d00000| Untracked 
|  14|0x00000000a0e00000, 0x00000000a0f00000, 0x00000000a0f00000|100%| O|  |TAMS 0x00000000a0f00000, 0x00000000a0e00000| Untracked 
|  15|0x00000000a0f00000, 0x00000000a1000000, 0x00000000a1000000|100%| O|  |TAMS 0x00000000a1000000, 0x00000000a0f00000| Untracked 
|  16|0x00000000a1000000, 0x00000000a1100000, 0x00000000a1100000|100%| O|  |TAMS 0x00000000a1100000, 0x00000000a1000000| Untracked 
|  17|0x00000000a1100000, 0x00000000a1200000, 0x00000000a1200000|100%| O|  |TAMS 0x00000000a1200000, 0x00000000a1100000| Untracked 
|  18|0x00000000a1200000, 0x00000000a1300000, 0x00000000a1300000|100%| O|  |TAMS 0x00000000a1300000, 0x00000000a1200000| Untracked 
|  19|0x00000000a1300000, 0x00000000a1400000, 0x00000000a1400000|100%| O|  |TAMS 0x00000000a1400000, 0x00000000a1300000| Untracked 
|  20|0x00000000a1400000, 0x00000000a1500000, 0x00000000a1500000|100%| O|  |TAMS 0x00000000a1500000, 0x00000000a1400000| Untracked 
|  21|0x00000000a1500000, 0x00000000a1600000, 0x00000000a1600000|100%| O|  |TAMS 0x00000000a1600000, 0x00000000a1500000| Untracked 
|  22|0x00000000a1600000, 0x00000000a1700000, 0x00000000a1700000|100%| O|  |TAMS 0x00000000a1700000, 0x00000000a1600000| Untracked 
|  23|0x00000000a1700000, 0x00000000a1800000, 0x00000000a1800000|100%| O|  |TAMS 0x00000000a1800000, 0x00000000a1700000| Untracked 
|  24|0x00000000a1800000, 0x00000000a1900000, 0x00000000a1900000|100%|HS|  |TAMS 0x00000000a1900000, 0x00000000a1800000| Complete 
|  25|0x00000000a1900000, 0x00000000a1a00000, 0x00000000a1a00000|100%|HC|  |TAMS 0x00000000a1a00000, 0x00000000a1900000| Complete 
|  26|0x00000000a1a00000, 0x00000000a1b00000, 0x00000000a1b00000|100%|HS|  |TAMS 0x00000000a1b00000, 0x00000000a1a00000| Complete 
|  27|0x00000000a1b00000, 0x00000000a1c00000, 0x00000000a1c00000|100%|HC|  |TAMS 0x00000000a1c00000, 0x00000000a1b00000| Complete 
|  28|0x00000000a1c00000, 0x00000000a1d00000, 0x00000000a1d00000|100%|HS|  |TAMS 0x00000000a1d00000, 0x00000000a1c00000| Complete 
|  29|0x00000000a1d00000, 0x00000000a1e00000, 0x00000000a1e00000|100%|HC|  |TAMS 0x00000000a1e00000, 0x00000000a1d00000| Complete 
|  30|0x00000000a1e00000, 0x00000000a1f00000, 0x00000000a1f00000|100%|HC|  |TAMS 0x00000000a1f00000, 0x00000000a1e00000| Complete 
|  31|0x00000000a1f00000, 0x00000000a2000000, 0x00000000a2000000|100%|HS|  |TAMS 0x00000000a2000000, 0x00000000a1f00000| Complete 
|  32|0x00000000a2000000, 0x00000000a2100000, 0x00000000a2100000|100%|HC|  |TAMS 0x00000000a2100000, 0x00000000a2000000| Complete 
|  33|0x00000000a2100000, 0x00000000a2200000, 0x00000000a2200000|100%|HC|  |TAMS 0x00000000a2200000, 0x00000000a2100000| Complete 
|  34|0x00000000a2200000, 0x00000000a2300000, 0x00000000a2300000|100%| O|  |TAMS 0x00000000a2300000, 0x00000000a2200000| Untracked 
|  35|0x00000000a2300000, 0x00000000a2400000, 0x00000000a2400000|100%| O|  |TAMS 0x00000000a2400000, 0x00000000a2300000| Untracked 
|  36|0x00000000a2400000, 0x00000000a2500000, 0x00000000a2500000|100%| O|  |TAMS 0x00000000a2500000, 0x00000000a2400000| Untracked 
|  37|0x00000000a2500000, 0x00000000a2600000, 0x00000000a2600000|100%| O|  |TAMS 0x00000000a2600000, 0x00000000a2500000| Untracked 
|  38|0x00000000a2600000, 0x00000000a2700000, 0x00000000a2700000|100%| O|  |TAMS 0x00000000a2700000, 0x00000000a2600000| Untracked 
|  39|0x00000000a2700000, 0x00000000a2800000, 0x00000000a2800000|100%| O|  |TAMS 0x00000000a2800000, 0x00000000a2700000| Untracked 
|  40|0x00000000a2800000, 0x00000000a2900000, 0x00000000a2900000|100%| O|  |TAMS 0x00000000a2852600, 0x00000000a2800000| Untracked 
|  41|0x00000000a2900000, 0x00000000a2a00000, 0x00000000a2a00000|100%| O|  |TAMS 0x00000000a2900000, 0x00000000a2900000| Untracked 
|  42|0x00000000a2a00000, 0x00000000a2b00000, 0x00000000a2b00000|100%| O|  |TAMS 0x00000000a2a00000, 0x00000000a2a00000| Untracked 
|  43|0x00000000a2b00000, 0x00000000a2c00000, 0x00000000a2c00000|100%| O|  |TAMS 0x00000000a2b00000, 0x00000000a2b00000| Untracked 
|  44|0x00000000a2c00000, 0x00000000a2d00000, 0x00000000a2d00000|100%| O|  |TAMS 0x00000000a2c00000, 0x00000000a2c00000| Untracked 
|  45|0x00000000a2d00000, 0x00000000a2e00000, 0x00000000a2e00000|100%| O|  |TAMS 0x00000000a2d00000, 0x00000000a2d00000| Untracked 
|  46|0x00000000a2e00000, 0x00000000a2f00000, 0x00000000a2f00000|100%| O|  |TAMS 0x00000000a2e00000, 0x00000000a2e00000| Untracked 
|  47|0x00000000a2f00000, 0x00000000a3000000, 0x00000000a3000000|100%| O|  |TAMS 0x00000000a2f00000, 0x00000000a2f00000| Untracked 
|  48|0x00000000a3000000, 0x00000000a3100000, 0x00000000a3100000|100%| O|  |TAMS 0x00000000a3000000, 0x00000000a3000000| Untracked 
|  49|0x00000000a3100000, 0x00000000a3200000, 0x00000000a3200000|100%| O|  |TAMS 0x00000000a3100000, 0x00000000a3100000| Untracked 
|  50|0x00000000a3200000, 0x00000000a3300000, 0x00000000a3300000|100%| O|  |TAMS 0x00000000a3200000, 0x00000000a3200000| Untracked 
|  51|0x00000000a3300000, 0x00000000a3400000, 0x00000000a3400000|100%| O|  |TAMS 0x00000000a3300000, 0x00000000a3300000| Untracked 
|  52|0x00000000a3400000, 0x00000000a3500000, 0x00000000a3500000|100%| O|  |TAMS 0x00000000a3400000, 0x00000000a3400000| Untracked 
|  53|0x00000000a3500000, 0x00000000a3600000, 0x00000000a3600000|100%| O|  |TAMS 0x00000000a3500000, 0x00000000a3500000| Untracked 
|  54|0x00000000a3600000, 0x00000000a3700000, 0x00000000a3700000|100%| O|  |TAMS 0x00000000a3600000, 0x00000000a3600000| Untracked 
|  55|0x00000000a3700000, 0x00000000a3800000, 0x00000000a3800000|100%| O|  |TAMS 0x00000000a3700000, 0x00000000a3700000| Untracked 
|  56|0x00000000a3800000, 0x00000000a3900000, 0x00000000a3900000|100%| O|  |TAMS 0x00000000a3800000, 0x00000000a3800000| Untracked 
|  57|0x00000000a3900000, 0x00000000a3a00000, 0x00000000a3a00000|100%| O|  |TAMS 0x00000000a3900000, 0x00000000a3900000| Untracked 
|  58|0x00000000a3a00000, 0x00000000a3b00000, 0x00000000a3b00000|100%| O|  |TAMS 0x00000000a3a00000, 0x00000000a3a00000| Untracked 
|  59|0x00000000a3b00000, 0x00000000a3c00000, 0x00000000a3c00000|100%| O|  |TAMS 0x00000000a3b00000, 0x00000000a3b00000| Untracked 
|  60|0x00000000a3c00000, 0x00000000a3d00000, 0x00000000a3d00000|100%| O|  |TAMS 0x00000000a3c00000, 0x00000000a3c00000| Untracked 
|  61|0x00000000a3d00000, 0x00000000a3e00000, 0x00000000a3e00000|100%| O|  |TAMS 0x00000000a3d00000, 0x00000000a3d00000| Untracked 
|  62|0x00000000a3e00000, 0x00000000a3f00000, 0x00000000a3f00000|100%| O|  |TAMS 0x00000000a3e00000, 0x00000000a3e00000| Untracked 
|  63|0x00000000a3f00000, 0x00000000a4000000, 0x00000000a4000000|100%| O|  |TAMS 0x00000000a3f00000, 0x00000000a3f00000| Untracked 
|  64|0x00000000a4000000, 0x00000000a4100000, 0x00000000a4100000|100%| O|  |TAMS 0x00000000a4000000, 0x00000000a4000000| Untracked 
|  65|0x00000000a4100000, 0x00000000a4200000, 0x00000000a4200000|100%|HS|  |TAMS 0x00000000a4100000, 0x00000000a4100000| Complete 
|  66|0x00000000a4200000, 0x00000000a4300000, 0x00000000a4300000|100%|HS|  |TAMS 0x00000000a4200000, 0x00000000a4200000| Complete 
|  67|0x00000000a4300000, 0x00000000a4400000, 0x00000000a4400000|100%|HS|  |TAMS 0x00000000a4300000, 0x00000000a4300000| Complete 
|  68|0x00000000a4400000, 0x00000000a4500000, 0x00000000a4500000|100%|HC|  |TAMS 0x00000000a4400000, 0x00000000a4400000| Complete 
|  69|0x00000000a4500000, 0x00000000a4600000, 0x00000000a4600000|100%|HS|  |TAMS 0x00000000a4500000, 0x00000000a4500000| Complete 
|  70|0x00000000a4600000, 0x00000000a4700000, 0x00000000a4700000|100%|HS|  |TAMS 0x00000000a4600000, 0x00000000a4600000| Complete 
|  71|0x00000000a4700000, 0x00000000a4700000, 0x00000000a4800000|  0%| F|  |TAMS 0x00000000a4700000, 0x00000000a4700000| Untracked 
|  72|0x00000000a4800000, 0x00000000a4900000, 0x00000000a4900000|100%|HS|  |TAMS 0x00000000a4800000, 0x00000000a4800000| Complete 
|  73|0x00000000a4900000, 0x00000000a4a00000, 0x00000000a4a00000|100%|HC|  |TAMS 0x00000000a4900000, 0x00000000a4900000| Complete 
|  74|0x00000000a4a00000, 0x00000000a4b00000, 0x00000000a4b00000|100%|HS|  |TAMS 0x00000000a4a00000, 0x00000000a4a00000| Complete 
|  75|0x00000000a4b00000, 0x00000000a4c00000, 0x00000000a4c00000|100%|HS|  |TAMS 0x00000000a4b00000, 0x00000000a4b00000| Complete 
|  76|0x00000000a4c00000, 0x00000000a4c00000, 0x00000000a4d00000|  0%| F|  |TAMS 0x00000000a4c00000, 0x00000000a4c00000| Untracked 
|  77|0x00000000a4d00000, 0x00000000a4d00000, 0x00000000a4e00000|  0%| F|  |TAMS 0x00000000a4d00000, 0x00000000a4d00000| Untracked 
|  78|0x00000000a4e00000, 0x00000000a4e00000, 0x00000000a4f00000|  0%| F|  |TAMS 0x00000000a4e00000, 0x00000000a4e00000| Untracked 
|  79|0x00000000a4f00000, 0x00000000a4f00000, 0x00000000a5000000|  0%| F|  |TAMS 0x00000000a4f00000, 0x00000000a4f00000| Untracked 
|  80|0x00000000a5000000, 0x00000000a5100000, 0x00000000a5100000|100%|HS|  |TAMS 0x00000000a5000000, 0x00000000a5000000| Complete 
|  81|0x00000000a5100000, 0x00000000a5200000, 0x00000000a5200000|100%| O|  |TAMS 0x00000000a5100000, 0x00000000a5100000| Untracked 
|  82|0x00000000a5200000, 0x00000000a5300000, 0x00000000a5300000|100%| O|  |TAMS 0x00000000a5200000, 0x00000000a5200000| Untracked 
|  83|0x00000000a5300000, 0x00000000a5400000, 0x00000000a5400000|100%| O|  |TAMS 0x00000000a5300000, 0x00000000a5300000| Untracked 
|  84|0x00000000a5400000, 0x00000000a54db800, 0x00000000a5500000| 85%| O|  |TAMS 0x00000000a5400000, 0x00000000a5400000| Untracked 
|  85|0x00000000a5500000, 0x00000000a5500000, 0x00000000a5600000|  0%| F|  |TAMS 0x00000000a5500000, 0x00000000a5500000| Untracked 
|  86|0x00000000a5600000, 0x00000000a5600000, 0x00000000a5700000|  0%| F|  |TAMS 0x00000000a5600000, 0x00000000a5600000| Untracked 
|  87|0x00000000a5700000, 0x00000000a5700000, 0x00000000a5800000|  0%| F|  |TAMS 0x00000000a5700000, 0x00000000a5700000| Untracked 
|  88|0x00000000a5800000, 0x00000000a5800000, 0x00000000a5900000|  0%| F|  |TAMS 0x00000000a5800000, 0x00000000a5800000| Untracked 
|  89|0x00000000a5900000, 0x00000000a5900000, 0x00000000a5a00000|  0%| F|  |TAMS 0x00000000a5900000, 0x00000000a5900000| Untracked 
|  90|0x00000000a5a00000, 0x00000000a5a00000, 0x00000000a5b00000|  0%| F|  |TAMS 0x00000000a5a00000, 0x00000000a5a00000| Untracked 
|  91|0x00000000a5b00000, 0x00000000a5b00000, 0x00000000a5c00000|  0%| F|  |TAMS 0x00000000a5b00000, 0x00000000a5b00000| Untracked 
|  92|0x00000000a5c00000, 0x00000000a5c00000, 0x00000000a5d00000|  0%| F|  |TAMS 0x00000000a5c00000, 0x00000000a5c00000| Untracked 
|  93|0x00000000a5d00000, 0x00000000a5d00000, 0x00000000a5e00000|  0%| F|  |TAMS 0x00000000a5d00000, 0x00000000a5d00000| Untracked 
|  94|0x00000000a5e00000, 0x00000000a5e00000, 0x00000000a5f00000|  0%| F|  |TAMS 0x00000000a5e00000, 0x00000000a5e00000| Untracked 
|  95|0x00000000a5f00000, 0x00000000a5f00000, 0x00000000a6000000|  0%| F|  |TAMS 0x00000000a5f00000, 0x00000000a5f00000| Untracked 
|  96|0x00000000a6000000, 0x00000000a6000000, 0x00000000a6100000|  0%| F|  |TAMS 0x00000000a6000000, 0x00000000a6000000| Untracked 
|  97|0x00000000a6100000, 0x00000000a6100000, 0x00000000a6200000|  0%| F|  |TAMS 0x00000000a6100000, 0x00000000a6100000| Untracked 
|  98|0x00000000a6200000, 0x00000000a6300000, 0x00000000a6300000|100%| S|CS|TAMS 0x00000000a6200000, 0x00000000a6200000| Complete 
|  99|0x00000000a6300000, 0x00000000a6400000, 0x00000000a6400000|100%| S|CS|TAMS 0x00000000a6300000, 0x00000000a6300000| Complete 
| 100|0x00000000a6400000, 0x00000000a6500000, 0x00000000a6500000|100%| S|CS|TAMS 0x00000000a6400000, 0x00000000a6400000| Complete 
| 101|0x00000000a6500000, 0x00000000a6600000, 0x00000000a6600000|100%| S|CS|TAMS 0x00000000a6500000, 0x00000000a6500000| Complete 
| 102|0x00000000a6600000, 0x00000000a6700000, 0x00000000a6700000|100%| S|CS|TAMS 0x00000000a6600000, 0x00000000a6600000| Complete 
| 103|0x00000000a6700000, 0x00000000a6800000, 0x00000000a6800000|100%| S|CS|TAMS 0x00000000a6700000, 0x00000000a6700000| Complete 
| 104|0x00000000a6800000, 0x00000000a6900000, 0x00000000a6900000|100%| S|CS|TAMS 0x00000000a6800000, 0x00000000a6800000| Complete 
| 105|0x00000000a6900000, 0x00000000a6a00000, 0x00000000a6a00000|100%| S|CS|TAMS 0x00000000a6900000, 0x00000000a6900000| Complete 
| 106|0x00000000a6a00000, 0x00000000a6b00000, 0x00000000a6b00000|100%| S|CS|TAMS 0x00000000a6a00000, 0x00000000a6a00000| Complete 
| 107|0x00000000a6b00000, 0x00000000a6c00000, 0x00000000a6c00000|100%| S|CS|TAMS 0x00000000a6b00000, 0x00000000a6b00000| Complete 
| 108|0x00000000a6c00000, 0x00000000a6d00000, 0x00000000a6d00000|100%| S|CS|TAMS 0x00000000a6c00000, 0x00000000a6c00000| Complete 
| 109|0x00000000a6d00000, 0x00000000a6e00000, 0x00000000a6e00000|100%| S|CS|TAMS 0x00000000a6d00000, 0x00000000a6d00000| Complete 
| 110|0x00000000a6e00000, 0x00000000a6f00000, 0x00000000a6f00000|100%| S|CS|TAMS 0x00000000a6e00000, 0x00000000a6e00000| Complete 
| 111|0x00000000a6f00000, 0x00000000a7000000, 0x00000000a7000000|100%| S|CS|TAMS 0x00000000a6f00000, 0x00000000a6f00000| Complete 
| 112|0x00000000a7000000, 0x00000000a7000000, 0x00000000a7100000|  0%| F|  |TAMS 0x00000000a7000000, 0x00000000a7000000| Untracked 
| 113|0x00000000a7100000, 0x00000000a7100000, 0x00000000a7200000|  0%| F|  |TAMS 0x00000000a7100000, 0x00000000a7100000| Untracked 
| 114|0x00000000a7200000, 0x00000000a7200000, 0x00000000a7300000|  0%| F|  |TAMS 0x00000000a7200000, 0x00000000a7200000| Untracked 
| 115|0x00000000a7300000, 0x00000000a7300000, 0x00000000a7400000|  0%| F|  |TAMS 0x00000000a7300000, 0x00000000a7300000| Untracked 
| 116|0x00000000a7400000, 0x00000000a7400000, 0x00000000a7500000|  0%| F|  |TAMS 0x00000000a7400000, 0x00000000a7400000| Untracked 
| 117|0x00000000a7500000, 0x00000000a7500000, 0x00000000a7600000|  0%| F|  |TAMS 0x00000000a7500000, 0x00000000a7500000| Untracked 
| 118|0x00000000a7600000, 0x00000000a7600000, 0x00000000a7700000|  0%| F|  |TAMS 0x00000000a7600000, 0x00000000a7600000| Untracked 
| 119|0x00000000a7700000, 0x00000000a7700000, 0x00000000a7800000|  0%| F|  |TAMS 0x00000000a7700000, 0x00000000a7700000| Untracked 
| 120|0x00000000a7800000, 0x00000000a7800000, 0x00000000a7900000|  0%| F|  |TAMS 0x00000000a7800000, 0x00000000a7800000| Untracked 
| 121|0x00000000a7900000, 0x00000000a7900000, 0x00000000a7a00000|  0%| F|  |TAMS 0x00000000a7900000, 0x00000000a7900000| Untracked 
| 122|0x00000000a7a00000, 0x00000000a7b00000, 0x00000000a7b00000|100%| S|CS|TAMS 0x00000000a7a00000, 0x00000000a7a00000| Complete 
| 123|0x00000000a7b00000, 0x00000000a7c00000, 0x00000000a7c00000|100%| S|CS|TAMS 0x00000000a7b00000, 0x00000000a7b00000| Complete 
| 124|0x00000000a7c00000, 0x00000000a7d00000, 0x00000000a7d00000|100%| S|CS|TAMS 0x00000000a7c00000, 0x00000000a7c00000| Complete 
| 125|0x00000000a7d00000, 0x00000000a7e00000, 0x00000000a7e00000|100%| S|CS|TAMS 0x00000000a7d00000, 0x00000000a7d00000| Complete 
| 126|0x00000000a7e00000, 0x00000000a7e00000, 0x00000000a7f00000|  0%| F|  |TAMS 0x00000000a7e00000, 0x00000000a7e00000| Untracked 
| 127|0x00000000a7f00000, 0x00000000a7f00000, 0x00000000a8000000|  0%| F|  |TAMS 0x00000000a7f00000, 0x00000000a7f00000| Untracked 
| 128|0x00000000a8000000, 0x00000000a8000000, 0x00000000a8100000|  0%| F|  |TAMS 0x00000000a8000000, 0x00000000a8000000| Untracked 
| 129|0x00000000a8100000, 0x00000000a8100000, 0x00000000a8200000|  0%| F|  |TAMS 0x00000000a8100000, 0x00000000a8100000| Untracked 
| 130|0x00000000a8200000, 0x00000000a8200000, 0x00000000a8300000|  0%| F|  |TAMS 0x00000000a8200000, 0x00000000a8200000| Untracked 
| 131|0x00000000a8300000, 0x00000000a8300000, 0x00000000a8400000|  0%| F|  |TAMS 0x00000000a8300000, 0x00000000a8300000| Untracked 
| 132|0x00000000a8400000, 0x00000000a8400000, 0x00000000a8500000|  0%| F|  |TAMS 0x00000000a8400000, 0x00000000a8400000| Untracked 
| 133|0x00000000a8500000, 0x00000000a8500000, 0x00000000a8600000|  0%| F|  |TAMS 0x00000000a8500000, 0x00000000a8500000| Untracked 
| 134|0x00000000a8600000, 0x00000000a8600000, 0x00000000a8700000|  0%| F|  |TAMS 0x00000000a8600000, 0x00000000a8600000| Untracked 
| 135|0x00000000a8700000, 0x00000000a8700000, 0x00000000a8800000|  0%| F|  |TAMS 0x00000000a8700000, 0x00000000a8700000| Untracked 
| 136|0x00000000a8800000, 0x00000000a8800000, 0x00000000a8900000|  0%| F|  |TAMS 0x00000000a8800000, 0x00000000a8800000| Untracked 
| 137|0x00000000a8900000, 0x00000000a8900000, 0x00000000a8a00000|  0%| F|  |TAMS 0x00000000a8900000, 0x00000000a8900000| Untracked 
| 138|0x00000000a8a00000, 0x00000000a8a00000, 0x00000000a8b00000|  0%| F|  |TAMS 0x00000000a8a00000, 0x00000000a8a00000| Untracked 
| 139|0x00000000a8b00000, 0x00000000a8b00000, 0x00000000a8c00000|  0%| F|  |TAMS 0x00000000a8b00000, 0x00000000a8b00000| Untracked 
| 140|0x00000000a8c00000, 0x00000000a8c00000, 0x00000000a8d00000|  0%| F|  |TAMS 0x00000000a8c00000, 0x00000000a8c00000| Untracked 
| 141|0x00000000a8d00000, 0x00000000a8d00000, 0x00000000a8e00000|  0%| F|  |TAMS 0x00000000a8d00000, 0x00000000a8d00000| Untracked 
| 142|0x00000000a8e00000, 0x00000000a8e00000, 0x00000000a8f00000|  0%| F|  |TAMS 0x00000000a8e00000, 0x00000000a8e00000| Untracked 
| 143|0x00000000a8f00000, 0x00000000a8f00000, 0x00000000a9000000|  0%| F|  |TAMS 0x00000000a8f00000, 0x00000000a8f00000| Untracked 
| 144|0x00000000a9000000, 0x00000000a9000000, 0x00000000a9100000|  0%| F|  |TAMS 0x00000000a9000000, 0x00000000a9000000| Untracked 
| 145|0x00000000a9100000, 0x00000000a9100000, 0x00000000a9200000|  0%| F|  |TAMS 0x00000000a9100000, 0x00000000a9100000| Untracked 
| 146|0x00000000a9200000, 0x00000000a9200000, 0x00000000a9300000|  0%| F|  |TAMS 0x00000000a9200000, 0x00000000a9200000| Untracked 
| 147|0x00000000a9300000, 0x00000000a9300000, 0x00000000a9400000|  0%| F|  |TAMS 0x00000000a9300000, 0x00000000a9300000| Untracked 
| 148|0x00000000a9400000, 0x00000000a9400000, 0x00000000a9500000|  0%| F|  |TAMS 0x00000000a9400000, 0x00000000a9400000| Untracked 
| 149|0x00000000a9500000, 0x00000000a9500000, 0x00000000a9600000|  0%| F|  |TAMS 0x00000000a9500000, 0x00000000a9500000| Untracked 
| 150|0x00000000a9600000, 0x00000000a9600000, 0x00000000a9700000|  0%| F|  |TAMS 0x00000000a9600000, 0x00000000a9600000| Untracked 
| 151|0x00000000a9700000, 0x00000000a9700000, 0x00000000a9800000|  0%| F|  |TAMS 0x00000000a9700000, 0x00000000a9700000| Untracked 
| 152|0x00000000a9800000, 0x00000000a9800000, 0x00000000a9900000|  0%| F|  |TAMS 0x00000000a9800000, 0x00000000a9800000| Untracked 
| 153|0x00000000a9900000, 0x00000000a9900000, 0x00000000a9a00000|  0%| F|  |TAMS 0x00000000a9900000, 0x00000000a9900000| Untracked 
| 154|0x00000000a9a00000, 0x00000000a9a00000, 0x00000000a9b00000|  0%| F|  |TAMS 0x00000000a9a00000, 0x00000000a9a00000| Untracked 
| 155|0x00000000a9b00000, 0x00000000a9b00000, 0x00000000a9c00000|  0%| F|  |TAMS 0x00000000a9b00000, 0x00000000a9b00000| Untracked 
| 156|0x00000000a9c00000, 0x00000000a9c00000, 0x00000000a9d00000|  0%| F|  |TAMS 0x00000000a9c00000, 0x00000000a9c00000| Untracked 
| 157|0x00000000a9d00000, 0x00000000a9d00000, 0x00000000a9e00000|  0%| F|  |TAMS 0x00000000a9d00000, 0x00000000a9d00000| Untracked 
| 158|0x00000000a9e00000, 0x00000000a9e00000, 0x00000000a9f00000|  0%| F|  |TAMS 0x00000000a9e00000, 0x00000000a9e00000| Untracked 
| 159|0x00000000a9f00000, 0x00000000a9f00000, 0x00000000aa000000|  0%| F|  |TAMS 0x00000000a9f00000, 0x00000000a9f00000| Untracked 
| 160|0x00000000aa000000, 0x00000000aa000000, 0x00000000aa100000|  0%| F|  |TAMS 0x00000000aa000000, 0x00000000aa000000| Untracked 
| 161|0x00000000aa100000, 0x00000000aa100000, 0x00000000aa200000|  0%| F|  |TAMS 0x00000000aa100000, 0x00000000aa100000| Untracked 
| 162|0x00000000aa200000, 0x00000000aa200000, 0x00000000aa300000|  0%| F|  |TAMS 0x00000000aa200000, 0x00000000aa200000| Untracked 
| 163|0x00000000aa300000, 0x00000000aa300000, 0x00000000aa400000|  0%| F|  |TAMS 0x00000000aa300000, 0x00000000aa300000| Untracked 
| 164|0x00000000aa400000, 0x00000000aa400000, 0x00000000aa500000|  0%| F|  |TAMS 0x00000000aa400000, 0x00000000aa400000| Untracked 
| 165|0x00000000aa500000, 0x00000000aa500000, 0x00000000aa600000|  0%| F|  |TAMS 0x00000000aa500000, 0x00000000aa500000| Untracked 
| 166|0x00000000aa600000, 0x00000000aa600000, 0x00000000aa700000|  0%| F|  |TAMS 0x00000000aa600000, 0x00000000aa600000| Untracked 
| 167|0x00000000aa700000, 0x00000000aa700000, 0x00000000aa800000|  0%| F|  |TAMS 0x00000000aa700000, 0x00000000aa700000| Untracked 
| 168|0x00000000aa800000, 0x00000000aa800000, 0x00000000aa900000|  0%| F|  |TAMS 0x00000000aa800000, 0x00000000aa800000| Untracked 
| 169|0x00000000aa900000, 0x00000000aa900000, 0x00000000aaa00000|  0%| F|  |TAMS 0x00000000aa900000, 0x00000000aa900000| Untracked 
| 170|0x00000000aaa00000, 0x00000000aaa00000, 0x00000000aab00000|  0%| F|  |TAMS 0x00000000aaa00000, 0x00000000aaa00000| Untracked 
| 171|0x00000000aab00000, 0x00000000aab00000, 0x00000000aac00000|  0%| F|  |TAMS 0x00000000aab00000, 0x00000000aab00000| Untracked 
| 172|0x00000000aac00000, 0x00000000aac00000, 0x00000000aad00000|  0%| F|  |TAMS 0x00000000aac00000, 0x00000000aac00000| Untracked 
| 173|0x00000000aad00000, 0x00000000aad00000, 0x00000000aae00000|  0%| F|  |TAMS 0x00000000aad00000, 0x00000000aad00000| Untracked 
| 174|0x00000000aae00000, 0x00000000aae00000, 0x00000000aaf00000|  0%| F|  |TAMS 0x00000000aae00000, 0x00000000aae00000| Untracked 
| 175|0x00000000aaf00000, 0x00000000aaf00000, 0x00000000ab000000|  0%| F|  |TAMS 0x00000000aaf00000, 0x00000000aaf00000| Untracked 
| 176|0x00000000ab000000, 0x00000000ab000000, 0x00000000ab100000|  0%| F|  |TAMS 0x00000000ab000000, 0x00000000ab000000| Untracked 
| 177|0x00000000ab100000, 0x00000000ab100000, 0x00000000ab200000|  0%| F|  |TAMS 0x00000000ab100000, 0x00000000ab100000| Untracked 
| 178|0x00000000ab200000, 0x00000000ab200000, 0x00000000ab300000|  0%| F|  |TAMS 0x00000000ab200000, 0x00000000ab200000| Untracked 
| 179|0x00000000ab300000, 0x00000000ab300000, 0x00000000ab400000|  0%| F|  |TAMS 0x00000000ab300000, 0x00000000ab300000| Untracked 
| 180|0x00000000ab400000, 0x00000000ab400000, 0x00000000ab500000|  0%| F|  |TAMS 0x00000000ab400000, 0x00000000ab400000| Untracked 
| 181|0x00000000ab500000, 0x00000000ab500000, 0x00000000ab600000|  0%| F|  |TAMS 0x00000000ab500000, 0x00000000ab500000| Untracked 
| 182|0x00000000ab600000, 0x00000000ab600000, 0x00000000ab700000|  0%| F|  |TAMS 0x00000000ab600000, 0x00000000ab600000| Untracked 
| 183|0x00000000ab700000, 0x00000000ab700000, 0x00000000ab800000|  0%| F|  |TAMS 0x00000000ab700000, 0x00000000ab700000| Untracked 
| 184|0x00000000ab800000, 0x00000000ab800000, 0x00000000ab900000|  0%| F|  |TAMS 0x00000000ab800000, 0x00000000ab800000| Untracked 
| 185|0x00000000ab900000, 0x00000000ab900000, 0x00000000aba00000|  0%| F|  |TAMS 0x00000000ab900000, 0x00000000ab900000| Untracked 
| 186|0x00000000aba00000, 0x00000000aba00000, 0x00000000abb00000|  0%| F|  |TAMS 0x00000000aba00000, 0x00000000aba00000| Untracked 
| 187|0x00000000abb00000, 0x00000000abb00000, 0x00000000abc00000|  0%| F|  |TAMS 0x00000000abb00000, 0x00000000abb00000| Untracked 
| 188|0x00000000abc00000, 0x00000000abc00000, 0x00000000abd00000|  0%| F|  |TAMS 0x00000000abc00000, 0x00000000abc00000| Untracked 
| 189|0x00000000abd00000, 0x00000000abd00000, 0x00000000abe00000|  0%| F|  |TAMS 0x00000000abd00000, 0x00000000abd00000| Untracked 
| 190|0x00000000abe00000, 0x00000000abe00000, 0x00000000abf00000|  0%| F|  |TAMS 0x00000000abe00000, 0x00000000abe00000| Untracked 
| 191|0x00000000abf00000, 0x00000000abf00000, 0x00000000ac000000|  0%| F|  |TAMS 0x00000000abf00000, 0x00000000abf00000| Untracked 
| 192|0x00000000ac000000, 0x00000000ac000000, 0x00000000ac100000|  0%| F|  |TAMS 0x00000000ac000000, 0x00000000ac000000| Untracked 
| 193|0x00000000ac100000, 0x00000000ac100000, 0x00000000ac200000|  0%| F|  |TAMS 0x00000000ac100000, 0x00000000ac100000| Untracked 
| 194|0x00000000ac200000, 0x00000000ac200000, 0x00000000ac300000|  0%| F|  |TAMS 0x00000000ac200000, 0x00000000ac200000| Untracked 
| 195|0x00000000ac300000, 0x00000000ac300000, 0x00000000ac400000|  0%| F|  |TAMS 0x00000000ac300000, 0x00000000ac300000| Untracked 
| 196|0x00000000ac400000, 0x00000000ac400000, 0x00000000ac500000|  0%| F|  |TAMS 0x00000000ac400000, 0x00000000ac400000| Untracked 
| 197|0x00000000ac500000, 0x00000000ac500000, 0x00000000ac600000|  0%| F|  |TAMS 0x00000000ac500000, 0x00000000ac500000| Untracked 
| 198|0x00000000ac600000, 0x00000000ac600000, 0x00000000ac700000|  0%| F|  |TAMS 0x00000000ac600000, 0x00000000ac600000| Untracked 
| 199|0x00000000ac700000, 0x00000000ac700000, 0x00000000ac800000|  0%| F|  |TAMS 0x00000000ac700000, 0x00000000ac700000| Untracked 
| 200|0x00000000ac800000, 0x00000000ac800000, 0x00000000ac900000|  0%| F|  |TAMS 0x00000000ac800000, 0x00000000ac800000| Untracked 
| 201|0x00000000ac900000, 0x00000000ac900000, 0x00000000aca00000|  0%| F|  |TAMS 0x00000000ac900000, 0x00000000ac900000| Untracked 
| 202|0x00000000aca00000, 0x00000000aca00000, 0x00000000acb00000|  0%| F|  |TAMS 0x00000000aca00000, 0x00000000aca00000| Untracked 
| 203|0x00000000acb00000, 0x00000000acb00000, 0x00000000acc00000|  0%| F|  |TAMS 0x00000000acb00000, 0x00000000acb00000| Untracked 
| 204|0x00000000acc00000, 0x00000000acc00000, 0x00000000acd00000|  0%| F|  |TAMS 0x00000000acc00000, 0x00000000acc00000| Untracked 
| 205|0x00000000acd00000, 0x00000000acd00000, 0x00000000ace00000|  0%| F|  |TAMS 0x00000000acd00000, 0x00000000acd00000| Untracked 
| 206|0x00000000ace00000, 0x00000000ace00000, 0x00000000acf00000|  0%| F|  |TAMS 0x00000000ace00000, 0x00000000ace00000| Untracked 
| 207|0x00000000acf00000, 0x00000000acf00000, 0x00000000ad000000|  0%| F|  |TAMS 0x00000000acf00000, 0x00000000acf00000| Untracked 
| 208|0x00000000ad000000, 0x00000000ad000000, 0x00000000ad100000|  0%| F|  |TAMS 0x00000000ad000000, 0x00000000ad000000| Untracked 
| 209|0x00000000ad100000, 0x00000000ad100000, 0x00000000ad200000|  0%| F|  |TAMS 0x00000000ad100000, 0x00000000ad100000| Untracked 
| 210|0x00000000ad200000, 0x00000000ad200000, 0x00000000ad300000|  0%| F|  |TAMS 0x00000000ad200000, 0x00000000ad200000| Untracked 
| 211|0x00000000ad300000, 0x00000000ad300000, 0x00000000ad400000|  0%| F|  |TAMS 0x00000000ad300000, 0x00000000ad300000| Untracked 
| 212|0x00000000ad400000, 0x00000000ad400000, 0x00000000ad500000|  0%| F|  |TAMS 0x00000000ad400000, 0x00000000ad400000| Untracked 
| 213|0x00000000ad500000, 0x00000000ad500000, 0x00000000ad600000|  0%| F|  |TAMS 0x00000000ad500000, 0x00000000ad500000| Untracked 
| 214|0x00000000ad600000, 0x00000000ad700000, 0x00000000ad700000|100%| E|  |TAMS 0x00000000ad600000, 0x00000000ad600000| Complete 
| 215|0x00000000ad700000, 0x00000000ad800000, 0x00000000ad800000|100%| E|CS|TAMS 0x00000000ad700000, 0x00000000ad700000| Complete 
| 216|0x00000000ad800000, 0x00000000ad900000, 0x00000000ad900000|100%| E|CS|TAMS 0x00000000ad800000, 0x00000000ad800000| Complete 
| 217|0x00000000ad900000, 0x00000000ada00000, 0x00000000ada00000|100%| E|CS|TAMS 0x00000000ad900000, 0x00000000ad900000| Complete 
| 218|0x00000000ada00000, 0x00000000adb00000, 0x00000000adb00000|100%| E|CS|TAMS 0x00000000ada00000, 0x00000000ada00000| Complete 
| 219|0x00000000adb00000, 0x00000000adc00000, 0x00000000adc00000|100%| E|CS|TAMS 0x00000000adb00000, 0x00000000adb00000| Complete 
| 220|0x00000000adc00000, 0x00000000add00000, 0x00000000add00000|100%| E|CS|TAMS 0x00000000adc00000, 0x00000000adc00000| Complete 
| 221|0x00000000add00000, 0x00000000ade00000, 0x00000000ade00000|100%| E|CS|TAMS 0x00000000add00000, 0x00000000add00000| Complete 
| 222|0x00000000ade00000, 0x00000000adf00000, 0x00000000adf00000|100%| E|CS|TAMS 0x00000000ade00000, 0x00000000ade00000| Complete 
| 223|0x00000000adf00000, 0x00000000ae000000, 0x00000000ae000000|100%| E|CS|TAMS 0x00000000adf00000, 0x00000000adf00000| Complete 
| 224|0x00000000ae000000, 0x00000000ae100000, 0x00000000ae100000|100%| E|CS|TAMS 0x00000000ae000000, 0x00000000ae000000| Complete 
| 225|0x00000000ae100000, 0x00000000ae200000, 0x00000000ae200000|100%| E|CS|TAMS 0x00000000ae100000, 0x00000000ae100000| Complete 
| 226|0x00000000ae200000, 0x00000000ae300000, 0x00000000ae300000|100%| E|CS|TAMS 0x00000000ae200000, 0x00000000ae200000| Complete 
| 227|0x00000000ae300000, 0x00000000ae400000, 0x00000000ae400000|100%| E|CS|TAMS 0x00000000ae300000, 0x00000000ae300000| Complete 
| 228|0x00000000ae400000, 0x00000000ae500000, 0x00000000ae500000|100%| E|CS|TAMS 0x00000000ae400000, 0x00000000ae400000| Complete 
| 229|0x00000000ae500000, 0x00000000ae600000, 0x00000000ae600000|100%| E|CS|TAMS 0x00000000ae500000, 0x00000000ae500000| Complete 
| 230|0x00000000ae600000, 0x00000000ae700000, 0x00000000ae700000|100%| E|CS|TAMS 0x00000000ae600000, 0x00000000ae600000| Complete 
| 231|0x00000000ae700000, 0x00000000ae800000, 0x00000000ae800000|100%| E|CS|TAMS 0x00000000ae700000, 0x00000000ae700000| Complete 
| 232|0x00000000ae800000, 0x00000000ae900000, 0x00000000ae900000|100%| E|CS|TAMS 0x00000000ae800000, 0x00000000ae800000| Complete 
| 233|0x00000000ae900000, 0x00000000aea00000, 0x00000000aea00000|100%| E|CS|TAMS 0x00000000ae900000, 0x00000000ae900000| Complete 
| 234|0x00000000aea00000, 0x00000000aeb00000, 0x00000000aeb00000|100%| E|CS|TAMS 0x00000000aea00000, 0x00000000aea00000| Complete 
| 235|0x00000000aeb00000, 0x00000000aec00000, 0x00000000aec00000|100%| E|CS|TAMS 0x00000000aeb00000, 0x00000000aeb00000| Complete 
| 236|0x00000000aec00000, 0x00000000aed00000, 0x00000000aed00000|100%| E|CS|TAMS 0x00000000aec00000, 0x00000000aec00000| Complete 
| 237|0x00000000aed00000, 0x00000000aee00000, 0x00000000aee00000|100%| E|CS|TAMS 0x00000000aed00000, 0x00000000aed00000| Complete 
| 238|0x00000000aee00000, 0x00000000aef00000, 0x00000000aef00000|100%| E|CS|TAMS 0x00000000aee00000, 0x00000000aee00000| Complete 
| 239|0x00000000aef00000, 0x00000000af000000, 0x00000000af000000|100%| E|CS|TAMS 0x00000000aef00000, 0x00000000aef00000| Complete 
| 240|0x00000000af000000, 0x00000000af100000, 0x00000000af100000|100%| E|CS|TAMS 0x00000000af000000, 0x00000000af000000| Complete 
| 241|0x00000000af100000, 0x00000000af200000, 0x00000000af200000|100%| E|CS|TAMS 0x00000000af100000, 0x00000000af100000| Complete 
| 242|0x00000000af200000, 0x00000000af300000, 0x00000000af300000|100%| E|CS|TAMS 0x00000000af200000, 0x00000000af200000| Complete 
| 243|0x00000000af300000, 0x00000000af400000, 0x00000000af400000|100%| E|CS|TAMS 0x00000000af300000, 0x00000000af300000| Complete 
| 244|0x00000000af400000, 0x00000000af500000, 0x00000000af500000|100%| E|CS|TAMS 0x00000000af400000, 0x00000000af400000| Complete 
| 245|0x00000000af500000, 0x00000000af600000, 0x00000000af600000|100%| E|CS|TAMS 0x00000000af500000, 0x00000000af500000| Complete 
| 246|0x00000000af600000, 0x00000000af700000, 0x00000000af700000|100%| E|CS|TAMS 0x00000000af600000, 0x00000000af600000| Complete 
| 247|0x00000000af700000, 0x00000000af800000, 0x00000000af800000|100%| E|CS|TAMS 0x00000000af700000, 0x00000000af700000| Complete 
| 248|0x00000000af800000, 0x00000000af900000, 0x00000000af900000|100%| E|CS|TAMS 0x00000000af800000, 0x00000000af800000| Complete 
| 249|0x00000000af900000, 0x00000000afa00000, 0x00000000afa00000|100%| E|CS|TAMS 0x00000000af900000, 0x00000000af900000| Complete 
| 250|0x00000000afa00000, 0x00000000afb00000, 0x00000000afb00000|100%| E|CS|TAMS 0x00000000afa00000, 0x00000000afa00000| Complete 
| 251|0x00000000afb00000, 0x00000000afc00000, 0x00000000afc00000|100%| E|CS|TAMS 0x00000000afb00000, 0x00000000afb00000| Complete 
| 252|0x00000000afc00000, 0x00000000afd00000, 0x00000000afd00000|100%| E|CS|TAMS 0x00000000afc00000, 0x00000000afc00000| Complete 
| 253|0x00000000afd00000, 0x00000000afe00000, 0x00000000afe00000|100%| E|CS|TAMS 0x00000000afd00000, 0x00000000afd00000| Complete 
| 254|0x00000000afe00000, 0x00000000aff00000, 0x00000000aff00000|100%| E|CS|TAMS 0x00000000afe00000, 0x00000000afe00000| Complete 
| 255|0x00000000aff00000, 0x00000000b0000000, 0x00000000b0000000|100%| E|CS|TAMS 0x00000000aff00000, 0x00000000aff00000| Complete 

Card table byte_map: [0x0000015cb3fe0000,0x0000015cb42e0000] _byte_map_base: 0x0000015cb3ae0000

Marking Bits (Prev, Next): (CMBitMap*) 0x0000015ca3a60750, (CMBitMap*) 0x0000015ca3a60710
 Prev Bits: [0x0000015cb5de0000, 0x0000015cb75e0000)
 Next Bits: [0x0000015cb45e0000, 0x0000015cb5de0000)

Polling page: 0x0000015ca1930000

Metaspace:

Usage:
  Non-class:     70.43 MB used.
      Class:     11.28 MB used.
       Both:     81.71 MB used.

Virtual space:
  Non-class space:      128.00 MB reserved,      70.81 MB ( 55%) committed,  2 nodes.
      Class space:      416.00 MB reserved,      11.62 MB (  3%) committed,  1 nodes.
             Both:      544.00 MB reserved,      82.44 MB ( 15%) committed. 

Chunk freelists:
   Non-Class:  9.20 MB
       Class:  4.31 MB
        Both:  13.52 MB

MaxMetaspaceSize: 512.00 MB
CompressedClassSpaceSize: 416.00 MB
Initial GC threshold: 21.00 MB
Current GC threshold: 97.94 MB
CDS: on
MetaspaceReclaimPolicy: balanced
 - commit_granule_bytes: 65536.
 - commit_granule_words: 8192.
 - virtual_space_node_default_size: 8388608.
 - enlarge_chunks_in_place: 1.
 - new_chunks_are_fully_committed: 0.
 - uncommit_free_chunks: 1.
 - use_allocation_guard: 0.
 - handle_deallocations: 1.


Internal statistics:

num_allocs_failed_limit: 9.
num_arena_births: 1120.
num_arena_deaths: 0.
num_vsnodes_births: 3.
num_vsnodes_deaths: 0.
num_space_committed: 1319.
num_space_uncommitted: 0.
num_chunks_returned_to_freelist: 9.
num_chunks_taken_from_freelist: 4654.
num_chunk_merges: 9.
num_chunk_splits: 3039.
num_chunks_enlarged: 1998.
num_inconsistent_stats: 0.

CodeCache: size=131072Kb used=29403Kb max_used=29572Kb free=101668Kb
 bounds [0x0000015cab560000, 0x0000015cad260000, 0x0000015cb3560000]
 total_blobs=11246 nmethods=10426 adapters=729
 compilation: enabled
              stopped_count=0, restarted_count=0
 full_count=0

Compilation events (20 events):
Event: 29.290 Thread 0x0000015cba5de140 12114       3       org.gradle.internal.instantiation.generator.AsmBackedClassGenerator$ClassBuilderImpl::access$7000 (4 bytes)
Event: 29.290 Thread 0x0000015ce045a030 12113       3       org.gradle.internal.instantiation.generator.AsmBackedClassGenerator$ClassBuilderImpl::access$6800 (4 bytes)
Event: 29.290 Thread 0x0000015cdfcaa570 12115       3       org.gradle.internal.instantiation.generator.AsmBackedClassGenerator$ClassBuilderImpl::access$7100 (4 bytes)
Event: 29.291 Thread 0x0000015cba5de140 nmethod 12114 0x0000015cabf2f410 code [0x0000015cabf2f5a0, 0x0000015cabf2f698]
Event: 29.291 Thread 0x0000015ce045a030 nmethod 12113 0x0000015cabf2f110 code [0x0000015cabf2f2a0, 0x0000015cabf2f398]
Event: 29.291 Thread 0x0000015cba5de140 12116       3       org.gradle.internal.instantiation.generator.AsmBackedClassGenerator$ClassBuilderImpl$$Lambda$155/0x0000015cbc1ceba8::emit (9 bytes)
Event: 29.291 Thread 0x0000015cdfcaa570 nmethod 12115 0x0000015cabf2ee10 code [0x0000015cabf2efa0, 0x0000015cabf2f098]
Event: 29.291 Thread 0x0000015ce045a030 12117       3       org.gradle.internal.instantiation.generator.AsmBackedClassGenerator$ClassBuilderImpl::lambda$mixInGroovyObject$12 (11 bytes)
Event: 29.291 Thread 0x0000015cba5de140 nmethod 12116 0x0000015cabf2e910 code [0x0000015cabf2eac0, 0x0000015cabf2ecc8]
Event: 29.291 Thread 0x0000015ce045a030 nmethod 12117 0x0000015cabf2e510 code [0x0000015cabf2e6c0, 0x0000015cabf2e868]
Event: 29.291 Thread 0x0000015cba851e90 nmethod 12111 0x0000015cab88a990 code [0x0000015cab88ac40, 0x0000015cab88ba38]
Event: 29.292 Thread 0x0000015cdc36dab0 nmethod 12108 0x0000015cab88a590 code [0x0000015cab88a720, 0x0000015cab88a848]
Event: 29.308 Thread 0x0000015cba851e90 12118       3       java.util.regex.Pattern::compile (500 bytes)
Event: 29.310 Thread 0x0000015cba851e90 nmethod 12118 0x0000015cad04b910 code [0x0000015cad04bdc0, 0x0000015cad04eb08]
Event: 29.313 Thread 0x0000015cba851e90 12119       3       org.gradle.internal.instantiation.generator.AbstractClassGenerator::hasRelevantFields (51 bytes)
Event: 29.314 Thread 0x0000015cba851e90 nmethod 12119 0x0000015cacb48b10 code [0x0000015cacb48d20, 0x0000015cacb49528]
Event: 29.607 Thread 0x0000015cdfcaa570 12120       1       java.util.stream.FindOps$FindOp::getOpFlags (5 bytes)
Event: 29.607 Thread 0x0000015cdfcaa570 nmethod 12120 0x0000015cabf2e210 code [0x0000015cabf2e3a0, 0x0000015cabf2e478]
Event: 29.608 Thread 0x0000015cba5de140 12121       3       java.lang.invoke.DelegatingMethodHandle$Holder::reinvoke_L (20 bytes)
Event: 29.608 Thread 0x0000015cba5de140 nmethod 12121 0x0000015cad04b110 code [0x0000015cad04b2e0, 0x0000015cad04b758]

GC Heap History (20 events):
Event: 0.922 GC heap before
{Heap before GC invocations=1 (full 0):
 garbage-first heap   total 262144K, used 40577K [0x00000000a0000000, 0x0000000100000000)
  region size 1024K, 37 young (37888K), 3 survivors (3072K)
 Metaspace       used 4431K, committed 4608K, reserved 491520K
  class space    used 546K, committed 640K, reserved 425984K
}
Event: 0.928 GC heap after
{Heap after GC invocations=2 (full 0):
 garbage-first heap   total 262144K, used 11094K [0x00000000a0000000, 0x0000000100000000)
  region size 1024K, 5 young (5120K), 5 survivors (5120K)
 Metaspace       used 4431K, committed 4608K, reserved 491520K
  class space    used 546K, committed 640K, reserved 425984K
}
Event: 1.478 GC heap before
{Heap before GC invocations=2 (full 0):
 garbage-first heap   total 262144K, used 60246K [0x00000000a0000000, 0x0000000100000000)
  region size 1024K, 51 young (52224K), 5 survivors (5120K)
 Metaspace       used 5087K, committed 5312K, reserved 491520K
  class space    used 660K, committed 768K, reserved 425984K
}
Event: 1.483 GC heap after
{Heap after GC invocations=3 (full 0):
 garbage-first heap   total 262144K, used 16950K [0x00000000a0000000, 0x0000000100000000)
  region size 1024K, 5 young (5120K), 5 survivors (5120K)
 Metaspace       used 5087K, committed 5312K, reserved 491520K
  class space    used 660K, committed 768K, reserved 425984K
}
Event: 3.952 GC heap before
{Heap before GC invocations=3 (full 0):
 garbage-first heap   total 262144K, used 124470K [0x00000000a0000000, 0x0000000100000000)
  region size 1024K, 111 young (113664K), 5 survivors (5120K)
 Metaspace       used 21158K, committed 21504K, reserved 491520K
  class space    used 3063K, committed 3264K, reserved 425984K
}
Event: 3.961 GC heap after
{Heap after GC invocations=4 (full 0):
 garbage-first heap   total 262144K, used 24191K [0x00000000a0000000, 0x0000000100000000)
  region size 1024K, 12 young (12288K), 12 survivors (12288K)
 Metaspace       used 21158K, committed 21504K, reserved 491520K
  class space    used 3063K, committed 3264K, reserved 425984K
}
Event: 5.652 GC heap before
{Heap before GC invocations=5 (full 0):
 garbage-first heap   total 262144K, used 162431K [0x00000000a0000000, 0x0000000100000000)
  region size 1024K, 147 young (150528K), 12 survivors (12288K)
 Metaspace       used 35549K, committed 35968K, reserved 491520K
  class space    used 4909K, committed 5120K, reserved 425984K
}
Event: 5.663 GC heap after
{Heap after GC invocations=6 (full 0):
 garbage-first heap   total 262144K, used 32702K [0x00000000a0000000, 0x0000000100000000)
  region size 1024K, 16 young (16384K), 16 survivors (16384K)
 Metaspace       used 35549K, committed 35968K, reserved 491520K
  class space    used 4909K, committed 5120K, reserved 425984K
}
Event: 8.008 GC heap before
{Heap before GC invocations=7 (full 0):
 garbage-first heap   total 262144K, used 171966K [0x00000000a0000000, 0x0000000100000000)
  region size 1024K, 153 young (156672K), 16 survivors (16384K)
 Metaspace       used 45318K, committed 45824K, reserved 491520K
  class space    used 6413K, committed 6656K, reserved 425984K
}
Event: 8.020 GC heap after
{Heap after GC invocations=8 (full 0):
 garbage-first heap   total 262144K, used 39972K [0x00000000a0000000, 0x0000000100000000)
  region size 1024K, 16 young (16384K), 16 survivors (16384K)
 Metaspace       used 45318K, committed 45824K, reserved 491520K
  class space    used 6413K, committed 6656K, reserved 425984K
}
Event: 9.528 GC heap before
{Heap before GC invocations=8 (full 0):
 garbage-first heap   total 262144K, used 190500K [0x00000000a0000000, 0x0000000100000000)
  region size 1024K, 153 young (156672K), 16 survivors (16384K)
 Metaspace       used 57909K, committed 58496K, reserved 491520K
  class space    used 8241K, committed 8512K, reserved 425984K
}
Event: 9.538 GC heap after
{Heap after GC invocations=9 (full 0):
 garbage-first heap   total 262144K, used 57082K [0x00000000a0000000, 0x0000000100000000)
  region size 1024K, 16 young (16384K), 16 survivors (16384K)
 Metaspace       used 57909K, committed 58496K, reserved 491520K
  class space    used 8241K, committed 8512K, reserved 425984K
}
Event: 9.788 GC heap before
{Heap before GC invocations=9 (full 0):
 garbage-first heap   total 262144K, used 82682K [0x00000000a0000000, 0x0000000100000000)
  region size 1024K, 42 young (43008K), 16 survivors (16384K)
 Metaspace       used 59477K, committed 60096K, reserved 491520K
  class space    used 8468K, committed 8768K, reserved 425984K
}
Event: 9.795 GC heap after
{Heap after GC invocations=10 (full 0):
 garbage-first heap   total 262144K, used 58137K [0x00000000a0000000, 0x0000000100000000)
  region size 1024K, 9 young (9216K), 9 survivors (9216K)
 Metaspace       used 59477K, committed 60096K, reserved 491520K
  class space    used 8468K, committed 8768K, reserved 425984K
}
Event: 23.415 GC heap before
{Heap before GC invocations=11 (full 0):
 garbage-first heap   total 262144K, used 204569K [0x00000000a0000000, 0x0000000100000000)
  region size 1024K, 153 young (156672K), 9 survivors (9216K)
 Metaspace       used 70604K, committed 71296K, reserved 491520K
  class space    used 10074K, committed 10432K, reserved 425984K
}
Event: 23.427 GC heap after
{Heap after GC invocations=12 (full 0):
 garbage-first heap   total 262144K, used 68799K [0x00000000a0000000, 0x0000000100000000)
  region size 1024K, 19 young (19456K), 19 survivors (19456K)
 Metaspace       used 70604K, committed 71296K, reserved 491520K
  class space    used 10074K, committed 10432K, reserved 425984K
}
Event: 26.830 GC heap before
{Heap before GC invocations=12 (full 0):
 garbage-first heap   total 262144K, used 204991K [0x00000000a0000000, 0x0000000100000000)
  region size 1024K, 153 young (156672K), 19 survivors (19456K)
 Metaspace       used 71538K, committed 72256K, reserved 491520K
  class space    used 10143K, committed 10496K, reserved 425984K
}
Event: 26.847 GC heap after
{Heap after GC invocations=13 (full 0):
 garbage-first heap   total 262144K, used 75602K [0x00000000a0000000, 0x0000000100000000)
  region size 1024K, 10 young (10240K), 10 survivors (10240K)
 Metaspace       used 71538K, committed 72256K, reserved 491520K
  class space    used 10143K, committed 10496K, reserved 425984K
}
Event: 28.735 GC heap before
{Heap before GC invocations=13 (full 0):
 garbage-first heap   total 262144K, used 225106K [0x00000000a0000000, 0x0000000100000000)
  region size 1024K, 140 young (143360K), 10 survivors (10240K)
 Metaspace       used 80589K, committed 81408K, reserved 557056K
  class space    used 11173K, committed 11584K, reserved 425984K
}
Event: 28.745 GC heap after
{Heap after GC invocations=14 (full 0):
 garbage-first heap   total 262144K, used 100206K [0x00000000a0000000, 0x0000000100000000)
  region size 1024K, 18 young (18432K), 18 survivors (18432K)
 Metaspace       used 80589K, committed 81408K, reserved 557056K
  class space    used 11173K, committed 11584K, reserved 425984K
}

Dll operation events (17 events):
Event: 0.010 Loaded shared library C:\Program Files\Eclipse Adoptium\jdk-17.0.15.6-hotspot\bin\java.dll
Event: 0.033 Loaded shared library C:\Program Files\Eclipse Adoptium\jdk-17.0.15.6-hotspot\bin\jsvml.dll
Event: 0.076 Loaded shared library C:\Program Files\Eclipse Adoptium\jdk-17.0.15.6-hotspot\bin\zip.dll
Event: 0.081 Loaded shared library C:\Program Files\Eclipse Adoptium\jdk-17.0.15.6-hotspot\bin\instrument.dll
Event: 0.084 Loaded shared library C:\Program Files\Eclipse Adoptium\jdk-17.0.15.6-hotspot\bin\net.dll
Event: 0.086 Loaded shared library C:\Program Files\Eclipse Adoptium\jdk-17.0.15.6-hotspot\bin\nio.dll
Event: 0.088 Loaded shared library C:\Program Files\Eclipse Adoptium\jdk-17.0.15.6-hotspot\bin\zip.dll
Event: 0.289 Loaded shared library C:\Program Files\Eclipse Adoptium\jdk-17.0.15.6-hotspot\bin\jimage.dll
Event: 0.456 Loaded shared library C:\Program Files\Eclipse Adoptium\jdk-17.0.15.6-hotspot\bin\verify.dll
Event: 0.598 Loaded shared library C:\Users\Acer\.gradle\native\1def1411415f61bf3af743bc5b6707747c0891f09f0c88961ee8f79bc544acac\windows-amd64\native-platform.dll
Event: 0.608 Loaded shared library C:\Users\Acer\.gradle\native\0.2.5\x86_64-windows-gnu\gradle-fileevents.dll
Event: 1.577 Loaded shared library C:\Program Files\Eclipse Adoptium\jdk-17.0.15.6-hotspot\bin\management.dll
Event: 1.579 Loaded shared library C:\Program Files\Eclipse Adoptium\jdk-17.0.15.6-hotspot\bin\management_ext.dll
Event: 1.794 Loaded shared library C:\Program Files\Eclipse Adoptium\jdk-17.0.15.6-hotspot\bin\extnet.dll
Event: 2.290 Loaded shared library C:\Program Files\Eclipse Adoptium\jdk-17.0.15.6-hotspot\bin\sunmscapi.dll
Event: 3.121 Loaded shared library C:\Users\Acer\AppData\Local\Temp\native-platform9201505818059238908dir\gradle-fileevents.dll
Event: 11.929 Loaded shared library C:\Program Files\Eclipse Adoptium\jdk-17.0.15.6-hotspot\bin\rmi.dll

Deoptimization events (20 events):
Event: 28.852 Thread 0x0000015cdaaf9240 Uncommon trap: trap_request=0xffffff45 fr.pc=0x0000015cabe95a80 relative=0x0000000000000080
Event: 28.852 Thread 0x0000015cdaaf9240 Uncommon trap: reason=unstable_if action=reinterpret pc=0x0000015cabe95a80 method=java.lang.CharacterDataLatin1.isUpperCase(I)Z @ 7 c2
Event: 28.852 Thread 0x0000015cdaaf9240 DEOPT PACKING pc=0x0000015cabe95a80 sp=0x00000035b55f3460
Event: 28.852 Thread 0x0000015cdaaf9240 DEOPT UNPACKING pc=0x0000015cab5b69a3 sp=0x00000035b55f33e0 mode 2
Event: 28.853 Thread 0x0000015cdaaf9240 Uncommon trap: trap_request=0xffffff45 fr.pc=0x0000015cabb4d124 relative=0x00000000000007a4
Event: 28.853 Thread 0x0000015cdaaf9240 Uncommon trap: reason=unstable_if action=reinterpret pc=0x0000015cabb4d124 method=java.lang.CharacterDataLatin1.isUpperCase(I)Z @ 7 c2
Event: 28.853 Thread 0x0000015cdaaf9240 DEOPT PACKING pc=0x0000015cabb4d124 sp=0x00000035b55f34f0
Event: 28.853 Thread 0x0000015cdaaf9240 DEOPT UNPACKING pc=0x0000015cab5b69a3 sp=0x00000035b55f33a8 mode 2
Event: 28.980 Thread 0x0000015cdaaf9240 DEOPT PACKING pc=0x0000015cac45f10e sp=0x00000035b55f41a0
Event: 28.980 Thread 0x0000015cdaaf9240 DEOPT UNPACKING pc=0x0000015cab5b7143 sp=0x00000035b55f3740 mode 0
Event: 29.098 Thread 0x0000015cdaaf9240 Uncommon trap: trap_request=0xffffff45 fr.pc=0x0000015cad079e58 relative=0x0000000000001518
Event: 29.098 Thread 0x0000015cdaaf9240 Uncommon trap: reason=unstable_if action=reinterpret pc=0x0000015cad079e58 method=org.objectweb.asm.Type.appendDescriptor(Ljava/lang/Class;Ljava/lang/StringBuilder;)V @ 48 c2
Event: 29.098 Thread 0x0000015cdaaf9240 DEOPT PACKING pc=0x0000015cad079e58 sp=0x00000035b55f39b0
Event: 29.098 Thread 0x0000015cdaaf9240 DEOPT UNPACKING pc=0x0000015cab5b69a3 sp=0x00000035b55f3998 mode 2
Event: 29.223 Thread 0x0000015cdaaf9240 DEOPT PACKING pc=0x0000015cac45f10e sp=0x00000035b55f2d70
Event: 29.223 Thread 0x0000015cdaaf9240 DEOPT UNPACKING pc=0x0000015cab5b7143 sp=0x00000035b55f2310 mode 0
Event: 29.305 Thread 0x0000015cdaaf9240 Uncommon trap: trap_request=0xffffff45 fr.pc=0x0000015cac3fd110 relative=0x0000000000000110
Event: 29.305 Thread 0x0000015cdaaf9240 Uncommon trap: reason=unstable_if action=reinterpret pc=0x0000015cac3fd110 method=org.objectweb.asm.ByteVector.putInt(I)Lorg/objectweb/asm/ByteVector; @ 13 c2
Event: 29.305 Thread 0x0000015cdaaf9240 DEOPT PACKING pc=0x0000015cac3fd110 sp=0x00000035b55f43a0
Event: 29.305 Thread 0x0000015cdaaf9240 DEOPT UNPACKING pc=0x0000015cab5b69a3 sp=0x00000035b55f4328 mode 2

Classes loaded (20 events):
Event: 28.627 Loading class sun/security/util/KeyUtil
Event: 28.628 Loading class sun/security/util/KeyUtil done
Event: 28.628 Loading class sun/security/util/Length
Event: 28.628 Loading class sun/security/util/Length done
Event: 28.628 Loading class javax/crypto/SecretKey
Event: 28.628 Loading class javax/crypto/SecretKey done
Event: 28.629 Loading class java/util/Base64
Event: 28.629 Loading class java/util/Base64 done
Event: 28.629 Loading class java/util/Base64$Decoder
Event: 28.629 Loading class java/util/Base64$Decoder done
Event: 28.629 Loading class java/util/Base64$Encoder
Event: 28.629 Loading class java/util/Base64$Encoder done
Event: 28.630 Loading class java/util/jar/JarVerifier$VerifierStream
Event: 28.630 Loading class java/util/jar/JarVerifier$VerifierStream done
Event: 28.631 Loading class sun/security/util/ManifestEntryVerifier$SunProviderHolder
Event: 28.631 Loading class sun/security/util/ManifestEntryVerifier$SunProviderHolder done
Event: 29.185 Loading class java/security/KeyStore
Event: 29.185 Loading class java/security/KeyStore done
Event: 29.186 Loading class java/security/KeyStore$1
Event: 29.186 Loading class java/security/KeyStore$1 done

Classes unloaded (0 events):
No events

Classes redefined (0 events):
No events

Internal exceptions (20 events):
Event: 12.022 Thread 0x0000015cba94ea80 Exception <a 'java/lang/NoSuchMethodError'{0x00000000a6d96488}: static Lorg/jetbrains/kotlin/daemon/common/CompileService$CallResult$Good;.<clinit>()V> (0x00000000a6d96488) 
thrown [s\src\hotspot\share\prims\jni.cpp, line 1112]
Event: 12.022 Thread 0x0000015cba94ea80 Exception <a 'java/lang/NoSuchMethodError'{0x00000000a6da3640}: static Lorg/jetbrains/kotlin/daemon/common/DaemonJVMOptions;.<clinit>()V> (0x00000000a6da3640) 
thrown [s\src\hotspot\share\prims\jni.cpp, line 1112]
Event: 12.034 Thread 0x0000015cba94ea80 Exception <a 'java/lang/NoSuchMethodError'{0x00000000a6de2c58}: static Lorg/jetbrains/kotlin/daemon/common/CompileService$CallResult$Ok;.<clinit>()V> (0x00000000a6de2c58) 
thrown [s\src\hotspot\share\prims\jni.cpp, line 1112]
Event: 12.056 Thread 0x0000015cba94ea80 Exception <a 'java/lang/NoSuchMethodError'{0x00000000a6b27e18}: static [Ljava/lang/Integer;.<clinit>()V> (0x00000000a6b27e18) 
thrown [s\src\hotspot\share\prims\jni.cpp, line 1112]
Event: 23.429 Thread 0x0000015cba94ef90 Implicit null exception at 0x0000015cac35bf5d to 0x0000015cac35c0b0
Event: 24.210 Thread 0x0000015cba94e060 Exception <a 'sun/nio/fs/WindowsException'{0x00000000afc6c5c0}> (0x00000000afc6c5c0) 
thrown [s\src\hotspot\share\prims\jni.cpp, line 516]
Event: 24.211 Thread 0x0000015cba94e060 Exception <a 'sun/nio/fs/WindowsException'{0x00000000afc6eb20}> (0x00000000afc6eb20) 
thrown [s\src\hotspot\share\prims\jni.cpp, line 516]
Event: 24.211 Thread 0x0000015cba94e060 Exception <a 'sun/nio/fs/WindowsException'{0x00000000afc70d20}> (0x00000000afc70d20) 
thrown [s\src\hotspot\share\prims\jni.cpp, line 516]
Event: 24.212 Thread 0x0000015cba94e060 Exception <a 'sun/nio/fs/WindowsException'{0x00000000afc72c38}> (0x00000000afc72c38) 
thrown [s\src\hotspot\share\prims\jni.cpp, line 516]
Event: 24.218 Thread 0x0000015cba94e060 Exception <a 'sun/nio/fs/WindowsException'{0x00000000afc8eeb0}> (0x00000000afc8eeb0) 
thrown [s\src\hotspot\share\prims\jni.cpp, line 516]
Event: 24.219 Thread 0x0000015cba94e060 Exception <a 'sun/nio/fs/WindowsException'{0x00000000afc91068}> (0x00000000afc91068) 
thrown [s\src\hotspot\share\prims\jni.cpp, line 516]
Event: 24.220 Thread 0x0000015cba94e060 Exception <a 'sun/nio/fs/WindowsException'{0x00000000afc92f28}> (0x00000000afc92f28) 
thrown [s\src\hotspot\share\prims\jni.cpp, line 516]
Event: 25.213 Thread 0x0000015cdaaf9240 Implicit null exception at 0x0000015cacfd54db to 0x0000015cacfd556c
Event: 25.909 Thread 0x0000015cdaaf9240 Implicit null exception at 0x0000015cad02e951 to 0x0000015cad02f09c
Event: 27.156 Thread 0x0000015cdaaf9240 Exception <a 'java/lang/NoSuchMethodError'{0x00000000af326160}: 'java.lang.Object java.lang.invoke.Invokers$Holder.invokeExact_MT(java.lang.Object, java.lang.Object, java.lang.Object, int, java.lang.Object, java.lang.Object)'> (0x00000000af326160) 
thrown [s\src\hotspot\share\interpreter\linkResolver.cpp, line 759]
Event: 27.604 Thread 0x0000015cdaaf9240 Exception <a 'java/lang/NoSuchMethodError'{0x00000000ae00ccd0}: 'void java.lang.invoke.Invokers$Holder.invoke_MT(java.lang.Object, java.lang.Object, java.lang.Object, java.lang.Object)'> (0x00000000ae00ccd0) 
thrown [s\src\hotspot\share\interpreter\linkResolver.cpp, line 759]
Event: 27.619 Thread 0x0000015cdaaf9240 Exception <a 'java/lang/NoSuchMethodError'{0x00000000ae094bc8}: 'java.lang.Object java.lang.invoke.DirectMethodHandle$Holder.invokeStaticInit(java.lang.Object, java.lang.Object, java.lang.Object, java.lang.Object, java.lang.Object, java.lang.Object, java.lang.Object)'> (0x00000000ae094bc8) 
thrown [s\src\hotspot\share\interpreter\linkResolver.cpp, line 759]
Event: 27.678 Thread 0x0000015cdaaf9240 Exception <a 'java/lang/ClassNotFoundException'{0x00000000addf1990}: org/gradle/api/internal/plugins/DefaultObjectConfigurationActionBeanInfo> (0x00000000addf1990) 
thrown [s\src\hotspot\share\classfile\systemDictionary.cpp, line 256]
Event: 27.679 Thread 0x0000015cdaaf9240 Exception <a 'java/lang/ClassNotFoundException'{0x00000000adc0af18}: org/gradle/api/internal/plugins/DefaultObjectConfigurationActionCustomizer> (0x00000000adc0af18) 
thrown [s\src\hotspot\share\classfile\systemDictionary.cpp, line 256]
Event: 28.585 Thread 0x0000015cdaaf9240 Implicit null exception at 0x0000015cac09b28c to 0x0000015cac09b3aa

VM Operations (20 events):
Event: 27.472 Executing VM operation: ICBufferFull
Event: 27.472 Executing VM operation: ICBufferFull done
Event: 28.464 Executing VM operation: HandshakeAllThreads
Event: 28.464 Executing VM operation: HandshakeAllThreads done
Event: 28.472 Executing VM operation: ICBufferFull
Event: 28.473 Executing VM operation: ICBufferFull done
Event: 28.549 Executing VM operation: HandshakeAllThreads
Event: 28.549 Executing VM operation: HandshakeAllThreads done
Event: 28.549 Executing VM operation: HandshakeAllThreads
Event: 28.549 Executing VM operation: HandshakeAllThreads done
Event: 28.578 Executing VM operation: HandshakeAllThreads
Event: 28.578 Executing VM operation: HandshakeAllThreads done
Event: 28.596 Executing VM operation: HandshakeAllThreads
Event: 28.596 Executing VM operation: HandshakeAllThreads done
Event: 28.597 Executing VM operation: HandshakeAllThreads
Event: 28.597 Executing VM operation: HandshakeAllThreads done
Event: 28.735 Executing VM operation: G1CollectForAllocation
Event: 28.745 Executing VM operation: G1CollectForAllocation done
Event: 29.745 Executing VM operation: Cleanup
Event: 29.745 Executing VM operation: Cleanup done

Memory protections (0 events):
No events

Nmethod flushes (20 events):
Event: 28.589 Thread 0x0000015cba5ea6a0 flushing  nmethod 0x0000015cac905290
Event: 28.589 Thread 0x0000015cba5ea6a0 flushing  nmethod 0x0000015cac924e10
Event: 28.590 Thread 0x0000015cba5ea6a0 flushing  nmethod 0x0000015cac9e6910
Event: 28.590 Thread 0x0000015cba5ea6a0 flushing  nmethod 0x0000015caca22390
Event: 28.590 Thread 0x0000015cba5ea6a0 flushing  nmethod 0x0000015cacb48190
Event: 28.590 Thread 0x0000015cba5ea6a0 flushing  nmethod 0x0000015cacb4a710
Event: 28.591 Thread 0x0000015cba5ea6a0 flushing  nmethod 0x0000015cacc94790
Event: 28.591 Thread 0x0000015cba5ea6a0 flushing  nmethod 0x0000015cace07290
Event: 28.591 Thread 0x0000015cba5ea6a0 flushing  nmethod 0x0000015cace3b190
Event: 28.592 Thread 0x0000015cba5ea6a0 flushing  nmethod 0x0000015cacee9190
Event: 28.592 Thread 0x0000015cba5ea6a0 flushing  nmethod 0x0000015cacefee10
Event: 28.592 Thread 0x0000015cba5ea6a0 flushing  nmethod 0x0000015caceff190
Event: 28.592 Thread 0x0000015cba5ea6a0 flushing  nmethod 0x0000015cacfb7d90
Event: 28.592 Thread 0x0000015cba5ea6a0 flushing  nmethod 0x0000015cacfbe510
Event: 28.592 Thread 0x0000015cba5ea6a0 flushing  nmethod 0x0000015cad041710
Event: 28.592 Thread 0x0000015cba5ea6a0 flushing  nmethod 0x0000015cad04b110
Event: 28.592 Thread 0x0000015cba5ea6a0 flushing  nmethod 0x0000015cad09d410
Event: 28.592 Thread 0x0000015cba5ea6a0 flushing  nmethod 0x0000015cad1d9f10
Event: 28.592 Thread 0x0000015cba5ea6a0 flushing  nmethod 0x0000015cad1daa10
Event: 28.592 Thread 0x0000015cba5ea6a0 flushing  nmethod 0x0000015cad1dd910

Events (20 events):
Event: 23.632 Thread 0x0000015cba5de140 Thread added: 0x0000015cdf03fd30
Event: 23.675 Thread 0x0000015cdc36dab0 Thread exited: 0x0000015cdc36dab0
Event: 23.675 Thread 0x0000015cdcf755a0 Thread exited: 0x0000015cdcf755a0
Event: 24.248 Thread 0x0000015cdf03fd30 Thread added: 0x0000015cdc36dab0
Event: 24.248 Thread 0x0000015cdf03fd30 Thread added: 0x0000015cdcd6fa90
Event: 24.545 Thread 0x0000015cdaaf9240 Thread added: 0x0000015cba94ef90
Event: 24.631 Thread 0x0000015cdaaf9240 Thread added: 0x0000015cba953670
Event: 25.199 Thread 0x0000015cdaaf9240 Thread added: 0x0000015cba953b80
Event: 25.453 Thread 0x0000015cdcd6fa90 Thread exited: 0x0000015cdcd6fa90
Event: 26.475 Thread 0x0000015cdf03fd30 Thread exited: 0x0000015cdf03fd30
Event: 26.972 Thread 0x0000015cdc4fb890 Thread exited: 0x0000015cdc4fb890
Event: 27.414 Thread 0x0000015cdc36dab0 Thread exited: 0x0000015cdc36dab0
Event: 27.450 Thread 0x0000015cba5dafd0 Thread added: 0x0000015cdc36dab0
Event: 27.521 Thread 0x0000015cba5de140 Thread added: 0x0000015cdf69ded0
Event: 27.521 Thread 0x0000015cba5de140 Thread added: 0x0000015cdc93b740
Event: 27.833 Thread 0x0000015cdc93b740 Thread exited: 0x0000015cdc93b740
Event: 28.169 Thread 0x0000015cdf69ded0 Thread exited: 0x0000015cdf69ded0
Event: 28.381 Thread 0x0000015cba5de140 Thread added: 0x0000015cdfcaa570
Event: 28.381 Thread 0x0000015cba5de140 Thread added: 0x0000015ce045a030
Event: 28.672 Thread 0x0000015cdc36dab0 Thread added: 0x0000015cdddf8810


Dynamic libraries:
0x00007ff79d340000 - 0x00007ff79d34e000 	C:\Program Files\Eclipse Adoptium\jdk-17.0.15.6-hotspot\bin\java.exe
0x00007fffdba20000 - 0x00007fffdbc87000 	C:\WINDOWS\SYSTEM32\ntdll.dll
0x00007fffd9860000 - 0x00007fffd9929000 	C:\WINDOWS\System32\KERNEL32.DLL
0x00007fffd8cf0000 - 0x00007fffd90e7000 	C:\WINDOWS\System32\KERNELBASE.dll
0x00007fffd94e0000 - 0x00007fffd962b000 	C:\WINDOWS\System32\ucrtbase.dll
0x00007fff3a390000 - 0x00007fff3a3a7000 	C:\Program Files\Eclipse Adoptium\jdk-17.0.15.6-hotspot\bin\jli.dll
0x00007fff87370000 - 0x00007fff8738e000 	C:\Program Files\Eclipse Adoptium\jdk-17.0.15.6-hotspot\bin\VCRUNTIME140.dll
0x00007fffda230000 - 0x00007fffda3f6000 	C:\WINDOWS\System32\USER32.dll
0x00007fffc6e30000 - 0x00007fffc70c2000 	C:\WINDOWS\WinSxS\amd64_microsoft.windows.common-controls_6595b64144ccf1df_6.0.26100.8457_none_3e0b2faee331e92d\COMCTL32.dll
0x00007fffd8cc0000 - 0x00007fffd8ce7000 	C:\WINDOWS\System32\win32u.dll
0x00007fffdb670000 - 0x00007fffdb719000 	C:\WINDOWS\System32\msvcrt.dll
0x00007fffd97a0000 - 0x00007fffd97cb000 	C:\WINDOWS\System32\GDI32.dll
0x00007fffd93b0000 - 0x00007fffd94dc000 	C:\WINDOWS\System32\gdi32full.dll
0x00007fffd9630000 - 0x00007fffd96d3000 	C:\WINDOWS\System32\msvcp_win.dll
0x00007fffdb9a0000 - 0x00007fffdb9d2000 	C:\WINDOWS\System32\IMM32.DLL
0x00007fffb2830000 - 0x00007fffb283c000 	C:\Program Files\Eclipse Adoptium\jdk-17.0.15.6-hotspot\bin\vcruntime140_1.dll
0x00007ffef5080000 - 0x00007ffef510d000 	C:\Program Files\Eclipse Adoptium\jdk-17.0.15.6-hotspot\bin\msvcp140.dll
0x00007ffecd610000 - 0x00007ffece27b000 	C:\Program Files\Eclipse Adoptium\jdk-17.0.15.6-hotspot\bin\server\jvm.dll
0x00007fffda8f0000 - 0x00007fffda9a6000 	C:\WINDOWS\System32\ADVAPI32.dll
0x00007fffda720000 - 0x00007fffda7c7000 	C:\WINDOWS\System32\sechost.dll
0x00007fffda7d0000 - 0x00007fffda8e8000 	C:\WINDOWS\System32\RPCRT4.dll
0x00007fffd97d0000 - 0x00007fffd9850000 	C:\WINDOWS\System32\WS2_32.dll
0x00007fffd7e40000 - 0x00007fffd7e9e000 	C:\WINDOWS\SYSTEM32\POWRPROF.dll
0x00007fffce540000 - 0x00007fffce54b000 	C:\WINDOWS\SYSTEM32\VERSION.dll
0x00007fffca060000 - 0x00007fffca096000 	C:\WINDOWS\SYSTEM32\WINMM.dll
0x00007fffd7e20000 - 0x00007fffd7e34000 	C:\WINDOWS\SYSTEM32\UMPDC.dll
0x00007fffd71b0000 - 0x00007fffd71cb000 	C:\WINDOWS\SYSTEM32\kernel.appcore.dll
0x00007fff87360000 - 0x00007fff8736a000 	C:\Program Files\Eclipse Adoptium\jdk-17.0.15.6-hotspot\bin\jimage.dll
0x00007fffd63a0000 - 0x00007fffd65e2000 	C:\WINDOWS\SYSTEM32\DBGHELP.DLL
0x00007fffdaa40000 - 0x00007fffdadc3000 	C:\WINDOWS\System32\combase.dll
0x00007fffda4a0000 - 0x00007fffda579000 	C:\WINDOWS\System32\OLEAUT32.dll
0x00007fffc3380000 - 0x00007fffc33bb000 	C:\WINDOWS\SYSTEM32\dbgcore.DLL
0x00007fffd9180000 - 0x00007fffd9228000 	C:\WINDOWS\System32\bcryptPrimitives.dll
0x00007fffd0af0000 - 0x00007fffd0afe000 	C:\Program Files\Eclipse Adoptium\jdk-17.0.15.6-hotspot\bin\instrument.dll
0x00007ffef8560000 - 0x00007ffef8585000 	C:\Program Files\Eclipse Adoptium\jdk-17.0.15.6-hotspot\bin\java.dll
0x00007ffef4bd0000 - 0x00007ffef4ca7000 	C:\Program Files\Eclipse Adoptium\jdk-17.0.15.6-hotspot\bin\jsvml.dll
0x00007fffd9930000 - 0x00007fffda09e000 	C:\WINDOWS\System32\SHELL32.dll
0x00007fffd8450000 - 0x00007fffd8cbc000 	C:\WINDOWS\System32\windows.storage.dll
0x00007fffdadd0000 - 0x00007fffdaec6000 	C:\WINDOWS\System32\SHCORE.dll
0x00007fffda430000 - 0x00007fffda496000 	C:\WINDOWS\System32\shlwapi.dll
0x00007fffd8370000 - 0x00007fffd8399000 	C:\WINDOWS\SYSTEM32\profapi.dll
0x00007fff231a0000 - 0x00007fff231b8000 	C:\Program Files\Eclipse Adoptium\jdk-17.0.15.6-hotspot\bin\zip.dll
0x00007ffef8940000 - 0x00007ffef8959000 	C:\Program Files\Eclipse Adoptium\jdk-17.0.15.6-hotspot\bin\net.dll
0x00007fffcebe0000 - 0x00007fffced09000 	C:\WINDOWS\SYSTEM32\WINHTTP.dll
0x00007fffd7750000 - 0x00007fffd77bc000 	C:\WINDOWS\system32\mswsock.dll
0x00007ffef8630000 - 0x00007ffef8646000 	C:\Program Files\Eclipse Adoptium\jdk-17.0.15.6-hotspot\bin\nio.dll
0x00007fff78410000 - 0x00007fff78420000 	C:\Program Files\Eclipse Adoptium\jdk-17.0.15.6-hotspot\bin\verify.dll
0x00007fffa0430000 - 0x00007fffa0457000 	C:\Users\Acer\.gradle\native\1def1411415f61bf3af743bc5b6707747c0891f09f0c88961ee8f79bc544acac\windows-amd64\native-platform.dll
0x0000000054da0000 - 0x0000000054e13000 	C:\Users\Acer\.gradle\native\0.2.5\x86_64-windows-gnu\gradle-fileevents.dll
0x00007fff707c0000 - 0x00007fff707ca000 	C:\Program Files\Eclipse Adoptium\jdk-17.0.15.6-hotspot\bin\management.dll
0x00007fff63e90000 - 0x00007fff63e9b000 	C:\Program Files\Eclipse Adoptium\jdk-17.0.15.6-hotspot\bin\management_ext.dll
0x00007fffdaa30000 - 0x00007fffdaa38000 	C:\WINDOWS\System32\PSAPI.DLL
0x00007fffd7a30000 - 0x00007fffd7a4b000 	C:\WINDOWS\SYSTEM32\CRYPTSP.dll
0x00007fffd7110000 - 0x00007fffd7149000 	C:\WINDOWS\system32\rsaenh.dll
0x00007fffd7800000 - 0x00007fffd7833000 	C:\WINDOWS\SYSTEM32\USERENV.dll
0x00007fffd8340000 - 0x00007fffd836a000 	C:\WINDOWS\SYSTEM32\bcrypt.dll
0x00007fffd7a50000 - 0x00007fffd7a5c000 	C:\WINDOWS\SYSTEM32\CRYPTBASE.dll
0x00007fffd6b90000 - 0x00007fffd6bc2000 	C:\WINDOWS\SYSTEM32\IPHLPAPI.DLL
0x00007fffdb170000 - 0x00007fffdb17a000 	C:\WINDOWS\System32\NSI.dll
0x00007fffcebb0000 - 0x00007fffcebcd000 	C:\WINDOWS\SYSTEM32\dhcpcsvc6.DLL
0x00007fffceb80000 - 0x00007fffceba5000 	C:\WINDOWS\SYSTEM32\dhcpcsvc.DLL
0x00007fffd6c20000 - 0x00007fffd6d52000 	C:\WINDOWS\SYSTEM32\DNSAPI.dll
0x00007fff63820000 - 0x00007fff63829000 	C:\Program Files\Eclipse Adoptium\jdk-17.0.15.6-hotspot\bin\extnet.dll
0x00007fffce560000 - 0x00007fffce56e000 	C:\Program Files\Eclipse Adoptium\jdk-17.0.15.6-hotspot\bin\sunmscapi.dll
0x00007fffd9230000 - 0x00007fffd93a8000 	C:\WINDOWS\System32\CRYPT32.dll
0x00007fffd7cc0000 - 0x00007fffd7cf0000 	C:\WINDOWS\SYSTEM32\ncrypt.dll
0x00007fffd7c70000 - 0x00007fffd7caf000 	C:\WINDOWS\SYSTEM32\NTASN1.dll
0x00007fffa16c0000 - 0x00007fffa16c8000 	C:\WINDOWS\system32\wshunix.dll
0x0000000054d20000 - 0x0000000054d93000 	C:\Users\Acer\AppData\Local\Temp\native-platform9201505818059238908dir\gradle-fileevents.dll
0x00007fffbdaf0000 - 0x00007fffbdb08000 	C:\WINDOWS\system32\napinsp.dll
0x00007fffb8810000 - 0x00007fffb8823000 	C:\WINDOWS\System32\winrnr.dll
0x00007fffb87e0000 - 0x00007fffb8802000 	C:\WINDOWS\system32\nlansp_c.dll
0x00007fffb87c0000 - 0x00007fffb87d6000 	C:\WINDOWS\system32\wshbth.dll
0x00007fffcdc00000 - 0x00007fffcdc0b000 	C:\Windows\System32\rasadhlp.dll
0x00007fffce100000 - 0x00007fffce186000 	C:\WINDOWS\System32\fwpuclnt.dll
0x00007ffef8530000 - 0x00007ffef8537000 	C:\Program Files\Eclipse Adoptium\jdk-17.0.15.6-hotspot\bin\rmi.dll

dbghelp: loaded successfully - version: 4.0.5 - missing functions: none
symbol engine: initialized successfully - sym options: 0x614 - pdb path: .;C:\Program Files\Eclipse Adoptium\jdk-17.0.15.6-hotspot\bin;C:\WINDOWS\SYSTEM32;C:\WINDOWS\WinSxS\amd64_microsoft.windows.common-controls_6595b64144ccf1df_6.0.26100.8457_none_3e0b2faee331e92d;C:\Program Files\Eclipse Adoptium\jdk-17.0.15.6-hotspot\bin\server;C:\Users\Acer\.gradle\native\1def1411415f61bf3af743bc5b6707747c0891f09f0c88961ee8f79bc544acac\windows-amd64;C:\Users\Acer\.gradle\native\0.2.5\x86_64-windows-gnu;C:\Users\Acer\AppData\Local\Temp\native-platform9201505818059238908dir

VM Arguments:
jvm_args: --add-opens=java.base/java.lang=ALL-UNNAMED --add-opens=java.base/java.lang.invoke=ALL-UNNAMED --add-opens=java.base/java.util=ALL-UNNAMED --add-opens=java.prefs/java.util.prefs=ALL-UNNAMED --add-exports=jdk.compiler/com.sun.tools.javac.api=ALL-UNNAMED --add-exports=jdk.compiler/com.sun.tools.javac.util=ALL-UNNAMED --add-opens=java.base/java.util=ALL-UNNAMED --add-opens=java.prefs/java.util.prefs=ALL-UNNAMED --add-opens=java.base/java.nio.charset=ALL-UNNAMED --add-opens=java.base/java.net=ALL-UNNAMED --add-opens=java.base/java.util.concurrent.atomic=ALL-UNNAMED --add-opens=java.xml/javax.xml.namespace=ALL-UNNAMED -XX:MaxMetaspaceSize=512m -XX:ReservedCodeCacheSize=128m -XX:+HeapDumpOnOutOfMemoryError -Xms256m -Xmx1536m -Dfile.encoding=UTF-8 -Duser.country=US -Duser.language=en -Duser.variant -javaagent:C:\Users\Acer\.gradle\wrapper\dists\gradle-8.12-all\ejduaidbjup3bmmkhw3rie4zb\gradle-8.12\lib\agents\gradle-instrumentation-agent-8.12.jar 
java_command: org.gradle.launcher.daemon.bootstrap.GradleDaemon 8.12
java_class_path (initial): C:\Users\Acer\.gradle\wrapper\dists\gradle-8.12-all\ejduaidbjup3bmmkhw3rie4zb\gradle-8.12\lib\gradle-daemon-main-8.12.jar
Launcher Type: SUN_STANDARD

[Global flags]
     intx CICompilerCount                          = 12                                        {product} {ergonomic}
   size_t CompressedClassSpaceSize                 = 436207616                                 {product} {ergonomic}
     uint ConcGCThreads                            = 3                                         {product} {ergonomic}
     uint G1ConcRefinementThreads                  = 13                                        {product} {ergonomic}
   size_t G1HeapRegionSize                         = 1048576                                   {product} {ergonomic}
    uintx GCDrainStackTargetSize                   = 64                                        {product} {ergonomic}
     bool HeapDumpOnOutOfMemoryError               = true                                   {manageable} {command line}
   size_t InitialHeapSize                          = 268435456                                 {product} {command line}
   size_t MarkStackSize                            = 4194304                                   {product} {ergonomic}
   size_t MaxHeapSize                              = 1610612736                                {product} {command line}
   size_t MaxMetaspaceSize                         = 536870912                                 {product} {command line}
   size_t MaxNewSize                               = 965738496                                 {product} {ergonomic}
   size_t MinHeapDeltaBytes                        = 1048576                                   {product} {ergonomic}
   size_t MinHeapSize                              = 268435456                                 {product} {command line}
    uintx NonProfiledCodeHeapSize                  = 0                                      {pd product} {ergonomic}
    uintx ProfiledCodeHeapSize                     = 0                                      {pd product} {ergonomic}
    uintx ReservedCodeCacheSize                    = 134217728                              {pd product} {command line}
   size_t SoftMaxHeapSize                          = 1610612736                             {manageable} {ergonomic}
     bool UseCompressedClassPointers               = true                           {product lp64_product} {ergonomic}
     bool UseCompressedOops                        = true                           {product lp64_product} {ergonomic}
     bool UseG1GC                                  = true                                      {product} {ergonomic}
     bool UseLargePagesIndividualAllocation        = false                                  {pd product} {ergonomic}

Logging:
Log output configuration:
 #0: stdout all=warning uptime,level,tags
 #1: stderr all=off uptime,level,tags

Environment Variables:
JAVA_HOME=C:\Program Files\Eclipse Adoptium\jdk-17.0.15.6-hotspot
CLASSPATH=D:\Kuliah\Ta\New folder\Mobile\android\\gradle\wrapper\gradle-wrapper.jar
PATH=C:\Program Files\Eclipse Adoptium\jdk-17.0.15.6-hotspot\bin;D:\src\flutter\bin\;C:\Program Files\Eclipse Adoptium\jdk-17.0.15.6-hotspot\bin;C:\Program Files\Eclipse Adoptium\jdk-21.0.5.11-hotspot\bin;C:\Program Files\Common Files\Oracle\Java\javapath;C:\WINDOWS\system32;C:\WINDOWS;C:\WINDOWS\System32\Wbem;C:\WINDOWS\System32\WindowsPowerShell\v1.0\;C:\WINDOWS\System32\OpenSSH\;C:\xampp\php;C:\ProgramData\ComposerSetup\bin;C:\xampp\php\php.exe;C:\Program Files\Git\cmd;C:\android\sdk\cmdline-tools\latest\cmdline-tools\bin;C:\android\sdk\cmdline-tools\latest\cmdline-tools;D:\src\flutter\bin;C:\Program Files\NVIDIA Corporation\NVIDIA app\NvDLISR;C:\Program Files (x86)\NVIDIA Corporation\PhysX\Common;C:\Program Files\Go\bin;C:\Program Files\nodejs\;C:\Program Files\Erlang OTP\bin;C:\Program Files\RabbitMQ Server\rabbitmq_server-4.0.7\sbin;C:\Program Files\PuTTY\;C:\Program Files\Docker\Docker\resources\bin;C:\Users\Acer\AppData\Roaming\Composer\vendor\bin;C:\Users\Acer\.config\herd-lite\bin;C:\Users\Acer\AppData\Local\Programs\Python\Python311\Scripts\;C:\Users\Acer\AppData\Local\Programs\Python\Python311\;C:\Users\Acer\AppData\Local\Microsoft\WindowsApps;C:\Users\Acer\AppData\Roaming\Composer\vendor\bin;C:\Users\Acer\AppData\Local\Programs\Microsoft VS Code\bin;C:\xampp\php;C:\xampp\php\php.exe;C:\Program Files\Java\jdk-21\bin;D:\src\flutter\bin;C:\Users\Acer\go\bin;C:\Users\Acer\AppData\Roaming\npm;C:\Users\Acer\AppData\Local\Programs\Antigravity\bin;D:\Kiro\bin;C:\Users\Acer\AppData\Local\Microsoft\WinGet\Links;c:\Users\Acer\.antigravity\extensions\vscjava.vscode-java-debug-0.59.0-universal\bundled\scripts\noConfigScripts;c:\Users\Acer\.antigravity\extensions\ms-python.debugpy-2026.6.0-win32-x64\bundled\scripts\noConfigScripts;D:\src\flutter\bin\mingit\cmd
USERNAME=Acer
LANG=en_US.UTF-8
OS=Windows_NT
PROCESSOR_IDENTIFIER=Intel64 Family 6 Model 154 Stepping 3, GenuineIntel
TMP=C:\Users\Acer\AppData\Local\Temp
TEMP=C:\Users\Acer\AppData\Local\Temp



Periodic native trim disabled


---------------  S Y S T E M  ---------------

OS:
 Windows 11 , 64 bit Build 26100 (10.0.26100.8328)
OS uptime: 0 days 17:54 hours
Hyper-V role detected

CPU: total 16 (initial active 16) (8 cores per cpu, 2 threads per core) family 6 model 154 stepping 3 microcode 0x423, cx8, cmov, fxsr, ht, mmx, 3dnowpref, sse, sse2, sse3, ssse3, sse4.1, sse4.2, popcnt, lzcnt, tsc, tscinvbit, avx, avx2, aes, erms, clmul, bmi1, bmi2, adx, sha, fma, vzeroupper, clflush, clflushopt, clwb, hv
Processor Information for processor 0
  Max Mhz: 3100, Current Mhz: 3100, Mhz Limit: 3100
Processor Information for processor 1
  Max Mhz: 3100, Current Mhz: 3100, Mhz Limit: 3100
Processor Information for processor 2
  Max Mhz: 3100, Current Mhz: 3100, Mhz Limit: 3100
Processor Information for processor 3
  Max Mhz: 3100, Current Mhz: 3100, Mhz Limit: 3100
Processor Information for processor 4
  Max Mhz: 3100, Current Mhz: 3100, Mhz Limit: 3100
Processor Information for processor 5
  Max Mhz: 3100, Current Mhz: 3100, Mhz Limit: 3100
Processor Information for processor 6
  Max Mhz: 3100, Current Mhz: 3100, Mhz Limit: 3100
Processor Information for processor 7
  Max Mhz: 3100, Current Mhz: 3100, Mhz Limit: 3100
Processor Information for processor 8
  Max Mhz: 3100, Current Mhz: 2232, Mhz Limit: 2232
Processor Information for processor 9
  Max Mhz: 3100, Current Mhz: 2232, Mhz Limit: 2232
Processor Information for processor 10
  Max Mhz: 3100, Current Mhz: 2232, Mhz Limit: 2232
Processor Information for processor 11
  Max Mhz: 3100, Current Mhz: 2232, Mhz Limit: 2232
Processor Information for processor 12
  Max Mhz: 3100, Current Mhz: 2232, Mhz Limit: 2232
Processor Information for processor 13
  Max Mhz: 3100, Current Mhz: 1488, Mhz Limit: 2232
Processor Information for processor 14
  Max Mhz: 3100, Current Mhz: 2232, Mhz Limit: 2232
Processor Information for processor 15
  Max Mhz: 3100, Current Mhz: 2232, Mhz Limit: 2232

Memory: 4k page, system-wide physical 7896M (1057M free)
TotalPageFile size 32472M (AvailPageFile size 42M)
current process WorkingSet (physical memory assigned to process): 431M, peak: 437M
current process commit charge ("private bytes"): 557M, peak: 559M

vm_info: OpenJDK 64-Bit Server VM (17.0.15+6) for windows-amd64 JRE (17.0.15+6), built on Apr 15 2025 21:25:47 by "admin" with MS VC++ 17.7 (VS2022)

END.
